Flow report for ECHO_FPGA12
Tue Jun 19 16:31:25 2018
Quartus Prime Version 16.1.0 Build 196 10/24/2016 SJ Lite Edition


---------------------
; Table of Contents ;
---------------------
  1. Legal Notice
  2. Flow Summary
  3. Flow Settings
  4. Flow Non-Default Global Settings
  5. Flow Elapsed Time
  6. Flow OS Summary
  7. Flow Log
  8. Flow Messages
  9. Flow Suppressed Messages



----------------
; Legal Notice ;
----------------
Copyright (C) 2016  Intel Corporation. All rights reserved.
Your use of Intel Corporation's design tools, logic functions 
and other software and tools, and its AMPP partner logic 
functions, and any output files from any of the foregoing 
(including device programming or simulation files), and any 
associated documentation or information are expressly subject 
to the terms and conditions of the Intel Program License 
Subscription Agreement, the Intel Quartus Prime License Agreement,
the Intel MegaCore Function License Agreement, or other 
applicable license agreement, including, without limitation, 
that your use is for the sole purpose of programming logic 
devices manufactured by Intel and sold by Intel or its 
authorized distributors.  Please refer to the applicable 
agreement for further details.



+----------------------------------------------------------------------------------+
; Flow Summary                                                                     ;
+------------------------------------+---------------------------------------------+
; Flow Status                        ; Successful - Tue Jun 19 16:31:25 2018       ;
; Quartus Prime Version              ; 16.1.0 Build 196 10/24/2016 SJ Lite Edition ;
; Revision Name                      ; ECHO_FPGA12                                 ;
; Top-level Entity Name              ; echo_fpga12_qsys                            ;
; Family                             ; Cyclone IV E                                ;
; Device                             ; EP4CE22F17C6                                ;
; Timing Models                      ; Final                                       ;
; Total logic elements               ; 13,204 / 22,320 ( 59 % )                    ;
;     Total combinational functions  ; 10,755 / 22,320 ( 48 % )                    ;
;     Dedicated logic registers      ; 8,870 / 22,320 ( 40 % )                     ;
; Total registers                    ; 8870                                        ;
; Total pins                         ; 2 / 154 ( 1 % )                             ;
; Total virtual pins                 ; 0                                           ;
; Total memory bits                  ; 277,440 / 608,256 ( 46 % )                  ;
; Embedded Multiplier 9-bit elements ; 0 / 132 ( 0 % )                             ;
; Total PLLs                         ; 0 / 4 ( 0 % )                               ;
+------------------------------------+---------------------------------------------+


+-----------------------------------------+
; Flow Settings                           ;
+-------------------+---------------------+
; Option            ; Setting             ;
+-------------------+---------------------+
; Start date & time ; 06/19/2018 16:28:54 ;
; Main task         ; Compilation         ;
; Revision Name     ; ECHO_FPGA12         ;
+-------------------+---------------------+


+----------------------------------------------------------------------------------------------------------------------------------+
; Flow Non-Default Global Settings                                                                                                 ;
+-------------------------------------+----------------------------------------+---------------+------------------+----------------+
; Assignment Name                     ; Value                                  ; Default Value ; Entity Name      ; Section Id     ;
+-------------------------------------+----------------------------------------+---------------+------------------+----------------+
; COMPILER_SIGNATURE_ID               ; 61986969763407.152940593430709         ; --            ; --               ; --             ;
; EDA_OUTPUT_DATA_FORMAT              ; Verilog Hdl                            ; --            ; --               ; eda_simulation ;
; EDA_SIMULATION_TOOL                 ; ModelSim-Altera (Verilog)              ; <None>        ; --               ; --             ;
; EDA_TIME_SCALE                      ; 1 ps                                   ; --            ; --               ; eda_simulation ;
; MAX_CORE_JUNCTION_TEMP              ; 85                                     ; --            ; --               ; --             ;
; MIN_CORE_JUNCTION_TEMP              ; 0                                      ; --            ; --               ; --             ;
; NOMINAL_CORE_SUPPLY_VOLTAGE         ; 1.2V                                   ; --            ; --               ; --             ;
; PARTITION_COLOR                     ; -- (Not supported for targeted family) ; --            ; echo_fpga12_qsys ; Top            ;
; PARTITION_FITTER_PRESERVATION_LEVEL ; -- (Not supported for targeted family) ; --            ; echo_fpga12_qsys ; Top            ;
; PARTITION_NETLIST_TYPE              ; -- (Not supported for targeted family) ; --            ; echo_fpga12_qsys ; Top            ;
; POWER_BOARD_THERMAL_MODEL           ; None (CONSERVATIVE)                    ; --            ; --               ; --             ;
; POWER_PRESET_COOLING_SOLUTION       ; 23 MM HEAT SINK WITH 200 LFPM AIRFLOW  ; --            ; --               ; --             ;
; PROJECT_OUTPUT_DIRECTORY            ; output_files                           ; --            ; --               ; --             ;
; TOP_LEVEL_ENTITY                    ; echo_fpga12_qsys                       ; ECHO_FPGA12   ; --               ; --             ;
+-------------------------------------+----------------------------------------+---------------+------------------+----------------+


+-------------------------------------------------------------------------------------------------------------------------------+
; Flow Elapsed Time                                                                                                             ;
+---------------------------+--------------+-------------------------+---------------------+------------------------------------+
; Module Name               ; Elapsed Time ; Average Processors Used ; Peak Virtual Memory ; Total CPU Time (on all processors) ;
+---------------------------+--------------+-------------------------+---------------------+------------------------------------+
; Analysis & Synthesis      ; 00:01:08     ; 1.0                     ; 1228 MB             ; 00:01:41                           ;
; Fitter                    ; 00:00:43     ; 1.1                     ; 1410 MB             ; 00:01:07                           ;
; Assembler                 ; 00:00:06     ; 1.0                     ; 862 MB              ; 00:00:03                           ;
; TimeQuest Timing Analyzer ; 00:00:06     ; 1.3                     ; 1017 MB             ; 00:00:07                           ;
; EDA Netlist Writer        ; 00:00:18     ; 1.0                     ; 1176 MB             ; 00:00:17                           ;
; Total                     ; 00:02:21     ; --                      ; --                  ; 00:03:15                           ;
+---------------------------+--------------+-------------------------+---------------------+------------------------------------+


+---------------------------------------------------------------------------------------------+
; Flow OS Summary                                                                             ;
+---------------------------+------------------+----------------+------------+----------------+
; Module Name               ; Machine Hostname ; OS Name        ; OS Version ; Processor type ;
+---------------------------+------------------+----------------+------------+----------------+
; Analysis & Synthesis      ; hpc22            ; Ubuntu 14.04.5 ; 14         ; x86_64         ;
; Fitter                    ; hpc22            ; Ubuntu 14.04.5 ; 14         ; x86_64         ;
; Assembler                 ; hpc22            ; Ubuntu 14.04.5 ; 14         ; x86_64         ;
; TimeQuest Timing Analyzer ; hpc22            ; Ubuntu 14.04.5 ; 14         ; x86_64         ;
; EDA Netlist Writer        ; hpc22            ; Ubuntu 14.04.5 ; 14         ; x86_64         ;
+---------------------------+------------------+----------------+------------+----------------+


------------
; Flow Log ;
------------
quartus_map --read_settings_files=on --write_settings_files=off ECHO_FPGA12.qsf -c ECHO_FPGA12.qsf
quartus_fit --read_settings_files=off --write_settings_files=off ECHO_FPGA12.qsf -c ECHO_FPGA12.qsf
quartus_asm --read_settings_files=off --write_settings_files=off ECHO_FPGA12.qsf -c ECHO_FPGA12.qsf
quartus_sta ECHO_FPGA12.qsf -c ECHO_FPGA12.qsf
quartus_eda --read_settings_files=off --write_settings_files=off ECHO_FPGA12.qsf -c ECHO_FPGA12.qsf



