Archive member included to satisfy reference by file (symbol)

/home/mohil/altera_lite/16.0/nios2eds/bin/gnu/H-x86_64-pc-linux-gnu/bin/../lib/gcc/nios2-elf/5.2.0/../../../../../H-x86_64-pc-linux-gnu/nios2-elf/lib/mno-hw-mul/libsmallc.a(lib_a-printf.o)
                              obj/default/hello_world_small.o (printf)
/home/mohil/altera_lite/16.0/nios2eds/bin/gnu/H-x86_64-pc-linux-gnu/bin/../lib/gcc/nios2-elf/5.2.0/../../../../../H-x86_64-pc-linux-gnu/nios2-elf/lib/mno-hw-mul/libsmallc.a(lib_a-vfprintf.o)
                              /home/mohil/altera_lite/16.0/nios2eds/bin/gnu/H-x86_64-pc-linux-gnu/bin/../lib/gcc/nios2-elf/5.2.0/../../../../../H-x86_64-pc-linux-gnu/nios2-elf/lib/mno-hw-mul/libsmallc.a(lib_a-printf.o) (___vfprintf_internal_r)
/home/mohil/altera_lite/16.0/nios2eds/bin/gnu/H-x86_64-pc-linux-gnu/bin/../lib/gcc/nios2-elf/5.2.0/../../../../../H-x86_64-pc-linux-gnu/nios2-elf/lib/mno-hw-mul/libsmallc.a(lib_a-fvwrite_small_dev.o)
                              /home/mohil/altera_lite/16.0/nios2eds/bin/gnu/H-x86_64-pc-linux-gnu/bin/../lib/gcc/nios2-elf/5.2.0/../../../../../H-x86_64-pc-linux-gnu/nios2-elf/lib/mno-hw-mul/libsmallc.a(lib_a-printf.o) (__sfvwrite_small_dev)
/home/mohil/altera_lite/16.0/nios2eds/bin/gnu/H-x86_64-pc-linux-gnu/bin/../lib/gcc/nios2-elf/5.2.0/../../../../../H-x86_64-pc-linux-gnu/nios2-elf/lib/mno-hw-mul/libsmallc.a(lib_a-impure.o)
                              /home/mohil/altera_lite/16.0/nios2eds/bin/gnu/H-x86_64-pc-linux-gnu/bin/../lib/gcc/nios2-elf/5.2.0/../../../../../H-x86_64-pc-linux-gnu/nios2-elf/lib/mno-hw-mul/libsmallc.a(lib_a-printf.o) (_impure_ptr)
/home/mohil/altera_lite/16.0/nios2eds/bin/gnu/H-x86_64-pc-linux-gnu/bin/../lib/gcc/nios2-elf/5.2.0/../../../../../H-x86_64-pc-linux-gnu/nios2-elf/lib/mno-hw-mul/libsmallc.a(lib_a-strlen.o)
                              /home/mohil/altera_lite/16.0/nios2eds/bin/gnu/H-x86_64-pc-linux-gnu/bin/../lib/gcc/nios2-elf/5.2.0/../../../../../H-x86_64-pc-linux-gnu/nios2-elf/lib/mno-hw-mul/libsmallc.a(lib_a-vfprintf.o) (strlen)
/home/mohil/altera_lite/16.0/nios2eds/bin/gnu/H-x86_64-pc-linux-gnu/bin/../lib/gcc/nios2-elf/5.2.0/../../../../../H-x86_64-pc-linux-gnu/nios2-elf/lib/mno-hw-mul/libsmallc.a(lib_a-writer.o)
                              /home/mohil/altera_lite/16.0/nios2eds/bin/gnu/H-x86_64-pc-linux-gnu/bin/../lib/gcc/nios2-elf/5.2.0/../../../../../H-x86_64-pc-linux-gnu/nios2-elf/lib/mno-hw-mul/libsmallc.a(lib_a-fvwrite_small_dev.o) (_write_r)
/home/mohil/altera_lite/16.0/nios2eds/bin/gnu/H-x86_64-pc-linux-gnu/bin/../lib/gcc/nios2-elf/5.2.0/../../../../../H-x86_64-pc-linux-gnu/nios2-elf/lib/mno-hw-mul/libsmallc.a(lib_a-int_errno.o)
                              /home/mohil/altera_lite/16.0/nios2eds/bin/gnu/H-x86_64-pc-linux-gnu/bin/../lib/gcc/nios2-elf/5.2.0/../../../../../H-x86_64-pc-linux-gnu/nios2-elf/lib/mno-hw-mul/libsmallc.a(lib_a-writer.o) (errno)
/home/mohil/altera_lite/16.0/nios2eds/bin/gnu/H-x86_64-pc-linux-gnu/bin/../lib/gcc/nios2-elf/5.2.0/mno-hw-mul/libgcc.a(lib2-divmod.o)
                              /home/mohil/altera_lite/16.0/nios2eds/bin/gnu/H-x86_64-pc-linux-gnu/bin/../lib/gcc/nios2-elf/5.2.0/../../../../../H-x86_64-pc-linux-gnu/nios2-elf/lib/mno-hw-mul/libsmallc.a(lib_a-vfprintf.o) (__udivsi3)
/home/mohil/altera_lite/16.0/nios2eds/bin/gnu/H-x86_64-pc-linux-gnu/bin/../lib/gcc/nios2-elf/5.2.0/mno-hw-mul/libgcc.a(lib2-mul.o)
                              /home/mohil/altera_lite/16.0/nios2eds/bin/gnu/H-x86_64-pc-linux-gnu/bin/../lib/gcc/nios2-elf/5.2.0/../../../../../H-x86_64-pc-linux-gnu/nios2-elf/lib/mno-hw-mul/libsmallc.a(lib_a-vfprintf.o) (__mulsi3)
../mysoft1_bsp//libhal_bsp.a(alt_iic.o)
                              obj/default/hello_world_small.o (alt_ic_isr_register)
../mysoft1_bsp//libhal_bsp.a(alt_iic_isr_register.o)
                              ../mysoft1_bsp//libhal_bsp.a(alt_iic.o) (alt_iic_isr_register)
../mysoft1_bsp//libhal_bsp.a(alt_irq_entry.o)
                              ../mysoft1_bsp//libhal_bsp.a(alt_iic_isr_register.o) (alt_irq_entry)
../mysoft1_bsp//libhal_bsp.a(alt_irq_handler.o)
                              ../mysoft1_bsp//libhal_bsp.a(alt_iic_isr_register.o) (alt_irq_handler)
../mysoft1_bsp//libhal_bsp.a(alt_irq_vars.o)
                              ../mysoft1_bsp//libhal_bsp.a(alt_iic.o) (alt_irq_active)
../mysoft1_bsp//libhal_bsp.a(alt_load.o)
                              ../mysoft1_bsp//obj/HAL/src/crt0.o (alt_load)
../mysoft1_bsp//libhal_bsp.a(alt_main.o)
                              ../mysoft1_bsp//obj/HAL/src/crt0.o (alt_main)
../mysoft1_bsp//libhal_bsp.a(alt_putstr.o)
                              obj/default/hello_world_small.o (alt_putstr)
../mysoft1_bsp//libhal_bsp.a(alt_usleep.o)
                              obj/default/hello_world_small.o (usleep)
../mysoft1_bsp//libhal_bsp.a(alt_write.o)
                              /home/mohil/altera_lite/16.0/nios2eds/bin/gnu/H-x86_64-pc-linux-gnu/bin/../lib/gcc/nios2-elf/5.2.0/../../../../../H-x86_64-pc-linux-gnu/nios2-elf/lib/mno-hw-mul/libsmallc.a(lib_a-writer.o) (write)
../mysoft1_bsp//libhal_bsp.a(alt_sys_init.o)
                              ../mysoft1_bsp//libhal_bsp.a(alt_main.o) (alt_irq_init)
../mysoft1_bsp//libhal_bsp.a(altera_avalon_jtag_uart_write.o)
                              ../mysoft1_bsp//libhal_bsp.a(alt_putstr.o) (altera_avalon_jtag_uart_write)
../mysoft1_bsp//libhal_bsp.a(alt_busy_sleep.o)
                              ../mysoft1_bsp//libhal_bsp.a(alt_usleep.o) (alt_busy_sleep)
../mysoft1_bsp//libhal_bsp.a(alt_dcache_flush_all.o)
                              ../mysoft1_bsp//libhal_bsp.a(alt_load.o) (alt_dcache_flush_all)
../mysoft1_bsp//libhal_bsp.a(alt_errno.o)
                              ../mysoft1_bsp//libhal_bsp.a(alt_write.o) (alt_errno)
../mysoft1_bsp//libhal_bsp.a(alt_exception_entry.o)
                              ../mysoft1_bsp//libhal_bsp.a(alt_irq_entry.o) (alt_exception)
../mysoft1_bsp//libhal_bsp.a(alt_icache_flush_all.o)
                              ../mysoft1_bsp//libhal_bsp.a(alt_load.o) (alt_icache_flush_all)
../mysoft1_bsp//libhal_bsp.a(alt_instruction_exception_entry.o)
                              ../mysoft1_bsp//libhal_bsp.a(alt_exception_entry.o) (alt_instruction_exception_entry)
../mysoft1_bsp//libhal_bsp.a(altera_nios2_gen2_irq.o)
                              ../mysoft1_bsp//libhal_bsp.a(alt_sys_init.o) (altera_nios2_gen2_irq_init)

Allocating common symbols
Common symbol       size              file

alt_irq             0x100             ../mysoft1_bsp//libhal_bsp.a(alt_irq_handler.o)
errno               0x4               /home/mohil/altera_lite/16.0/nios2eds/bin/gnu/H-x86_64-pc-linux-gnu/bin/../lib/gcc/nios2-elf/5.2.0/../../../../../H-x86_64-pc-linux-gnu/nios2-elf/lib/mno-hw-mul/libsmallc.a(lib_a-int_errno.o)
ISR_reg             0x4               obj/default/hello_world_small.o
dataToRecv_isr      0x4               obj/default/hello_world_small.o
dataToRecv          0x4               obj/default/hello_world_small.o
context_pointer     0x4               obj/default/hello_world_small.o

Memory Configuration

Name             Origin             Length             Attributes
reset            0x0000000000008000 0x0000000000000020
onchip_memory2_0 0x0000000000008020 0x0000000000007fe0
*default*        0x0000000000000000 0xffffffffffffffff

Linker script and memory map

LOAD ../mysoft1_bsp//obj/HAL/src/crt0.o
LOAD obj/default/hello_world_small.o
LOAD /home/mohil/altera_lite/16.0/nios2eds/bin/gnu/H-x86_64-pc-linux-gnu/bin/../lib/gcc/nios2-elf/5.2.0/../../../../../H-x86_64-pc-linux-gnu/nios2-elf/lib/mno-hw-mul/libstdc++.a
LOAD /home/mohil/altera_lite/16.0/nios2eds/bin/gnu/H-x86_64-pc-linux-gnu/bin/../lib/gcc/nios2-elf/5.2.0/../../../../../H-x86_64-pc-linux-gnu/nios2-elf/lib/mno-hw-mul/libm.a
LOAD /home/mohil/altera_lite/16.0/nios2eds/bin/gnu/H-x86_64-pc-linux-gnu/bin/../lib/gcc/nios2-elf/5.2.0/mno-hw-mul/libgcc.a
START GROUP
LOAD /home/mohil/altera_lite/16.0/nios2eds/bin/gnu/H-x86_64-pc-linux-gnu/bin/../lib/gcc/nios2-elf/5.2.0/../../../../../H-x86_64-pc-linux-gnu/nios2-elf/lib/mno-hw-mul/libsmallc.a
LOAD /home/mohil/altera_lite/16.0/nios2eds/bin/gnu/H-x86_64-pc-linux-gnu/bin/../lib/gcc/nios2-elf/5.2.0/mno-hw-mul/libgcc.a
LOAD ../mysoft1_bsp//libhal_bsp.a
LOAD /home/mohil/altera_lite/16.0/nios2eds/bin/gnu/H-x86_64-pc-linux-gnu/bin/../lib/gcc/nios2-elf/5.2.0/../../../../../H-x86_64-pc-linux-gnu/nios2-elf/lib/mno-hw-mul/libm.a
END GROUP
LOAD /home/mohil/altera_lite/16.0/nios2eds/bin/gnu/H-x86_64-pc-linux-gnu/bin/../lib/gcc/nios2-elf/5.2.0/mno-hw-mul/libgcc.a
                0x0000000000008000                __alt_mem_onchip_memory2_0 = 0x8000

.entry          0x0000000000008000       0x20
 *(.entry)
 .entry         0x0000000000008000       0x20 ../mysoft1_bsp//obj/HAL/src/crt0.o
                0x0000000000008000                __reset
                0x000000000000800c                _exit

.exceptions     0x0000000000008020      0x160
                0x0000000000008020                PROVIDE (__ram_exceptions_start, ABSOLUTE (.))
                0x0000000000008020                . = ALIGN (0x20)
 *(.irq)
 *(.exceptions.entry.label)
 .exceptions.entry.label
                0x0000000000008020        0x0 ../mysoft1_bsp//libhal_bsp.a(alt_irq_entry.o)
                0x0000000000008020                alt_irq_entry
 .exceptions.entry.label
                0x0000000000008020        0x0 ../mysoft1_bsp//libhal_bsp.a(alt_exception_entry.o)
                0x0000000000008020                alt_exception
 *(.exceptions.entry.user)
 *(.exceptions.entry.ecc_fatal)
 *(.exceptions.entry)
 .exceptions.entry
                0x0000000000008020       0x54 ../mysoft1_bsp//libhal_bsp.a(alt_exception_entry.o)
 *(.exceptions.irqtest.user)
 *(.exceptions.irqtest)
 .exceptions.irqtest
                0x0000000000008074       0x10 ../mysoft1_bsp//libhal_bsp.a(alt_irq_entry.o)
 *(.exceptions.irqhandler.user)
 *(.exceptions.irqhandler)
 .exceptions.irqhandler
                0x0000000000008084        0x4 ../mysoft1_bsp//libhal_bsp.a(alt_irq_entry.o)
 *(.exceptions.irqreturn.user)
 *(.exceptions.irqreturn)
 .exceptions.irqreturn
                0x0000000000008088        0x4 ../mysoft1_bsp//libhal_bsp.a(alt_irq_entry.o)
 *(.exceptions.notirq.label)
 .exceptions.notirq.label
                0x000000000000808c        0x0 ../mysoft1_bsp//libhal_bsp.a(alt_irq_entry.o)
 *(.exceptions.notirq.user)
 *(.exceptions.notirq)
 .exceptions.notirq
                0x000000000000808c        0x8 ../mysoft1_bsp//libhal_bsp.a(alt_exception_entry.o)
 *(.exceptions.soft.user)
 *(.exceptions.soft)
 *(.exceptions.unknown.user)
 *(.exceptions.unknown)
 .exceptions.unknown
                0x0000000000008094       0x14 ../mysoft1_bsp//libhal_bsp.a(alt_exception_entry.o)
 *(.exceptions.exit.label)
 .exceptions.exit.label
                0x00000000000080a8        0x0 ../mysoft1_bsp//libhal_bsp.a(alt_irq_entry.o)
 .exceptions.exit.label
                0x00000000000080a8        0x0 ../mysoft1_bsp//libhal_bsp.a(alt_exception_entry.o)
 *(.exceptions.exit.user)
 *(.exceptions.exit)
 .exceptions.exit
                0x00000000000080a8       0x54 ../mysoft1_bsp//libhal_bsp.a(alt_exception_entry.o)
 *(.exceptions)
 .exceptions    0x00000000000080fc       0x60 ../mysoft1_bsp//libhal_bsp.a(alt_irq_handler.o)
                0x00000000000080fc                alt_irq_handler
 .exceptions    0x000000000000815c       0x24 ../mysoft1_bsp//libhal_bsp.a(alt_instruction_exception_entry.o)
                0x000000000000815c                alt_instruction_exception_entry
                0x0000000000008180                PROVIDE (__ram_exceptions_end, ABSOLUTE (.))
                0x0000000000008020                PROVIDE (__flash_exceptions_start, LOADADDR (.exceptions))

.text           0x0000000000008180      0xf34
                [!provide]                        PROVIDE (stext, ABSOLUTE (.))
 *(.interp)
 *(.hash)
 *(.dynsym)
 *(.dynstr)
 *(.gnu.version)
 *(.gnu.version_d)
 *(.gnu.version_r)
 *(.rel.init)
 *(.rela.init)
 *(.rel.text .rel.text.* .rel.gnu.linkonce.t.*)
 *(.rela.text .rela.text.* .rela.gnu.linkonce.t.*)
 *(.rel.fini)
 *(.rela.fini)
 *(.rel.rodata .rel.rodata.* .rel.gnu.linkonce.r.*)
 *(.rela.rodata .rela.rodata.* .rela.gnu.linkonce.r.*)
 *(.rel.data .rel.data.* .rel.gnu.linkonce.d.*)
 *(.rela.data .rela.data.* .rela.gnu.linkonce.d.*)
 *(.rel.tdata .rel.tdata.* .rel.gnu.linkonce.td.*)
 *(.rela.tdata .rela.tdata.* .rela.gnu.linkonce.td.*)
 *(.rel.tbss .rel.tbss.* .rel.gnu.linkonce.tb.*)
 *(.rela.tbss .rela.tbss.* .rela.gnu.linkonce.tb.*)
 *(.rel.ctors)
 *(.rela.ctors)
 *(.rel.dtors)
 *(.rela.dtors)
 *(.rel.got)
 *(.rela.got)
 *(.rel.sdata .rel.sdata.* .rel.gnu.linkonce.s.*)
 *(.rela.sdata .rela.sdata.* .rela.gnu.linkonce.s.*)
 *(.rel.sbss .rel.sbss.* .rel.gnu.linkonce.sb.*)
 *(.rela.sbss .rela.sbss.* .rela.gnu.linkonce.sb.*)
 *(.rel.sdata2 .rel.sdata2.* .rel.gnu.linkonce.s2.*)
 *(.rela.sdata2 .rela.sdata2.* .rela.gnu.linkonce.s2.*)
 *(.rel.sbss2 .rel.sbss2.* .rel.gnu.linkonce.sb2.*)
 *(.rela.sbss2 .rela.sbss2.* .rela.gnu.linkonce.sb2.*)
 *(.rel.bss .rel.bss.* .rel.gnu.linkonce.b.*)
 *(.rela.bss .rela.bss.* .rela.gnu.linkonce.b.*)
 *(.rel.plt)
 *(.rela.plt)
 *(.rel.dyn)
 *(.init)
 *(.plt)
 *(.text .stub .text.* .gnu.linkonce.t.*)
 .text          0x0000000000008180       0x3c ../mysoft1_bsp//obj/HAL/src/crt0.o
                0x0000000000008180                _start
 .text          0x00000000000081bc       0xc8 obj/default/hello_world_small.o
                0x00000000000081bc                read_isr
                0x000000000000820c                sendToPeripheral
                0x0000000000008248                receiveFromPeripheral
 .text.startup  0x0000000000008284       0xec obj/default/hello_world_small.o
                0x0000000000008284                main
 .text          0x0000000000008370        0x0 /home/mohil/altera_lite/16.0/nios2eds/bin/gnu/H-x86_64-pc-linux-gnu/bin/../lib/gcc/nios2-elf/5.2.0/../../../../../H-x86_64-pc-linux-gnu/nios2-elf/lib/mno-hw-mul/libsmallc.a(lib_a-printf.o)
 .text._printf_r
                0x0000000000008370       0x3c /home/mohil/altera_lite/16.0/nios2eds/bin/gnu/H-x86_64-pc-linux-gnu/bin/../lib/gcc/nios2-elf/5.2.0/../../../../../H-x86_64-pc-linux-gnu/nios2-elf/lib/mno-hw-mul/libsmallc.a(lib_a-printf.o)
                0x0000000000008370                _printf_r
 .text.printf   0x00000000000083ac       0x4c /home/mohil/altera_lite/16.0/nios2eds/bin/gnu/H-x86_64-pc-linux-gnu/bin/../lib/gcc/nios2-elf/5.2.0/../../../../../H-x86_64-pc-linux-gnu/nios2-elf/lib/mno-hw-mul/libsmallc.a(lib_a-printf.o)
                0x00000000000083ac                printf
 .text          0x00000000000083f8        0x0 /home/mohil/altera_lite/16.0/nios2eds/bin/gnu/H-x86_64-pc-linux-gnu/bin/../lib/gcc/nios2-elf/5.2.0/../../../../../H-x86_64-pc-linux-gnu/nios2-elf/lib/mno-hw-mul/libsmallc.a(lib_a-vfprintf.o)
 .text.print_repeat
                0x00000000000083f8       0x6c /home/mohil/altera_lite/16.0/nios2eds/bin/gnu/H-x86_64-pc-linux-gnu/bin/../lib/gcc/nios2-elf/5.2.0/../../../../../H-x86_64-pc-linux-gnu/nios2-elf/lib/mno-hw-mul/libsmallc.a(lib_a-vfprintf.o)
 .text.___vfprintf_internal_r
                0x0000000000008464      0x52c /home/mohil/altera_lite/16.0/nios2eds/bin/gnu/H-x86_64-pc-linux-gnu/bin/../lib/gcc/nios2-elf/5.2.0/../../../../../H-x86_64-pc-linux-gnu/nios2-elf/lib/mno-hw-mul/libsmallc.a(lib_a-vfprintf.o)
                0x0000000000008464                ___vfprintf_internal_r
 .text.__vfprintf_internal
                0x0000000000008990       0x1c /home/mohil/altera_lite/16.0/nios2eds/bin/gnu/H-x86_64-pc-linux-gnu/bin/../lib/gcc/nios2-elf/5.2.0/../../../../../H-x86_64-pc-linux-gnu/nios2-elf/lib/mno-hw-mul/libsmallc.a(lib_a-vfprintf.o)
                0x0000000000008990                __vfprintf_internal
 .text          0x00000000000089ac        0x0 /home/mohil/altera_lite/16.0/nios2eds/bin/gnu/H-x86_64-pc-linux-gnu/bin/../lib/gcc/nios2-elf/5.2.0/../../../../../H-x86_64-pc-linux-gnu/nios2-elf/lib/mno-hw-mul/libsmallc.a(lib_a-fvwrite_small_dev.o)
 .text.__sfvwrite_small_dev
                0x00000000000089ac       0xb8 /home/mohil/altera_lite/16.0/nios2eds/bin/gnu/H-x86_64-pc-linux-gnu/bin/../lib/gcc/nios2-elf/5.2.0/../../../../../H-x86_64-pc-linux-gnu/nios2-elf/lib/mno-hw-mul/libsmallc.a(lib_a-fvwrite_small_dev.o)
                0x00000000000089ac                __sfvwrite_small_dev
 .text          0x0000000000008a64        0x0 /home/mohil/altera_lite/16.0/nios2eds/bin/gnu/H-x86_64-pc-linux-gnu/bin/../lib/gcc/nios2-elf/5.2.0/../../../../../H-x86_64-pc-linux-gnu/nios2-elf/lib/mno-hw-mul/libsmallc.a(lib_a-impure.o)
 .text          0x0000000000008a64        0x0 /home/mohil/altera_lite/16.0/nios2eds/bin/gnu/H-x86_64-pc-linux-gnu/bin/../lib/gcc/nios2-elf/5.2.0/../../../../../H-x86_64-pc-linux-gnu/nios2-elf/lib/mno-hw-mul/libsmallc.a(lib_a-strlen.o)
 .text.strlen   0x0000000000008a64       0x1c /home/mohil/altera_lite/16.0/nios2eds/bin/gnu/H-x86_64-pc-linux-gnu/bin/../lib/gcc/nios2-elf/5.2.0/../../../../../H-x86_64-pc-linux-gnu/nios2-elf/lib/mno-hw-mul/libsmallc.a(lib_a-strlen.o)
                0x0000000000008a64                strlen
 .text          0x0000000000008a80        0x0 /home/mohil/altera_lite/16.0/nios2eds/bin/gnu/H-x86_64-pc-linux-gnu/bin/../lib/gcc/nios2-elf/5.2.0/../../../../../H-x86_64-pc-linux-gnu/nios2-elf/lib/mno-hw-mul/libsmallc.a(lib_a-writer.o)
 .text._write_r
                0x0000000000008a80       0x58 /home/mohil/altera_lite/16.0/nios2eds/bin/gnu/H-x86_64-pc-linux-gnu/bin/../lib/gcc/nios2-elf/5.2.0/../../../../../H-x86_64-pc-linux-gnu/nios2-elf/lib/mno-hw-mul/libsmallc.a(lib_a-writer.o)
                0x0000000000008a80                _write_r
 .text          0x0000000000008ad8        0x0 /home/mohil/altera_lite/16.0/nios2eds/bin/gnu/H-x86_64-pc-linux-gnu/bin/../lib/gcc/nios2-elf/5.2.0/../../../../../H-x86_64-pc-linux-gnu/nios2-elf/lib/mno-hw-mul/libsmallc.a(lib_a-int_errno.o)
 .text          0x0000000000008ad8      0x1b4 /home/mohil/altera_lite/16.0/nios2eds/bin/gnu/H-x86_64-pc-linux-gnu/bin/../lib/gcc/nios2-elf/5.2.0/mno-hw-mul/libgcc.a(lib2-divmod.o)
                0x0000000000008ad8                __divsi3
                0x0000000000008b5c                __modsi3
                0x0000000000008bd0                __udivsi3
                0x0000000000008c34                __umodsi3
 .text          0x0000000000008c8c       0x28 /home/mohil/altera_lite/16.0/nios2eds/bin/gnu/H-x86_64-pc-linux-gnu/bin/../lib/gcc/nios2-elf/5.2.0/mno-hw-mul/libgcc.a(lib2-mul.o)
                0x0000000000008c8c                __mulsi3
 .text          0x0000000000008cb4       0x8c ../mysoft1_bsp//libhal_bsp.a(alt_iic.o)
                0x0000000000008cb4                alt_ic_isr_register
                0x0000000000008cb8                alt_ic_irq_enable
                0x0000000000008cf0                alt_ic_irq_disable
                0x0000000000008d28                alt_ic_irq_enabled
 .text          0x0000000000008d40       0x68 ../mysoft1_bsp//libhal_bsp.a(alt_iic_isr_register.o)
                0x0000000000008d40                alt_iic_isr_register
 .text          0x0000000000008da8        0x0 ../mysoft1_bsp//libhal_bsp.a(alt_irq_entry.o)
 .text          0x0000000000008da8        0x0 ../mysoft1_bsp//libhal_bsp.a(alt_irq_handler.o)
 .text          0x0000000000008da8        0x0 ../mysoft1_bsp//libhal_bsp.a(alt_irq_vars.o)
 .text          0x0000000000008da8       0xe0 ../mysoft1_bsp//libhal_bsp.a(alt_load.o)
                0x0000000000008da8                alt_load
 .text          0x0000000000008e88       0x2c ../mysoft1_bsp//libhal_bsp.a(alt_main.o)
                0x0000000000008e88                alt_main
 .text          0x0000000000008eb4       0x38 ../mysoft1_bsp//libhal_bsp.a(alt_putstr.o)
                0x0000000000008eb4                alt_putstr
 .text          0x0000000000008eec        0x4 ../mysoft1_bsp//libhal_bsp.a(alt_usleep.o)
                0x0000000000008eec                usleep
 .text          0x0000000000008ef0       0x60 ../mysoft1_bsp//libhal_bsp.a(alt_write.o)
                0x0000000000008ef0                write
 .text          0x0000000000008f50       0x24 ../mysoft1_bsp//libhal_bsp.a(alt_sys_init.o)
                0x0000000000008f50                alt_irq_init
                0x0000000000008f70                alt_sys_init
 .text          0x0000000000008f74       0x34 ../mysoft1_bsp//libhal_bsp.a(altera_avalon_jtag_uart_write.o)
                0x0000000000008f74                altera_avalon_jtag_uart_write
 .text          0x0000000000008fa8       0x88 ../mysoft1_bsp//libhal_bsp.a(alt_busy_sleep.o)
                0x0000000000008fa8                alt_busy_sleep
 .text          0x0000000000009030        0x4 ../mysoft1_bsp//libhal_bsp.a(alt_dcache_flush_all.o)
                0x0000000000009030                alt_dcache_flush_all
 .text          0x0000000000009034        0x0 ../mysoft1_bsp//libhal_bsp.a(alt_errno.o)
 .text          0x0000000000009034        0x0 ../mysoft1_bsp//libhal_bsp.a(alt_exception_entry.o)
 .text          0x0000000000009034        0x4 ../mysoft1_bsp//libhal_bsp.a(alt_icache_flush_all.o)
                0x0000000000009034                alt_icache_flush_all
 .text          0x0000000000009038       0x74 ../mysoft1_bsp//libhal_bsp.a(alt_instruction_exception_entry.o)
                0x0000000000009038                alt_exception_cause_generated_bad_addr
 .text          0x00000000000090ac        0x8 ../mysoft1_bsp//libhal_bsp.a(altera_nios2_gen2_irq.o)
                0x00000000000090ac                altera_nios2_gen2_irq_init
 *(.gnu.warning.*)
 *(.fini)
                [!provide]                        PROVIDE (__etext, ABSOLUTE (.))
                [!provide]                        PROVIDE (_etext, ABSOLUTE (.))
                [!provide]                        PROVIDE (etext, ABSOLUTE (.))
 *(.eh_frame_hdr)
                0x00000000000090b4                . = ALIGN (0x4)
                [!provide]                        PROVIDE (__preinit_array_start, ABSOLUTE (.))
 *(.preinit_array)
                [!provide]                        PROVIDE (__preinit_array_end, ABSOLUTE (.))
                [!provide]                        PROVIDE (__init_array_start, ABSOLUTE (.))
 *(.init_array)
                [!provide]                        PROVIDE (__init_array_end, ABSOLUTE (.))
                [!provide]                        PROVIDE (__fini_array_start, ABSOLUTE (.))
 *(.fini_array)
                [!provide]                        PROVIDE (__fini_array_end, ABSOLUTE (.))
 *(.eh_frame)
 *(.gcc_except_table .gcc_except_table.*)
 *(.dynamic)
                [!provide]                        PROVIDE (__CTOR_LIST__, ABSOLUTE (.))
 *(.ctors)
 *(SORT(.ctors.*))
                [!provide]                        PROVIDE (__CTOR_END__, ABSOLUTE (.))
                [!provide]                        PROVIDE (__DTOR_LIST__, ABSOLUTE (.))
 *(.dtors)
 *(SORT(.dtors.*))
                [!provide]                        PROVIDE (__DTOR_END__, ABSOLUTE (.))
 *(.jcr)
                0x00000000000090b4                . = ALIGN (0x4)

.rodata         0x00000000000090b4       0x70
                0x00000000000090b4                PROVIDE (__ram_rodata_start, ABSOLUTE (.))
                0x00000000000090b4                . = ALIGN (0x4)
 *(.rodata .rodata.* .gnu.linkonce.r.*)
 .rodata.str1.4
                0x00000000000090b4       0x70 obj/default/hello_world_small.o
                                         0x6e (size before relaxing)
 *(.rodata1)
                0x0000000000009124                . = ALIGN (0x4)
                0x0000000000009124                PROVIDE (__ram_rodata_end, ABSOLUTE (.))
                0x00000000000090b4                PROVIDE (__flash_rodata_start, LOADADDR (.rodata))

.rwdata         0x0000000000009124      0x104 load address 0x0000000000009228
                0x0000000000009124                PROVIDE (__ram_rwdata_start, ABSOLUTE (.))
                0x0000000000009124                . = ALIGN (0x4)
 *(.got.plt)
 *(.got)
 *(.data1)
 *(.data .data.* .gnu.linkonce.d.*)
 .data          0x0000000000009124        0x0 ../mysoft1_bsp//obj/HAL/src/crt0.o
 .data          0x0000000000009124        0x0 obj/default/hello_world_small.o
 .data          0x0000000000009124        0x0 /home/mohil/altera_lite/16.0/nios2eds/bin/gnu/H-x86_64-pc-linux-gnu/bin/../lib/gcc/nios2-elf/5.2.0/../../../../../H-x86_64-pc-linux-gnu/nios2-elf/lib/mno-hw-mul/libsmallc.a(lib_a-printf.o)
 .data          0x0000000000009124        0x0 /home/mohil/altera_lite/16.0/nios2eds/bin/gnu/H-x86_64-pc-linux-gnu/bin/../lib/gcc/nios2-elf/5.2.0/../../../../../H-x86_64-pc-linux-gnu/nios2-elf/lib/mno-hw-mul/libsmallc.a(lib_a-vfprintf.o)
 .data          0x0000000000009124        0x0 /home/mohil/altera_lite/16.0/nios2eds/bin/gnu/H-x86_64-pc-linux-gnu/bin/../lib/gcc/nios2-elf/5.2.0/../../../../../H-x86_64-pc-linux-gnu/nios2-elf/lib/mno-hw-mul/libsmallc.a(lib_a-fvwrite_small_dev.o)
 .data          0x0000000000009124        0x0 /home/mohil/altera_lite/16.0/nios2eds/bin/gnu/H-x86_64-pc-linux-gnu/bin/../lib/gcc/nios2-elf/5.2.0/../../../../../H-x86_64-pc-linux-gnu/nios2-elf/lib/mno-hw-mul/libsmallc.a(lib_a-impure.o)
 .data.impure_data
                0x0000000000009124       0xe0 /home/mohil/altera_lite/16.0/nios2eds/bin/gnu/H-x86_64-pc-linux-gnu/bin/../lib/gcc/nios2-elf/5.2.0/../../../../../H-x86_64-pc-linux-gnu/nios2-elf/lib/mno-hw-mul/libsmallc.a(lib_a-impure.o)
 .data          0x0000000000009204        0x0 /home/mohil/altera_lite/16.0/nios2eds/bin/gnu/H-x86_64-pc-linux-gnu/bin/../lib/gcc/nios2-elf/5.2.0/../../../../../H-x86_64-pc-linux-gnu/nios2-elf/lib/mno-hw-mul/libsmallc.a(lib_a-strlen.o)
 .data          0x0000000000009204        0x0 /home/mohil/altera_lite/16.0/nios2eds/bin/gnu/H-x86_64-pc-linux-gnu/bin/../lib/gcc/nios2-elf/5.2.0/../../../../../H-x86_64-pc-linux-gnu/nios2-elf/lib/mno-hw-mul/libsmallc.a(lib_a-writer.o)
 .data          0x0000000000009204        0x0 /home/mohil/altera_lite/16.0/nios2eds/bin/gnu/H-x86_64-pc-linux-gnu/bin/../lib/gcc/nios2-elf/5.2.0/../../../../../H-x86_64-pc-linux-gnu/nios2-elf/lib/mno-hw-mul/libsmallc.a(lib_a-int_errno.o)
 .data          0x0000000000009204        0x0 /home/mohil/altera_lite/16.0/nios2eds/bin/gnu/H-x86_64-pc-linux-gnu/bin/../lib/gcc/nios2-elf/5.2.0/mno-hw-mul/libgcc.a(lib2-divmod.o)
 .data          0x0000000000009204        0x0 /home/mohil/altera_lite/16.0/nios2eds/bin/gnu/H-x86_64-pc-linux-gnu/bin/../lib/gcc/nios2-elf/5.2.0/mno-hw-mul/libgcc.a(lib2-mul.o)
 .data          0x0000000000009204        0x0 ../mysoft1_bsp//libhal_bsp.a(alt_iic.o)
 .data          0x0000000000009204        0x0 ../mysoft1_bsp//libhal_bsp.a(alt_iic_isr_register.o)
 .data          0x0000000000009204        0x0 ../mysoft1_bsp//libhal_bsp.a(alt_irq_entry.o)
 .data          0x0000000000009204        0x0 ../mysoft1_bsp//libhal_bsp.a(alt_irq_handler.o)
 .data          0x0000000000009204        0x0 ../mysoft1_bsp//libhal_bsp.a(alt_irq_vars.o)
 .data          0x0000000000009204        0x0 ../mysoft1_bsp//libhal_bsp.a(alt_load.o)
 .data          0x0000000000009204        0x0 ../mysoft1_bsp//libhal_bsp.a(alt_main.o)
 .data          0x0000000000009204        0x0 ../mysoft1_bsp//libhal_bsp.a(alt_putstr.o)
 .data          0x0000000000009204        0x0 ../mysoft1_bsp//libhal_bsp.a(alt_usleep.o)
 .data          0x0000000000009204        0x0 ../mysoft1_bsp//libhal_bsp.a(alt_write.o)
 .data          0x0000000000009204        0x0 ../mysoft1_bsp//libhal_bsp.a(alt_sys_init.o)
 .data          0x0000000000009204        0x0 ../mysoft1_bsp//libhal_bsp.a(altera_avalon_jtag_uart_write.o)
 .data          0x0000000000009204        0x0 ../mysoft1_bsp//libhal_bsp.a(alt_busy_sleep.o)
 .data          0x0000000000009204        0x0 ../mysoft1_bsp//libhal_bsp.a(alt_dcache_flush_all.o)
 .data          0x0000000000009204        0x0 ../mysoft1_bsp//libhal_bsp.a(alt_errno.o)
 .data          0x0000000000009204        0x0 ../mysoft1_bsp//libhal_bsp.a(alt_exception_entry.o)
 .data          0x0000000000009204        0x0 ../mysoft1_bsp//libhal_bsp.a(alt_icache_flush_all.o)
 .data          0x0000000000009204        0x0 ../mysoft1_bsp//libhal_bsp.a(alt_instruction_exception_entry.o)
 .data          0x0000000000009204        0x0 ../mysoft1_bsp//libhal_bsp.a(altera_nios2_gen2_irq.o)
                0x0000000000011204                _gp = ABSOLUTE ((. + 0x8000))
                [!provide]                        PROVIDE (gp, _gp)
 *(.rwdata .rwdata.*)
 *(.sdata .sdata.* .gnu.linkonce.s.*)
 .sdata         0x0000000000009204       0x10 obj/default/hello_world_small.o
                0x0000000000009204                N_ITEMS_TO_SEND
                0x0000000000009208                txData
                0x000000000000920c                startFlit
                0x0000000000009210                useISR
 .sdata._global_impure_ptr
                0x0000000000009214        0x4 /home/mohil/altera_lite/16.0/nios2eds/bin/gnu/H-x86_64-pc-linux-gnu/bin/../lib/gcc/nios2-elf/5.2.0/../../../../../H-x86_64-pc-linux-gnu/nios2-elf/lib/mno-hw-mul/libsmallc.a(lib_a-impure.o)
                0x0000000000009214                _global_impure_ptr
 .sdata._impure_ptr
                0x0000000000009218        0x4 /home/mohil/altera_lite/16.0/nios2eds/bin/gnu/H-x86_64-pc-linux-gnu/bin/../lib/gcc/nios2-elf/5.2.0/../../../../../H-x86_64-pc-linux-gnu/nios2-elf/lib/mno-hw-mul/libsmallc.a(lib_a-impure.o)
                0x0000000000009218                _impure_ptr
 .sdata         0x000000000000921c        0x4 ../mysoft1_bsp//libhal_bsp.a(alt_irq_vars.o)
                0x000000000000921c                alt_priority_mask
 .sdata         0x0000000000009220        0x4 ../mysoft1_bsp//libhal_bsp.a(alt_sys_init.o)
                0x0000000000009220                jtag_uart_0
 .sdata         0x0000000000009224        0x4 ../mysoft1_bsp//libhal_bsp.a(alt_errno.o)
                0x0000000000009224                alt_errno
 *(.sdata2 .sdata2.* .gnu.linkonce.s2.*)
                0x0000000000009228                . = ALIGN (0x4)
                0x0000000000009228                _edata = ABSOLUTE (.)
                [!provide]                        PROVIDE (edata, ABSOLUTE (.))
                0x0000000000009228                PROVIDE (__ram_rwdata_end, ABSOLUTE (.))
                0x0000000000009228                PROVIDE (__flash_rwdata_start, LOADADDR (.rwdata))

.bss            0x000000000000932c      0x134
                0x000000000000932c                __bss_start = ABSOLUTE (.)
                [!provide]                        PROVIDE (__sbss_start, ABSOLUTE (.))
                [!provide]                        PROVIDE (___sbss_start, ABSOLUTE (.))
 *(.dynsbss)
 *(.sbss .sbss.* .gnu.linkonce.sb.*)
 .sbss          0x000000000000932c        0xc obj/default/hello_world_small.o
                0x000000000000932c                printRcv
                0x0000000000009330                printSend
                0x0000000000009334                idx_read_counter
 .sbss          0x0000000000009338       0x10 obj/default/hello_world_small.o
                0x0000000000009338                ISR_reg
                0x000000000000933c                dataToRecv_isr
                0x0000000000009340                dataToRecv
                0x0000000000009344                context_pointer
 .sbss          0x0000000000009348        0x4 /home/mohil/altera_lite/16.0/nios2eds/bin/gnu/H-x86_64-pc-linux-gnu/bin/../lib/gcc/nios2-elf/5.2.0/../../../../../H-x86_64-pc-linux-gnu/nios2-elf/lib/mno-hw-mul/libsmallc.a(lib_a-int_errno.o)
                0x0000000000009348                errno
 .sbss          0x000000000000934c        0x4 ../mysoft1_bsp//libhal_bsp.a(alt_irq_vars.o)
                0x000000000000934c                alt_irq_active
 .sbss          0x0000000000009350        0xc ../mysoft1_bsp//libhal_bsp.a(alt_main.o)
                0x0000000000009350                alt_envp
                0x0000000000009354                alt_argv
                0x0000000000009358                alt_argc
 .sbss          0x000000000000935c        0x4 ../mysoft1_bsp//libhal_bsp.a(alt_instruction_exception_entry.o)
                0x000000000000935c                alt_instruction_exception_handler
 *(.sbss2 .sbss2.* .gnu.linkonce.sb2.*)
 *(.scommon)
                [!provide]                        PROVIDE (__sbss_end, ABSOLUTE (.))
                [!provide]                        PROVIDE (___sbss_end, ABSOLUTE (.))
 *(.dynbss)
 *(.bss .bss.* .gnu.linkonce.b.*)
 .bss           0x0000000000009360        0x0 ../mysoft1_bsp//obj/HAL/src/crt0.o
 .bss           0x0000000000009360        0x0 obj/default/hello_world_small.o
 .bss           0x0000000000009360        0x0 /home/mohil/altera_lite/16.0/nios2eds/bin/gnu/H-x86_64-pc-linux-gnu/bin/../lib/gcc/nios2-elf/5.2.0/../../../../../H-x86_64-pc-linux-gnu/nios2-elf/lib/mno-hw-mul/libsmallc.a(lib_a-printf.o)
 .bss           0x0000000000009360        0x0 /home/mohil/altera_lite/16.0/nios2eds/bin/gnu/H-x86_64-pc-linux-gnu/bin/../lib/gcc/nios2-elf/5.2.0/../../../../../H-x86_64-pc-linux-gnu/nios2-elf/lib/mno-hw-mul/libsmallc.a(lib_a-vfprintf.o)
 .bss           0x0000000000009360        0x0 /home/mohil/altera_lite/16.0/nios2eds/bin/gnu/H-x86_64-pc-linux-gnu/bin/../lib/gcc/nios2-elf/5.2.0/../../../../../H-x86_64-pc-linux-gnu/nios2-elf/lib/mno-hw-mul/libsmallc.a(lib_a-fvwrite_small_dev.o)
 .bss           0x0000000000009360        0x0 /home/mohil/altera_lite/16.0/nios2eds/bin/gnu/H-x86_64-pc-linux-gnu/bin/../lib/gcc/nios2-elf/5.2.0/../../../../../H-x86_64-pc-linux-gnu/nios2-elf/lib/mno-hw-mul/libsmallc.a(lib_a-impure.o)
 .bss           0x0000000000009360        0x0 /home/mohil/altera_lite/16.0/nios2eds/bin/gnu/H-x86_64-pc-linux-gnu/bin/../lib/gcc/nios2-elf/5.2.0/../../../../../H-x86_64-pc-linux-gnu/nios2-elf/lib/mno-hw-mul/libsmallc.a(lib_a-strlen.o)
 .bss           0x0000000000009360        0x0 /home/mohil/altera_lite/16.0/nios2eds/bin/gnu/H-x86_64-pc-linux-gnu/bin/../lib/gcc/nios2-elf/5.2.0/../../../../../H-x86_64-pc-linux-gnu/nios2-elf/lib/mno-hw-mul/libsmallc.a(lib_a-writer.o)
 .bss           0x0000000000009360        0x0 /home/mohil/altera_lite/16.0/nios2eds/bin/gnu/H-x86_64-pc-linux-gnu/bin/../lib/gcc/nios2-elf/5.2.0/../../../../../H-x86_64-pc-linux-gnu/nios2-elf/lib/mno-hw-mul/libsmallc.a(lib_a-int_errno.o)
 .bss           0x0000000000009360        0x0 /home/mohil/altera_lite/16.0/nios2eds/bin/gnu/H-x86_64-pc-linux-gnu/bin/../lib/gcc/nios2-elf/5.2.0/mno-hw-mul/libgcc.a(lib2-divmod.o)
 .bss           0x0000000000009360        0x0 /home/mohil/altera_lite/16.0/nios2eds/bin/gnu/H-x86_64-pc-linux-gnu/bin/../lib/gcc/nios2-elf/5.2.0/mno-hw-mul/libgcc.a(lib2-mul.o)
 .bss           0x0000000000009360        0x0 ../mysoft1_bsp//libhal_bsp.a(alt_iic.o)
 .bss           0x0000000000009360        0x0 ../mysoft1_bsp//libhal_bsp.a(alt_iic_isr_register.o)
 .bss           0x0000000000009360        0x0 ../mysoft1_bsp//libhal_bsp.a(alt_irq_entry.o)
 .bss           0x0000000000009360        0x0 ../mysoft1_bsp//libhal_bsp.a(alt_irq_handler.o)
 .bss           0x0000000000009360        0x0 ../mysoft1_bsp//libhal_bsp.a(alt_irq_vars.o)
 .bss           0x0000000000009360        0x0 ../mysoft1_bsp//libhal_bsp.a(alt_load.o)
 .bss           0x0000000000009360        0x0 ../mysoft1_bsp//libhal_bsp.a(alt_main.o)
 .bss           0x0000000000009360        0x0 ../mysoft1_bsp//libhal_bsp.a(alt_putstr.o)
 .bss           0x0000000000009360        0x0 ../mysoft1_bsp//libhal_bsp.a(alt_usleep.o)
 .bss           0x0000000000009360        0x0 ../mysoft1_bsp//libhal_bsp.a(alt_write.o)
 .bss           0x0000000000009360        0x0 ../mysoft1_bsp//libhal_bsp.a(alt_sys_init.o)
 .bss           0x0000000000009360        0x0 ../mysoft1_bsp//libhal_bsp.a(altera_avalon_jtag_uart_write.o)
 .bss           0x0000000000009360        0x0 ../mysoft1_bsp//libhal_bsp.a(alt_busy_sleep.o)
 .bss           0x0000000000009360        0x0 ../mysoft1_bsp//libhal_bsp.a(alt_dcache_flush_all.o)
 .bss           0x0000000000009360        0x0 ../mysoft1_bsp//libhal_bsp.a(alt_errno.o)
 .bss           0x0000000000009360        0x0 ../mysoft1_bsp//libhal_bsp.a(alt_exception_entry.o)
 .bss           0x0000000000009360        0x0 ../mysoft1_bsp//libhal_bsp.a(alt_icache_flush_all.o)
 .bss           0x0000000000009360        0x0 ../mysoft1_bsp//libhal_bsp.a(alt_instruction_exception_entry.o)
 .bss           0x0000000000009360        0x0 ../mysoft1_bsp//libhal_bsp.a(altera_nios2_gen2_irq.o)
 *(COMMON)
 COMMON         0x0000000000009360      0x100 ../mysoft1_bsp//libhal_bsp.a(alt_irq_handler.o)
                0x0000000000009360                alt_irq
                0x0000000000009460                . = ALIGN (0x4)
                0x0000000000009460                __bss_end = ABSOLUTE (.)

.onchip_memory2_0
                0x0000000000009460        0x0
                [!provide]                        PROVIDE (_alt_partition_onchip_memory2_0_start, ABSOLUTE (.))
 *(.onchip_memory2_0 .onchip_memory2_0. onchip_memory2_0.*)
                0x0000000000009460                . = ALIGN (0x4)
                [!provide]                        PROVIDE (_alt_partition_onchip_memory2_0_end, ABSOLUTE (.))
                0x0000000000009460                _end = ABSOLUTE (.)
                0x0000000000009460                end = ABSOLUTE (.)
                0x0000000000009460                __alt_stack_base = ABSOLUTE (.)
                [!provide]                        PROVIDE (_alt_partition_onchip_memory2_0_load_addr, LOADADDR (.onchip_memory2_0))

.stab
 *(.stab)

.stabstr
 *(.stabstr)

.stab.excl
 *(.stab.excl)

.stab.exclstr
 *(.stab.exclstr)

.stab.index
 *(.stab.index)

.stab.indexstr
 *(.stab.indexstr)

.comment        0x0000000000000000       0x46
 *(.comment)
 .comment       0x0000000000000000       0x23 obj/default/hello_world_small.o
                                         0x24 (size before relaxing)
 .comment       0x0000000000000023       0x24 /home/mohil/altera_lite/16.0/nios2eds/bin/gnu/H-x86_64-pc-linux-gnu/bin/../lib/gcc/nios2-elf/5.2.0/../../../../../H-x86_64-pc-linux-gnu/nios2-elf/lib/mno-hw-mul/libsmallc.a(lib_a-printf.o)
 .comment       0x0000000000000023       0x24 /home/mohil/altera_lite/16.0/nios2eds/bin/gnu/H-x86_64-pc-linux-gnu/bin/../lib/gcc/nios2-elf/5.2.0/../../../../../H-x86_64-pc-linux-gnu/nios2-elf/lib/mno-hw-mul/libsmallc.a(lib_a-vfprintf.o)
 .comment       0x0000000000000023       0x24 /home/mohil/altera_lite/16.0/nios2eds/bin/gnu/H-x86_64-pc-linux-gnu/bin/../lib/gcc/nios2-elf/5.2.0/../../../../../H-x86_64-pc-linux-gnu/nios2-elf/lib/mno-hw-mul/libsmallc.a(lib_a-fvwrite_small_dev.o)
 .comment       0x0000000000000023       0x24 /home/mohil/altera_lite/16.0/nios2eds/bin/gnu/H-x86_64-pc-linux-gnu/bin/../lib/gcc/nios2-elf/5.2.0/../../../../../H-x86_64-pc-linux-gnu/nios2-elf/lib/mno-hw-mul/libsmallc.a(lib_a-impure.o)
 .comment       0x0000000000000023       0x24 /home/mohil/altera_lite/16.0/nios2eds/bin/gnu/H-x86_64-pc-linux-gnu/bin/../lib/gcc/nios2-elf/5.2.0/../../../../../H-x86_64-pc-linux-gnu/nios2-elf/lib/mno-hw-mul/libsmallc.a(lib_a-strlen.o)
 .comment       0x0000000000000023       0x24 /home/mohil/altera_lite/16.0/nios2eds/bin/gnu/H-x86_64-pc-linux-gnu/bin/../lib/gcc/nios2-elf/5.2.0/../../../../../H-x86_64-pc-linux-gnu/nios2-elf/lib/mno-hw-mul/libsmallc.a(lib_a-writer.o)
 .comment       0x0000000000000023       0x24 /home/mohil/altera_lite/16.0/nios2eds/bin/gnu/H-x86_64-pc-linux-gnu/bin/../lib/gcc/nios2-elf/5.2.0/../../../../../H-x86_64-pc-linux-gnu/nios2-elf/lib/mno-hw-mul/libsmallc.a(lib_a-int_errno.o)
 .comment       0x0000000000000023       0x24 /home/mohil/altera_lite/16.0/nios2eds/bin/gnu/H-x86_64-pc-linux-gnu/bin/../lib/gcc/nios2-elf/5.2.0/mno-hw-mul/libgcc.a(lib2-divmod.o)
 .comment       0x0000000000000023       0x24 /home/mohil/altera_lite/16.0/nios2eds/bin/gnu/H-x86_64-pc-linux-gnu/bin/../lib/gcc/nios2-elf/5.2.0/mno-hw-mul/libgcc.a(lib2-mul.o)
 .comment       0x0000000000000023       0x23 ../mysoft1_bsp//libhal_bsp.a(alt_iic.o)
                                         0x24 (size before relaxing)
 .comment       0x0000000000000046       0x24 ../mysoft1_bsp//libhal_bsp.a(alt_iic_isr_register.o)
 .comment       0x0000000000000046       0x24 ../mysoft1_bsp//libhal_bsp.a(alt_irq_handler.o)
 .comment       0x0000000000000046       0x24 ../mysoft1_bsp//libhal_bsp.a(alt_irq_vars.o)
 .comment       0x0000000000000046       0x24 ../mysoft1_bsp//libhal_bsp.a(alt_load.o)
 .comment       0x0000000000000046       0x24 ../mysoft1_bsp//libhal_bsp.a(alt_main.o)
 .comment       0x0000000000000046       0x24 ../mysoft1_bsp//libhal_bsp.a(alt_putstr.o)
 .comment       0x0000000000000046       0x24 ../mysoft1_bsp//libhal_bsp.a(alt_usleep.o)
 .comment       0x0000000000000046       0x24 ../mysoft1_bsp//libhal_bsp.a(alt_write.o)
 .comment       0x0000000000000046       0x24 ../mysoft1_bsp//libhal_bsp.a(alt_sys_init.o)
 .comment       0x0000000000000046       0x24 ../mysoft1_bsp//libhal_bsp.a(altera_avalon_jtag_uart_write.o)
 .comment       0x0000000000000046       0x24 ../mysoft1_bsp//libhal_bsp.a(alt_busy_sleep.o)
 .comment       0x0000000000000046       0x24 ../mysoft1_bsp//libhal_bsp.a(alt_dcache_flush_all.o)
 .comment       0x0000000000000046       0x24 ../mysoft1_bsp//libhal_bsp.a(alt_errno.o)
 .comment       0x0000000000000046       0x24 ../mysoft1_bsp//libhal_bsp.a(alt_icache_flush_all.o)
 .comment       0x0000000000000046       0x24 ../mysoft1_bsp//libhal_bsp.a(alt_instruction_exception_entry.o)
 .comment       0x0000000000000046       0x24 ../mysoft1_bsp//libhal_bsp.a(altera_nios2_gen2_irq.o)

.debug
 *(.debug)

.line
 *(.line)

.debug_srcinfo
 *(.debug_srcinfo)

.debug_sfnames
 *(.debug_sfnames)

.debug_aranges  0x0000000000000000      0x3f8
 *(.debug_aranges)
 .debug_aranges
                0x0000000000000000       0x28 ../mysoft1_bsp//obj/HAL/src/crt0.o
 .debug_aranges
                0x0000000000000028       0x28 obj/default/hello_world_small.o
 .debug_aranges
                0x0000000000000050       0x28 /home/mohil/altera_lite/16.0/nios2eds/bin/gnu/H-x86_64-pc-linux-gnu/bin/../lib/gcc/nios2-elf/5.2.0/../../../../../H-x86_64-pc-linux-gnu/nios2-elf/lib/mno-hw-mul/libsmallc.a(lib_a-printf.o)
 .debug_aranges
                0x0000000000000078       0x30 /home/mohil/altera_lite/16.0/nios2eds/bin/gnu/H-x86_64-pc-linux-gnu/bin/../lib/gcc/nios2-elf/5.2.0/../../../../../H-x86_64-pc-linux-gnu/nios2-elf/lib/mno-hw-mul/libsmallc.a(lib_a-vfprintf.o)
 .debug_aranges
                0x00000000000000a8       0x20 /home/mohil/altera_lite/16.0/nios2eds/bin/gnu/H-x86_64-pc-linux-gnu/bin/../lib/gcc/nios2-elf/5.2.0/../../../../../H-x86_64-pc-linux-gnu/nios2-elf/lib/mno-hw-mul/libsmallc.a(lib_a-fvwrite_small_dev.o)
 .debug_aranges
                0x00000000000000c8       0x18 /home/mohil/altera_lite/16.0/nios2eds/bin/gnu/H-x86_64-pc-linux-gnu/bin/../lib/gcc/nios2-elf/5.2.0/../../../../../H-x86_64-pc-linux-gnu/nios2-elf/lib/mno-hw-mul/libsmallc.a(lib_a-impure.o)
 .debug_aranges
                0x00000000000000e0       0x20 /home/mohil/altera_lite/16.0/nios2eds/bin/gnu/H-x86_64-pc-linux-gnu/bin/../lib/gcc/nios2-elf/5.2.0/../../../../../H-x86_64-pc-linux-gnu/nios2-elf/lib/mno-hw-mul/libsmallc.a(lib_a-strlen.o)
 .debug_aranges
                0x0000000000000100       0x20 /home/mohil/altera_lite/16.0/nios2eds/bin/gnu/H-x86_64-pc-linux-gnu/bin/../lib/gcc/nios2-elf/5.2.0/../../../../../H-x86_64-pc-linux-gnu/nios2-elf/lib/mno-hw-mul/libsmallc.a(lib_a-writer.o)
 .debug_aranges
                0x0000000000000120       0x18 /home/mohil/altera_lite/16.0/nios2eds/bin/gnu/H-x86_64-pc-linux-gnu/bin/../lib/gcc/nios2-elf/5.2.0/../../../../../H-x86_64-pc-linux-gnu/nios2-elf/lib/mno-hw-mul/libsmallc.a(lib_a-int_errno.o)
 .debug_aranges
                0x0000000000000138       0x20 /home/mohil/altera_lite/16.0/nios2eds/bin/gnu/H-x86_64-pc-linux-gnu/bin/../lib/gcc/nios2-elf/5.2.0/mno-hw-mul/libgcc.a(lib2-divmod.o)
 .debug_aranges
                0x0000000000000158       0x20 /home/mohil/altera_lite/16.0/nios2eds/bin/gnu/H-x86_64-pc-linux-gnu/bin/../lib/gcc/nios2-elf/5.2.0/mno-hw-mul/libgcc.a(lib2-mul.o)
 .debug_aranges
                0x0000000000000178       0x20 ../mysoft1_bsp//libhal_bsp.a(alt_iic.o)
 .debug_aranges
                0x0000000000000198       0x20 ../mysoft1_bsp//libhal_bsp.a(alt_iic_isr_register.o)
 .debug_aranges
                0x00000000000001b8       0x30 ../mysoft1_bsp//libhal_bsp.a(alt_irq_entry.o)
 .debug_aranges
                0x00000000000001e8       0x20 ../mysoft1_bsp//libhal_bsp.a(alt_irq_handler.o)
 .debug_aranges
                0x0000000000000208       0x18 ../mysoft1_bsp//libhal_bsp.a(alt_irq_vars.o)
 .debug_aranges
                0x0000000000000220       0x20 ../mysoft1_bsp//libhal_bsp.a(alt_load.o)
 .debug_aranges
                0x0000000000000240       0x20 ../mysoft1_bsp//libhal_bsp.a(alt_main.o)
 .debug_aranges
                0x0000000000000260       0x20 ../mysoft1_bsp//libhal_bsp.a(alt_putstr.o)
 .debug_aranges
                0x0000000000000280       0x20 ../mysoft1_bsp//libhal_bsp.a(alt_usleep.o)
 .debug_aranges
                0x00000000000002a0       0x20 ../mysoft1_bsp//libhal_bsp.a(alt_write.o)
 .debug_aranges
                0x00000000000002c0       0x20 ../mysoft1_bsp//libhal_bsp.a(alt_sys_init.o)
 .debug_aranges
                0x00000000000002e0       0x20 ../mysoft1_bsp//libhal_bsp.a(altera_avalon_jtag_uart_write.o)
 .debug_aranges
                0x0000000000000300       0x20 ../mysoft1_bsp//libhal_bsp.a(alt_busy_sleep.o)
 .debug_aranges
                0x0000000000000320       0x20 ../mysoft1_bsp//libhal_bsp.a(alt_dcache_flush_all.o)
 .debug_aranges
                0x0000000000000340       0x18 ../mysoft1_bsp//libhal_bsp.a(alt_errno.o)
 .debug_aranges
                0x0000000000000358       0x38 ../mysoft1_bsp//libhal_bsp.a(alt_exception_entry.o)
 .debug_aranges
                0x0000000000000390       0x20 ../mysoft1_bsp//libhal_bsp.a(alt_icache_flush_all.o)
 .debug_aranges
                0x00000000000003b0       0x28 ../mysoft1_bsp//libhal_bsp.a(alt_instruction_exception_entry.o)
 .debug_aranges
                0x00000000000003d8       0x20 ../mysoft1_bsp//libhal_bsp.a(altera_nios2_gen2_irq.o)

.debug_pubnames
 *(.debug_pubnames)

.debug_info     0x0000000000000000     0x4468
 *(.debug_info .gnu.linkonce.wi.*)
 .debug_info    0x0000000000000000       0x74 ../mysoft1_bsp//obj/HAL/src/crt0.o
 .debug_info    0x0000000000000074      0x349 obj/default/hello_world_small.o
 .debug_info    0x00000000000003bd      0x699 /home/mohil/altera_lite/16.0/nios2eds/bin/gnu/H-x86_64-pc-linux-gnu/bin/../lib/gcc/nios2-elf/5.2.0/../../../../../H-x86_64-pc-linux-gnu/nios2-elf/lib/mno-hw-mul/libsmallc.a(lib_a-printf.o)
 .debug_info    0x0000000000000a56      0xb2b /home/mohil/altera_lite/16.0/nios2eds/bin/gnu/H-x86_64-pc-linux-gnu/bin/../lib/gcc/nios2-elf/5.2.0/../../../../../H-x86_64-pc-linux-gnu/nios2-elf/lib/mno-hw-mul/libsmallc.a(lib_a-vfprintf.o)
 .debug_info    0x0000000000001581      0x62b /home/mohil/altera_lite/16.0/nios2eds/bin/gnu/H-x86_64-pc-linux-gnu/bin/../lib/gcc/nios2-elf/5.2.0/../../../../../H-x86_64-pc-linux-gnu/nios2-elf/lib/mno-hw-mul/libsmallc.a(lib_a-fvwrite_small_dev.o)
 .debug_info    0x0000000000001bac      0x5a9 /home/mohil/altera_lite/16.0/nios2eds/bin/gnu/H-x86_64-pc-linux-gnu/bin/../lib/gcc/nios2-elf/5.2.0/../../../../../H-x86_64-pc-linux-gnu/nios2-elf/lib/mno-hw-mul/libsmallc.a(lib_a-impure.o)
 .debug_info    0x0000000000002155       0xc9 /home/mohil/altera_lite/16.0/nios2eds/bin/gnu/H-x86_64-pc-linux-gnu/bin/../lib/gcc/nios2-elf/5.2.0/../../../../../H-x86_64-pc-linux-gnu/nios2-elf/lib/mno-hw-mul/libsmallc.a(lib_a-strlen.o)
 .debug_info    0x000000000000221e      0x630 /home/mohil/altera_lite/16.0/nios2eds/bin/gnu/H-x86_64-pc-linux-gnu/bin/../lib/gcc/nios2-elf/5.2.0/../../../../../H-x86_64-pc-linux-gnu/nios2-elf/lib/mno-hw-mul/libsmallc.a(lib_a-writer.o)
 .debug_info    0x000000000000284e       0x8a /home/mohil/altera_lite/16.0/nios2eds/bin/gnu/H-x86_64-pc-linux-gnu/bin/../lib/gcc/nios2-elf/5.2.0/../../../../../H-x86_64-pc-linux-gnu/nios2-elf/lib/mno-hw-mul/libsmallc.a(lib_a-int_errno.o)
 .debug_info    0x00000000000028d8      0x2c3 /home/mohil/altera_lite/16.0/nios2eds/bin/gnu/H-x86_64-pc-linux-gnu/bin/../lib/gcc/nios2-elf/5.2.0/mno-hw-mul/libgcc.a(lib2-divmod.o)
 .debug_info    0x0000000000002b9b       0xb4 /home/mohil/altera_lite/16.0/nios2eds/bin/gnu/H-x86_64-pc-linux-gnu/bin/../lib/gcc/nios2-elf/5.2.0/mno-hw-mul/libgcc.a(lib2-mul.o)
 .debug_info    0x0000000000002c4f      0x38a ../mysoft1_bsp//libhal_bsp.a(alt_iic.o)
 .debug_info    0x0000000000002fd9      0x232 ../mysoft1_bsp//libhal_bsp.a(alt_iic_isr_register.o)
 .debug_info    0x000000000000320b       0x7d ../mysoft1_bsp//libhal_bsp.a(alt_irq_entry.o)
 .debug_info    0x0000000000003288      0x184 ../mysoft1_bsp//libhal_bsp.a(alt_irq_handler.o)
 .debug_info    0x000000000000340c       0x88 ../mysoft1_bsp//libhal_bsp.a(alt_irq_vars.o)
 .debug_info    0x0000000000003494      0x1c9 ../mysoft1_bsp//libhal_bsp.a(alt_load.o)
 .debug_info    0x000000000000365d      0x169 ../mysoft1_bsp//libhal_bsp.a(alt_main.o)
 .debug_info    0x00000000000037c6      0x13a ../mysoft1_bsp//libhal_bsp.a(alt_putstr.o)
 .debug_info    0x0000000000003900       0xd1 ../mysoft1_bsp//libhal_bsp.a(alt_usleep.o)
 .debug_info    0x00000000000039d1      0x1c7 ../mysoft1_bsp//libhal_bsp.a(alt_write.o)
 .debug_info    0x0000000000003b98      0x185 ../mysoft1_bsp//libhal_bsp.a(alt_sys_init.o)
 .debug_info    0x0000000000003d1d      0x197 ../mysoft1_bsp//libhal_bsp.a(altera_avalon_jtag_uart_write.o)
 .debug_info    0x0000000000003eb4       0xd8 ../mysoft1_bsp//libhal_bsp.a(alt_busy_sleep.o)
 .debug_info    0x0000000000003f8c       0x92 ../mysoft1_bsp//libhal_bsp.a(alt_dcache_flush_all.o)
 .debug_info    0x000000000000401e       0xa6 ../mysoft1_bsp//libhal_bsp.a(alt_errno.o)
 .debug_info    0x00000000000040c4       0x83 ../mysoft1_bsp//libhal_bsp.a(alt_exception_entry.o)
 .debug_info    0x0000000000004147       0x92 ../mysoft1_bsp//libhal_bsp.a(alt_icache_flush_all.o)
 .debug_info    0x00000000000041d9      0x1fd ../mysoft1_bsp//libhal_bsp.a(alt_instruction_exception_entry.o)
 .debug_info    0x00000000000043d6       0x92 ../mysoft1_bsp//libhal_bsp.a(altera_nios2_gen2_irq.o)

.debug_abbrev   0x0000000000000000     0x1a3c
 *(.debug_abbrev)
 .debug_abbrev  0x0000000000000000       0x12 ../mysoft1_bsp//obj/HAL/src/crt0.o
 .debug_abbrev  0x0000000000000012      0x138 obj/default/hello_world_small.o
 .debug_abbrev  0x000000000000014a      0x1ee /home/mohil/altera_lite/16.0/nios2eds/bin/gnu/H-x86_64-pc-linux-gnu/bin/../lib/gcc/nios2-elf/5.2.0/../../../../../H-x86_64-pc-linux-gnu/nios2-elf/lib/mno-hw-mul/libsmallc.a(lib_a-printf.o)
 .debug_abbrev  0x0000000000000338      0x2a1 /home/mohil/altera_lite/16.0/nios2eds/bin/gnu/H-x86_64-pc-linux-gnu/bin/../lib/gcc/nios2-elf/5.2.0/../../../../../H-x86_64-pc-linux-gnu/nios2-elf/lib/mno-hw-mul/libsmallc.a(lib_a-vfprintf.o)
 .debug_abbrev  0x00000000000005d9      0x1bc /home/mohil/altera_lite/16.0/nios2eds/bin/gnu/H-x86_64-pc-linux-gnu/bin/../lib/gcc/nios2-elf/5.2.0/../../../../../H-x86_64-pc-linux-gnu/nios2-elf/lib/mno-hw-mul/libsmallc.a(lib_a-fvwrite_small_dev.o)
 .debug_abbrev  0x0000000000000795      0x14a /home/mohil/altera_lite/16.0/nios2eds/bin/gnu/H-x86_64-pc-linux-gnu/bin/../lib/gcc/nios2-elf/5.2.0/../../../../../H-x86_64-pc-linux-gnu/nios2-elf/lib/mno-hw-mul/libsmallc.a(lib_a-impure.o)
 .debug_abbrev  0x00000000000008df       0x7f /home/mohil/altera_lite/16.0/nios2eds/bin/gnu/H-x86_64-pc-linux-gnu/bin/../lib/gcc/nios2-elf/5.2.0/../../../../../H-x86_64-pc-linux-gnu/nios2-elf/lib/mno-hw-mul/libsmallc.a(lib_a-strlen.o)
 .debug_abbrev  0x000000000000095e      0x1a6 /home/mohil/altera_lite/16.0/nios2eds/bin/gnu/H-x86_64-pc-linux-gnu/bin/../lib/gcc/nios2-elf/5.2.0/../../../../../H-x86_64-pc-linux-gnu/nios2-elf/lib/mno-hw-mul/libsmallc.a(lib_a-writer.o)
 .debug_abbrev  0x0000000000000b04       0x37 /home/mohil/altera_lite/16.0/nios2eds/bin/gnu/H-x86_64-pc-linux-gnu/bin/../lib/gcc/nios2-elf/5.2.0/../../../../../H-x86_64-pc-linux-gnu/nios2-elf/lib/mno-hw-mul/libsmallc.a(lib_a-int_errno.o)
 .debug_abbrev  0x0000000000000b3b      0x10e /home/mohil/altera_lite/16.0/nios2eds/bin/gnu/H-x86_64-pc-linux-gnu/bin/../lib/gcc/nios2-elf/5.2.0/mno-hw-mul/libgcc.a(lib2-divmod.o)
 .debug_abbrev  0x0000000000000c49       0x6f /home/mohil/altera_lite/16.0/nios2eds/bin/gnu/H-x86_64-pc-linux-gnu/bin/../lib/gcc/nios2-elf/5.2.0/mno-hw-mul/libgcc.a(lib2-mul.o)
 .debug_abbrev  0x0000000000000cb8      0x1a0 ../mysoft1_bsp//libhal_bsp.a(alt_iic.o)
 .debug_abbrev  0x0000000000000e58      0x19c ../mysoft1_bsp//libhal_bsp.a(alt_iic_isr_register.o)
 .debug_abbrev  0x0000000000000ff4       0x12 ../mysoft1_bsp//libhal_bsp.a(alt_irq_entry.o)
 .debug_abbrev  0x0000000000001006      0x120 ../mysoft1_bsp//libhal_bsp.a(alt_irq_handler.o)
 .debug_abbrev  0x0000000000001126       0x40 ../mysoft1_bsp//libhal_bsp.a(alt_irq_vars.o)
 .debug_abbrev  0x0000000000001166       0xd8 ../mysoft1_bsp//libhal_bsp.a(alt_load.o)
 .debug_abbrev  0x000000000000123e       0xee ../mysoft1_bsp//libhal_bsp.a(alt_main.o)
 .debug_abbrev  0x000000000000132c       0xd3 ../mysoft1_bsp//libhal_bsp.a(alt_putstr.o)
 .debug_abbrev  0x00000000000013ff       0x8d ../mysoft1_bsp//libhal_bsp.a(alt_usleep.o)
 .debug_abbrev  0x000000000000148c      0x12e ../mysoft1_bsp//libhal_bsp.a(alt_write.o)
 .debug_abbrev  0x00000000000015ba      0x107 ../mysoft1_bsp//libhal_bsp.a(alt_sys_init.o)
 .debug_abbrev  0x00000000000016c1       0xd5 ../mysoft1_bsp//libhal_bsp.a(altera_avalon_jtag_uart_write.o)
 .debug_abbrev  0x0000000000001796       0x8d ../mysoft1_bsp//libhal_bsp.a(alt_busy_sleep.o)
 .debug_abbrev  0x0000000000001823       0x42 ../mysoft1_bsp//libhal_bsp.a(alt_dcache_flush_all.o)
 .debug_abbrev  0x0000000000001865       0x5a ../mysoft1_bsp//libhal_bsp.a(alt_errno.o)
 .debug_abbrev  0x00000000000018bf       0x12 ../mysoft1_bsp//libhal_bsp.a(alt_exception_entry.o)
 .debug_abbrev  0x00000000000018d1       0x42 ../mysoft1_bsp//libhal_bsp.a(alt_icache_flush_all.o)
 .debug_abbrev  0x0000000000001913       0xe7 ../mysoft1_bsp//libhal_bsp.a(alt_instruction_exception_entry.o)
 .debug_abbrev  0x00000000000019fa       0x42 ../mysoft1_bsp//libhal_bsp.a(altera_nios2_gen2_irq.o)

.debug_line     0x0000000000000000     0x1d0f
 *(.debug_line)
 .debug_line    0x0000000000000000       0x66 ../mysoft1_bsp//obj/HAL/src/crt0.o
 .debug_line    0x0000000000000066      0x1f0 obj/default/hello_world_small.o
 .debug_line    0x0000000000000256      0x203 /home/mohil/altera_lite/16.0/nios2eds/bin/gnu/H-x86_64-pc-linux-gnu/bin/../lib/gcc/nios2-elf/5.2.0/../../../../../H-x86_64-pc-linux-gnu/nios2-elf/lib/mno-hw-mul/libsmallc.a(lib_a-printf.o)
 .debug_line    0x0000000000000459      0x351 /home/mohil/altera_lite/16.0/nios2eds/bin/gnu/H-x86_64-pc-linux-gnu/bin/../lib/gcc/nios2-elf/5.2.0/../../../../../H-x86_64-pc-linux-gnu/nios2-elf/lib/mno-hw-mul/libsmallc.a(lib_a-vfprintf.o)
 .debug_line    0x00000000000007aa      0x1f0 /home/mohil/altera_lite/16.0/nios2eds/bin/gnu/H-x86_64-pc-linux-gnu/bin/../lib/gcc/nios2-elf/5.2.0/../../../../../H-x86_64-pc-linux-gnu/nios2-elf/lib/mno-hw-mul/libsmallc.a(lib_a-fvwrite_small_dev.o)
 .debug_line    0x000000000000099a      0x156 /home/mohil/altera_lite/16.0/nios2eds/bin/gnu/H-x86_64-pc-linux-gnu/bin/../lib/gcc/nios2-elf/5.2.0/../../../../../H-x86_64-pc-linux-gnu/nios2-elf/lib/mno-hw-mul/libsmallc.a(lib_a-impure.o)
 .debug_line    0x0000000000000af0      0x15c /home/mohil/altera_lite/16.0/nios2eds/bin/gnu/H-x86_64-pc-linux-gnu/bin/../lib/gcc/nios2-elf/5.2.0/../../../../../H-x86_64-pc-linux-gnu/nios2-elf/lib/mno-hw-mul/libsmallc.a(lib_a-strlen.o)
 .debug_line    0x0000000000000c4c      0x1ed /home/mohil/altera_lite/16.0/nios2eds/bin/gnu/H-x86_64-pc-linux-gnu/bin/../lib/gcc/nios2-elf/5.2.0/../../../../../H-x86_64-pc-linux-gnu/nios2-elf/lib/mno-hw-mul/libsmallc.a(lib_a-writer.o)
 .debug_line    0x0000000000000e39       0x5f /home/mohil/altera_lite/16.0/nios2eds/bin/gnu/H-x86_64-pc-linux-gnu/bin/../lib/gcc/nios2-elf/5.2.0/../../../../../H-x86_64-pc-linux-gnu/nios2-elf/lib/mno-hw-mul/libsmallc.a(lib_a-int_errno.o)
 .debug_line    0x0000000000000e98      0x105 /home/mohil/altera_lite/16.0/nios2eds/bin/gnu/H-x86_64-pc-linux-gnu/bin/../lib/gcc/nios2-elf/5.2.0/mno-hw-mul/libgcc.a(lib2-divmod.o)
 .debug_line    0x0000000000000f9d       0x80 /home/mohil/altera_lite/16.0/nios2eds/bin/gnu/H-x86_64-pc-linux-gnu/bin/../lib/gcc/nios2-elf/5.2.0/mno-hw-mul/libgcc.a(lib2-mul.o)
 .debug_line    0x000000000000101d       0xf1 ../mysoft1_bsp//libhal_bsp.a(alt_iic.o)
 .debug_line    0x000000000000110e       0xd6 ../mysoft1_bsp//libhal_bsp.a(alt_iic_isr_register.o)
 .debug_line    0x00000000000011e4       0x6b ../mysoft1_bsp//libhal_bsp.a(alt_irq_entry.o)
 .debug_line    0x000000000000124f       0xa5 ../mysoft1_bsp//libhal_bsp.a(alt_irq_handler.o)
 .debug_line    0x00000000000012f4       0x50 ../mysoft1_bsp//libhal_bsp.a(alt_irq_vars.o)
 .debug_line    0x0000000000001344       0xa4 ../mysoft1_bsp//libhal_bsp.a(alt_load.o)
 .debug_line    0x00000000000013e8       0xbd ../mysoft1_bsp//libhal_bsp.a(alt_main.o)
 .debug_line    0x00000000000014a5       0xaf ../mysoft1_bsp//libhal_bsp.a(alt_putstr.o)
 .debug_line    0x0000000000001554       0xde ../mysoft1_bsp//libhal_bsp.a(alt_usleep.o)
 .debug_line    0x0000000000001632      0x188 ../mysoft1_bsp//libhal_bsp.a(alt_write.o)
 .debug_line    0x00000000000017ba      0x101 ../mysoft1_bsp//libhal_bsp.a(alt_sys_init.o)
 .debug_line    0x00000000000018bb       0xf0 ../mysoft1_bsp//libhal_bsp.a(altera_avalon_jtag_uart_write.o)
 .debug_line    0x00000000000019ab       0xb5 ../mysoft1_bsp//libhal_bsp.a(alt_busy_sleep.o)
 .debug_line    0x0000000000001a60       0x4e ../mysoft1_bsp//libhal_bsp.a(alt_dcache_flush_all.o)
 .debug_line    0x0000000000001aae       0x51 ../mysoft1_bsp//libhal_bsp.a(alt_errno.o)
 .debug_line    0x0000000000001aff       0xb3 ../mysoft1_bsp//libhal_bsp.a(alt_exception_entry.o)
 .debug_line    0x0000000000001bb2       0x4e ../mysoft1_bsp//libhal_bsp.a(alt_icache_flush_all.o)
 .debug_line    0x0000000000001c00       0xbf ../mysoft1_bsp//libhal_bsp.a(alt_instruction_exception_entry.o)
 .debug_line    0x0000000000001cbf       0x50 ../mysoft1_bsp//libhal_bsp.a(altera_nios2_gen2_irq.o)

.debug_frame    0x0000000000000000      0x50c
 *(.debug_frame)
 .debug_frame   0x0000000000000000       0x70 obj/default/hello_world_small.o
 .debug_frame   0x0000000000000070       0x48 /home/mohil/altera_lite/16.0/nios2eds/bin/gnu/H-x86_64-pc-linux-gnu/bin/../lib/gcc/nios2-elf/5.2.0/../../../../../H-x86_64-pc-linux-gnu/nios2-elf/lib/mno-hw-mul/libsmallc.a(lib_a-printf.o)
 .debug_frame   0x00000000000000b8       0x8c /home/mohil/altera_lite/16.0/nios2eds/bin/gnu/H-x86_64-pc-linux-gnu/bin/../lib/gcc/nios2-elf/5.2.0/../../../../../H-x86_64-pc-linux-gnu/nios2-elf/lib/mno-hw-mul/libsmallc.a(lib_a-vfprintf.o)
 .debug_frame   0x0000000000000144       0x58 /home/mohil/altera_lite/16.0/nios2eds/bin/gnu/H-x86_64-pc-linux-gnu/bin/../lib/gcc/nios2-elf/5.2.0/../../../../../H-x86_64-pc-linux-gnu/nios2-elf/lib/mno-hw-mul/libsmallc.a(lib_a-fvwrite_small_dev.o)
 .debug_frame   0x000000000000019c       0x20 /home/mohil/altera_lite/16.0/nios2eds/bin/gnu/H-x86_64-pc-linux-gnu/bin/../lib/gcc/nios2-elf/5.2.0/../../../../../H-x86_64-pc-linux-gnu/nios2-elf/lib/mno-hw-mul/libsmallc.a(lib_a-strlen.o)
 .debug_frame   0x00000000000001bc       0x38 /home/mohil/altera_lite/16.0/nios2eds/bin/gnu/H-x86_64-pc-linux-gnu/bin/../lib/gcc/nios2-elf/5.2.0/../../../../../H-x86_64-pc-linux-gnu/nios2-elf/lib/mno-hw-mul/libsmallc.a(lib_a-writer.o)
 .debug_frame   0x00000000000001f4       0x50 /home/mohil/altera_lite/16.0/nios2eds/bin/gnu/H-x86_64-pc-linux-gnu/bin/../lib/gcc/nios2-elf/5.2.0/mno-hw-mul/libgcc.a(lib2-divmod.o)
 .debug_frame   0x0000000000000244       0x20 /home/mohil/altera_lite/16.0/nios2eds/bin/gnu/H-x86_64-pc-linux-gnu/bin/../lib/gcc/nios2-elf/5.2.0/mno-hw-mul/libgcc.a(lib2-mul.o)
 .debug_frame   0x0000000000000264       0x50 ../mysoft1_bsp//libhal_bsp.a(alt_iic.o)
 .debug_frame   0x00000000000002b4       0x30 ../mysoft1_bsp//libhal_bsp.a(alt_iic_isr_register.o)
 .debug_frame   0x00000000000002e4       0x34 ../mysoft1_bsp//libhal_bsp.a(alt_irq_handler.o)
 .debug_frame   0x0000000000000318       0x30 ../mysoft1_bsp//libhal_bsp.a(alt_load.o)
 .debug_frame   0x0000000000000348       0x2c ../mysoft1_bsp//libhal_bsp.a(alt_main.o)
 .debug_frame   0x0000000000000374       0x30 ../mysoft1_bsp//libhal_bsp.a(alt_putstr.o)
 .debug_frame   0x00000000000003a4       0x20 ../mysoft1_bsp//libhal_bsp.a(alt_usleep.o)
 .debug_frame   0x00000000000003c4       0x2c ../mysoft1_bsp//libhal_bsp.a(alt_write.o)
 .debug_frame   0x00000000000003f0       0x3c ../mysoft1_bsp//libhal_bsp.a(alt_sys_init.o)
 .debug_frame   0x000000000000042c       0x20 ../mysoft1_bsp//libhal_bsp.a(altera_avalon_jtag_uart_write.o)
 .debug_frame   0x000000000000044c       0x30 ../mysoft1_bsp//libhal_bsp.a(alt_busy_sleep.o)
 .debug_frame   0x000000000000047c       0x20 ../mysoft1_bsp//libhal_bsp.a(alt_dcache_flush_all.o)
 .debug_frame   0x000000000000049c       0x20 ../mysoft1_bsp//libhal_bsp.a(alt_icache_flush_all.o)
 .debug_frame   0x00000000000004bc       0x30 ../mysoft1_bsp//libhal_bsp.a(alt_instruction_exception_entry.o)
 .debug_frame   0x00000000000004ec       0x20 ../mysoft1_bsp//libhal_bsp.a(altera_nios2_gen2_irq.o)

.debug_str      0x0000000000000000     0x1702
 *(.debug_str)
 .debug_str     0x0000000000000000      0x21e obj/default/hello_world_small.o
                                        0x25c (size before relaxing)
 .debug_str     0x000000000000021e      0x42a /home/mohil/altera_lite/16.0/nios2eds/bin/gnu/H-x86_64-pc-linux-gnu/bin/../lib/gcc/nios2-elf/5.2.0/../../../../../H-x86_64-pc-linux-gnu/nios2-elf/lib/mno-hw-mul/libsmallc.a(lib_a-printf.o)
                                        0x505 (size before relaxing)
 .debug_str     0x0000000000000648      0x1ff /home/mohil/altera_lite/16.0/nios2eds/bin/gnu/H-x86_64-pc-linux-gnu/bin/../lib/gcc/nios2-elf/5.2.0/../../../../../H-x86_64-pc-linux-gnu/nios2-elf/lib/mno-hw-mul/libsmallc.a(lib_a-vfprintf.o)
                                        0x680 (size before relaxing)
 .debug_str     0x0000000000000847       0x78 /home/mohil/altera_lite/16.0/nios2eds/bin/gnu/H-x86_64-pc-linux-gnu/bin/../lib/gcc/nios2-elf/5.2.0/../../../../../H-x86_64-pc-linux-gnu/nios2-elf/lib/mno-hw-mul/libsmallc.a(lib_a-fvwrite_small_dev.o)
                                        0x4d5 (size before relaxing)
 .debug_str     0x00000000000008bf       0xf0 /home/mohil/altera_lite/16.0/nios2eds/bin/gnu/H-x86_64-pc-linux-gnu/bin/../lib/gcc/nios2-elf/5.2.0/../../../../../H-x86_64-pc-linux-gnu/nios2-elf/lib/mno-hw-mul/libsmallc.a(lib_a-impure.o)
                                        0x4bf (size before relaxing)
 .debug_str     0x00000000000009af       0xd3 /home/mohil/altera_lite/16.0/nios2eds/bin/gnu/H-x86_64-pc-linux-gnu/bin/../lib/gcc/nios2-elf/5.2.0/../../../../../H-x86_64-pc-linux-gnu/nios2-elf/lib/mno-hw-mul/libsmallc.a(lib_a-strlen.o)
                                        0x1e6 (size before relaxing)
 .debug_str     0x0000000000000a82       0x45 /home/mohil/altera_lite/16.0/nios2eds/bin/gnu/H-x86_64-pc-linux-gnu/bin/../lib/gcc/nios2-elf/5.2.0/../../../../../H-x86_64-pc-linux-gnu/nios2-elf/lib/mno-hw-mul/libsmallc.a(lib_a-writer.o)
                                        0x4b9 (size before relaxing)
 .debug_str     0x0000000000000ac7       0x3f /home/mohil/altera_lite/16.0/nios2eds/bin/gnu/H-x86_64-pc-linux-gnu/bin/../lib/gcc/nios2-elf/5.2.0/../../../../../H-x86_64-pc-linux-gnu/nios2-elf/lib/mno-hw-mul/libsmallc.a(lib_a-int_errno.o)
                                        0x1d9 (size before relaxing)
 .debug_str     0x0000000000000b06      0x188 /home/mohil/altera_lite/16.0/nios2eds/bin/gnu/H-x86_64-pc-linux-gnu/bin/../lib/gcc/nios2-elf/5.2.0/mno-hw-mul/libgcc.a(lib2-divmod.o)
                                        0x1d3 (size before relaxing)
 .debug_str     0x0000000000000c8e       0x40 /home/mohil/altera_lite/16.0/nios2eds/bin/gnu/H-x86_64-pc-linux-gnu/bin/../lib/gcc/nios2-elf/5.2.0/mno-hw-mul/libgcc.a(lib2-mul.o)
                                        0x194 (size before relaxing)
 .debug_str     0x0000000000000cce      0x173 ../mysoft1_bsp//libhal_bsp.a(alt_iic.o)
                                        0x259 (size before relaxing)
 .debug_str     0x0000000000000e41       0x37 ../mysoft1_bsp//libhal_bsp.a(alt_iic_isr_register.o)
                                        0x213 (size before relaxing)
 .debug_str     0x0000000000000e78       0x3a ../mysoft1_bsp//libhal_bsp.a(alt_irq_handler.o)
                                        0x19d (size before relaxing)
 .debug_str     0x0000000000000eb2       0x17 ../mysoft1_bsp//libhal_bsp.a(alt_irq_vars.o)
                                        0x140 (size before relaxing)
 .debug_str     0x0000000000000ec9      0x113 ../mysoft1_bsp//libhal_bsp.a(alt_load.o)
                                        0x242 (size before relaxing)
 .debug_str     0x0000000000000fdc       0x8a ../mysoft1_bsp//libhal_bsp.a(alt_main.o)
                                        0x1bb (size before relaxing)
 .debug_str     0x0000000000001066       0x5f ../mysoft1_bsp//libhal_bsp.a(alt_putstr.o)
                                        0x198 (size before relaxing)
 .debug_str     0x00000000000010c5       0x2f ../mysoft1_bsp//libhal_bsp.a(alt_usleep.o)
                                        0x15d (size before relaxing)
 .debug_str     0x00000000000010f4       0x2c ../mysoft1_bsp//libhal_bsp.a(alt_write.o)
                                        0x1e6 (size before relaxing)
 .debug_str     0x0000000000001120       0x86 ../mysoft1_bsp//libhal_bsp.a(alt_sys_init.o)
                                        0x22c (size before relaxing)
 .debug_str     0x00000000000011a6       0x2c ../mysoft1_bsp//libhal_bsp.a(altera_avalon_jtag_uart_write.o)
                                        0x21b (size before relaxing)
 .debug_str     0x00000000000011d2       0x33 ../mysoft1_bsp//libhal_bsp.a(alt_busy_sleep.o)
                                        0x171 (size before relaxing)
 .debug_str     0x0000000000001205       0x1f ../mysoft1_bsp//libhal_bsp.a(alt_dcache_flush_all.o)
                                        0x15b (size before relaxing)
 .debug_str     0x0000000000001224       0x14 ../mysoft1_bsp//libhal_bsp.a(alt_errno.o)
                                        0x14b (size before relaxing)
 .debug_str     0x0000000000001238       0x1f ../mysoft1_bsp//libhal_bsp.a(alt_icache_flush_all.o)
                                        0x15b (size before relaxing)
 .debug_str     0x0000000000001257      0x48b ../mysoft1_bsp//libhal_bsp.a(alt_instruction_exception_entry.o)
                                        0x5a6 (size before relaxing)
 .debug_str     0x00000000000016e2       0x20 ../mysoft1_bsp//libhal_bsp.a(altera_nios2_gen2_irq.o)
                                        0x162 (size before relaxing)

.debug_loc      0x0000000000000000     0x180f
 *(.debug_loc)
 .debug_loc     0x0000000000000000       0xcd obj/default/hello_world_small.o
 .debug_loc     0x00000000000000cd       0xc6 /home/mohil/altera_lite/16.0/nios2eds/bin/gnu/H-x86_64-pc-linux-gnu/bin/../lib/gcc/nios2-elf/5.2.0/../../../../../H-x86_64-pc-linux-gnu/nios2-elf/lib/mno-hw-mul/libsmallc.a(lib_a-printf.o)
 .debug_loc     0x0000000000000193      0x954 /home/mohil/altera_lite/16.0/nios2eds/bin/gnu/H-x86_64-pc-linux-gnu/bin/../lib/gcc/nios2-elf/5.2.0/../../../../../H-x86_64-pc-linux-gnu/nios2-elf/lib/mno-hw-mul/libsmallc.a(lib_a-vfprintf.o)
 .debug_loc     0x0000000000000ae7      0x110 /home/mohil/altera_lite/16.0/nios2eds/bin/gnu/H-x86_64-pc-linux-gnu/bin/../lib/gcc/nios2-elf/5.2.0/../../../../../H-x86_64-pc-linux-gnu/nios2-elf/lib/mno-hw-mul/libsmallc.a(lib_a-fvwrite_small_dev.o)
 .debug_loc     0x0000000000000bf7       0x1e /home/mohil/altera_lite/16.0/nios2eds/bin/gnu/H-x86_64-pc-linux-gnu/bin/../lib/gcc/nios2-elf/5.2.0/../../../../../H-x86_64-pc-linux-gnu/nios2-elf/lib/mno-hw-mul/libsmallc.a(lib_a-strlen.o)
 .debug_loc     0x0000000000000c15       0xa5 /home/mohil/altera_lite/16.0/nios2eds/bin/gnu/H-x86_64-pc-linux-gnu/bin/../lib/gcc/nios2-elf/5.2.0/../../../../../H-x86_64-pc-linux-gnu/nios2-elf/lib/mno-hw-mul/libsmallc.a(lib_a-writer.o)
 .debug_loc     0x0000000000000cba      0x4ae /home/mohil/altera_lite/16.0/nios2eds/bin/gnu/H-x86_64-pc-linux-gnu/bin/../lib/gcc/nios2-elf/5.2.0/mno-hw-mul/libgcc.a(lib2-divmod.o)
 .debug_loc     0x0000000000001168       0x93 /home/mohil/altera_lite/16.0/nios2eds/bin/gnu/H-x86_64-pc-linux-gnu/bin/../lib/gcc/nios2-elf/5.2.0/mno-hw-mul/libgcc.a(lib2-mul.o)
 .debug_loc     0x00000000000011fb      0x170 ../mysoft1_bsp//libhal_bsp.a(alt_iic.o)
 .debug_loc     0x000000000000136b      0x193 ../mysoft1_bsp//libhal_bsp.a(alt_iic_isr_register.o)
 .debug_loc     0x00000000000014fe       0x72 ../mysoft1_bsp//libhal_bsp.a(alt_irq_handler.o)
 .debug_loc     0x0000000000001570       0x37 ../mysoft1_bsp//libhal_bsp.a(alt_putstr.o)
 .debug_loc     0x00000000000015a7       0x21 ../mysoft1_bsp//libhal_bsp.a(alt_usleep.o)
 .debug_loc     0x00000000000015c8       0xcf ../mysoft1_bsp//libhal_bsp.a(alt_write.o)
 .debug_loc     0x0000000000001697       0x21 ../mysoft1_bsp//libhal_bsp.a(alt_sys_init.o)
 .debug_loc     0x00000000000016b8       0x8b ../mysoft1_bsp//libhal_bsp.a(altera_avalon_jtag_uart_write.o)
 .debug_loc     0x0000000000001743       0x67 ../mysoft1_bsp//libhal_bsp.a(alt_busy_sleep.o)
 .debug_loc     0x00000000000017aa       0x65 ../mysoft1_bsp//libhal_bsp.a(alt_instruction_exception_entry.o)

.debug_macinfo
 *(.debug_macinfo)

.debug_weaknames
 *(.debug_weaknames)

.debug_funcnames
 *(.debug_funcnames)

.debug_typenames
 *(.debug_typenames)

.debug_varnames
 *(.debug_varnames)

.debug_alt_sim_info
                0x0000000000000000       0x40
 *(.debug_alt_sim_info)
 .debug_alt_sim_info
                0x0000000000000000       0x10 ../mysoft1_bsp//obj/HAL/src/crt0.o
 .debug_alt_sim_info
                0x0000000000000010       0x30 ../mysoft1_bsp//libhal_bsp.a(alt_busy_sleep.o)
                0x0000000000010000                __alt_data_end = 0x10000
                0x0000000000010000                PROVIDE (__alt_stack_pointer, __alt_data_end)
                [!provide]                        PROVIDE (__alt_stack_limit, __alt_stack_base)
                [!provide]                        PROVIDE (__alt_heap_start, end)
                [!provide]                        PROVIDE (__alt_heap_limit, 0x10000)
OUTPUT(mysoft1.elf elf32-littlenios2)

.debug_ranges   0x0000000000000000      0x2c0
 .debug_ranges  0x0000000000000000       0x20 ../mysoft1_bsp//obj/HAL/src/crt0.o
 .debug_ranges  0x0000000000000020       0x30 obj/default/hello_world_small.o
 .debug_ranges  0x0000000000000050       0x18 /home/mohil/altera_lite/16.0/nios2eds/bin/gnu/H-x86_64-pc-linux-gnu/bin/../lib/gcc/nios2-elf/5.2.0/../../../../../H-x86_64-pc-linux-gnu/nios2-elf/lib/mno-hw-mul/libsmallc.a(lib_a-printf.o)
 .debug_ranges  0x0000000000000068       0xc8 /home/mohil/altera_lite/16.0/nios2eds/bin/gnu/H-x86_64-pc-linux-gnu/bin/../lib/gcc/nios2-elf/5.2.0/../../../../../H-x86_64-pc-linux-gnu/nios2-elf/lib/mno-hw-mul/libsmallc.a(lib_a-vfprintf.o)
 .debug_ranges  0x0000000000000130       0x28 /home/mohil/altera_lite/16.0/nios2eds/bin/gnu/H-x86_64-pc-linux-gnu/bin/../lib/gcc/nios2-elf/5.2.0/../../../../../H-x86_64-pc-linux-gnu/nios2-elf/lib/mno-hw-mul/libsmallc.a(lib_a-fvwrite_small_dev.o)
 .debug_ranges  0x0000000000000158       0x10 /home/mohil/altera_lite/16.0/nios2eds/bin/gnu/H-x86_64-pc-linux-gnu/bin/../lib/gcc/nios2-elf/5.2.0/../../../../../H-x86_64-pc-linux-gnu/nios2-elf/lib/mno-hw-mul/libsmallc.a(lib_a-strlen.o)
 .debug_ranges  0x0000000000000168       0x10 /home/mohil/altera_lite/16.0/nios2eds/bin/gnu/H-x86_64-pc-linux-gnu/bin/../lib/gcc/nios2-elf/5.2.0/../../../../../H-x86_64-pc-linux-gnu/nios2-elf/lib/mno-hw-mul/libsmallc.a(lib_a-writer.o)
 .debug_ranges  0x0000000000000178       0x60 /home/mohil/altera_lite/16.0/nios2eds/bin/gnu/H-x86_64-pc-linux-gnu/bin/../lib/gcc/nios2-elf/5.2.0/mno-hw-mul/libgcc.a(lib2-divmod.o)
 .debug_ranges  0x00000000000001d8       0x28 ../mysoft1_bsp//libhal_bsp.a(alt_irq_entry.o)
 .debug_ranges  0x0000000000000200       0x10 ../mysoft1_bsp//libhal_bsp.a(alt_irq_handler.o)
 .debug_ranges  0x0000000000000210       0x48 ../mysoft1_bsp//libhal_bsp.a(alt_load.o)
 .debug_ranges  0x0000000000000258       0x20 ../mysoft1_bsp//libhal_bsp.a(alt_write.o)
 .debug_ranges  0x0000000000000278       0x30 ../mysoft1_bsp//libhal_bsp.a(alt_exception_entry.o)
 .debug_ranges  0x00000000000002a8       0x18 ../mysoft1_bsp//libhal_bsp.a(alt_instruction_exception_entry.o)
