Archive member included to satisfy reference by file (symbol)

/opt/quartus/intelFPGA_lite/16.1/nios2eds/bin/gnu/H-x86_64-pc-linux-gnu/bin/../lib/gcc/nios2-elf/5.3.0/../../../../../H-x86_64-pc-linux-gnu/nios2-elf/lib/mno-hw-mul/libsmallc.a(lib_a-printf.o)
                              obj/default/hello_world_small.o (printf)
/opt/quartus/intelFPGA_lite/16.1/nios2eds/bin/gnu/H-x86_64-pc-linux-gnu/bin/../lib/gcc/nios2-elf/5.3.0/../../../../../H-x86_64-pc-linux-gnu/nios2-elf/lib/mno-hw-mul/libsmallc.a(lib_a-vfprintf.o)
                              /opt/quartus/intelFPGA_lite/16.1/nios2eds/bin/gnu/H-x86_64-pc-linux-gnu/bin/../lib/gcc/nios2-elf/5.3.0/../../../../../H-x86_64-pc-linux-gnu/nios2-elf/lib/mno-hw-mul/libsmallc.a(lib_a-printf.o) (___vfprintf_internal_r)
/opt/quartus/intelFPGA_lite/16.1/nios2eds/bin/gnu/H-x86_64-pc-linux-gnu/bin/../lib/gcc/nios2-elf/5.3.0/../../../../../H-x86_64-pc-linux-gnu/nios2-elf/lib/mno-hw-mul/libsmallc.a(lib_a-fvwrite_small_dev.o)
                              /opt/quartus/intelFPGA_lite/16.1/nios2eds/bin/gnu/H-x86_64-pc-linux-gnu/bin/../lib/gcc/nios2-elf/5.3.0/../../../../../H-x86_64-pc-linux-gnu/nios2-elf/lib/mno-hw-mul/libsmallc.a(lib_a-printf.o) (__sfvwrite_small_dev)
/opt/quartus/intelFPGA_lite/16.1/nios2eds/bin/gnu/H-x86_64-pc-linux-gnu/bin/../lib/gcc/nios2-elf/5.3.0/../../../../../H-x86_64-pc-linux-gnu/nios2-elf/lib/mno-hw-mul/libsmallc.a(lib_a-impure.o)
                              /opt/quartus/intelFPGA_lite/16.1/nios2eds/bin/gnu/H-x86_64-pc-linux-gnu/bin/../lib/gcc/nios2-elf/5.3.0/../../../../../H-x86_64-pc-linux-gnu/nios2-elf/lib/mno-hw-mul/libsmallc.a(lib_a-printf.o) (_impure_ptr)
/opt/quartus/intelFPGA_lite/16.1/nios2eds/bin/gnu/H-x86_64-pc-linux-gnu/bin/../lib/gcc/nios2-elf/5.3.0/../../../../../H-x86_64-pc-linux-gnu/nios2-elf/lib/mno-hw-mul/libsmallc.a(lib_a-strlen.o)
                              /opt/quartus/intelFPGA_lite/16.1/nios2eds/bin/gnu/H-x86_64-pc-linux-gnu/bin/../lib/gcc/nios2-elf/5.3.0/../../../../../H-x86_64-pc-linux-gnu/nios2-elf/lib/mno-hw-mul/libsmallc.a(lib_a-vfprintf.o) (strlen)
/opt/quartus/intelFPGA_lite/16.1/nios2eds/bin/gnu/H-x86_64-pc-linux-gnu/bin/../lib/gcc/nios2-elf/5.3.0/../../../../../H-x86_64-pc-linux-gnu/nios2-elf/lib/mno-hw-mul/libsmallc.a(lib_a-writer.o)
                              /opt/quartus/intelFPGA_lite/16.1/nios2eds/bin/gnu/H-x86_64-pc-linux-gnu/bin/../lib/gcc/nios2-elf/5.3.0/../../../../../H-x86_64-pc-linux-gnu/nios2-elf/lib/mno-hw-mul/libsmallc.a(lib_a-fvwrite_small_dev.o) (_write_r)
/opt/quartus/intelFPGA_lite/16.1/nios2eds/bin/gnu/H-x86_64-pc-linux-gnu/bin/../lib/gcc/nios2-elf/5.3.0/../../../../../H-x86_64-pc-linux-gnu/nios2-elf/lib/mno-hw-mul/libsmallc.a(lib_a-int_errno.o)
                              /opt/quartus/intelFPGA_lite/16.1/nios2eds/bin/gnu/H-x86_64-pc-linux-gnu/bin/../lib/gcc/nios2-elf/5.3.0/../../../../../H-x86_64-pc-linux-gnu/nios2-elf/lib/mno-hw-mul/libsmallc.a(lib_a-writer.o) (errno)
/opt/quartus/intelFPGA_lite/16.1/nios2eds/bin/gnu/H-x86_64-pc-linux-gnu/bin/../lib/gcc/nios2-elf/5.3.0/mno-hw-mul/libgcc.a(lib2-divmod.o)
                              /opt/quartus/intelFPGA_lite/16.1/nios2eds/bin/gnu/H-x86_64-pc-linux-gnu/bin/../lib/gcc/nios2-elf/5.3.0/../../../../../H-x86_64-pc-linux-gnu/nios2-elf/lib/mno-hw-mul/libsmallc.a(lib_a-vfprintf.o) (__udivsi3)
/opt/quartus/intelFPGA_lite/16.1/nios2eds/bin/gnu/H-x86_64-pc-linux-gnu/bin/../lib/gcc/nios2-elf/5.3.0/mno-hw-mul/libgcc.a(lib2-mul.o)
                              /opt/quartus/intelFPGA_lite/16.1/nios2eds/bin/gnu/H-x86_64-pc-linux-gnu/bin/../lib/gcc/nios2-elf/5.3.0/../../../../../H-x86_64-pc-linux-gnu/nios2-elf/lib/mno-hw-mul/libsmallc.a(lib_a-vfprintf.o) (__mulsi3)
../my_software_bsp//libhal_bsp.a(alt_iic.o)
                              obj/default/hello_world_small.o (alt_ic_isr_register)
../my_software_bsp//libhal_bsp.a(alt_iic_isr_register.o)
                              ../my_software_bsp//libhal_bsp.a(alt_iic.o) (alt_iic_isr_register)
../my_software_bsp//libhal_bsp.a(alt_irq_entry.o)
                              ../my_software_bsp//libhal_bsp.a(alt_iic_isr_register.o) (alt_irq_entry)
../my_software_bsp//libhal_bsp.a(alt_irq_handler.o)
                              ../my_software_bsp//libhal_bsp.a(alt_iic_isr_register.o) (alt_irq_handler)
../my_software_bsp//libhal_bsp.a(alt_irq_vars.o)
                              ../my_software_bsp//libhal_bsp.a(alt_iic.o) (alt_irq_active)
../my_software_bsp//libhal_bsp.a(alt_load.o)
                              ../my_software_bsp//obj/HAL/src/crt0.o (alt_load)
../my_software_bsp//libhal_bsp.a(alt_main.o)
                              ../my_software_bsp//obj/HAL/src/crt0.o (alt_main)
../my_software_bsp//libhal_bsp.a(alt_putstr.o)
                              obj/default/hello_world_small.o (alt_putstr)
../my_software_bsp//libhal_bsp.a(alt_usleep.o)
                              obj/default/hello_world_small.o (usleep)
../my_software_bsp//libhal_bsp.a(alt_write.o)
                              /opt/quartus/intelFPGA_lite/16.1/nios2eds/bin/gnu/H-x86_64-pc-linux-gnu/bin/../lib/gcc/nios2-elf/5.3.0/../../../../../H-x86_64-pc-linux-gnu/nios2-elf/lib/mno-hw-mul/libsmallc.a(lib_a-writer.o) (write)
../my_software_bsp//libhal_bsp.a(alt_sys_init.o)
                              ../my_software_bsp//libhal_bsp.a(alt_main.o) (alt_irq_init)
../my_software_bsp//libhal_bsp.a(altera_avalon_jtag_uart_write.o)
                              ../my_software_bsp//libhal_bsp.a(alt_putstr.o) (altera_avalon_jtag_uart_write)
../my_software_bsp//libhal_bsp.a(alt_busy_sleep.o)
                              ../my_software_bsp//libhal_bsp.a(alt_usleep.o) (alt_busy_sleep)
../my_software_bsp//libhal_bsp.a(alt_dcache_flush_all.o)
                              ../my_software_bsp//libhal_bsp.a(alt_load.o) (alt_dcache_flush_all)
../my_software_bsp//libhal_bsp.a(alt_errno.o)
                              ../my_software_bsp//libhal_bsp.a(alt_write.o) (alt_errno)
../my_software_bsp//libhal_bsp.a(alt_exception_entry.o)
                              ../my_software_bsp//libhal_bsp.a(alt_irq_entry.o) (alt_exception)
../my_software_bsp//libhal_bsp.a(alt_icache_flush_all.o)
                              ../my_software_bsp//libhal_bsp.a(alt_load.o) (alt_icache_flush_all)
../my_software_bsp//libhal_bsp.a(alt_instruction_exception_entry.o)
                              ../my_software_bsp//libhal_bsp.a(alt_exception_entry.o) (alt_instruction_exception_entry)
../my_software_bsp//libhal_bsp.a(altera_nios2_gen2_irq.o)
                              ../my_software_bsp//libhal_bsp.a(alt_sys_init.o) (altera_nios2_gen2_irq_init)

Allocating common symbols
Common symbol       size              file

alt_irq             0x100             ../my_software_bsp//libhal_bsp.a(alt_irq_handler.o)
errno               0x4               /opt/quartus/intelFPGA_lite/16.1/nios2eds/bin/gnu/H-x86_64-pc-linux-gnu/bin/../lib/gcc/nios2-elf/5.3.0/../../../../../H-x86_64-pc-linux-gnu/nios2-elf/lib/mno-hw-mul/libsmallc.a(lib_a-int_errno.o)
ISR_reg             0x4               obj/default/hello_world_small.o
dataToRecv_isr      0x4               obj/default/hello_world_small.o
dataToRecv          0x4               obj/default/hello_world_small.o
context_pointer     0x4               obj/default/hello_world_small.o

Memory Configuration

Name             Origin             Length             Attributes
reset            0x0000000000008000 0x0000000000000020
onchip_memory2_0 0x0000000000008020 0x0000000000007fe0
*default*        0x0000000000000000 0xffffffffffffffff

Linker script and memory map

LOAD ../my_software_bsp//obj/HAL/src/crt0.o
LOAD obj/default/hello_world_small.o
LOAD /opt/quartus/intelFPGA_lite/16.1/nios2eds/bin/gnu/H-x86_64-pc-linux-gnu/bin/../lib/gcc/nios2-elf/5.3.0/../../../../../H-x86_64-pc-linux-gnu/nios2-elf/lib/mno-hw-mul/libstdc++.a
LOAD /opt/quartus/intelFPGA_lite/16.1/nios2eds/bin/gnu/H-x86_64-pc-linux-gnu/bin/../lib/gcc/nios2-elf/5.3.0/../../../../../H-x86_64-pc-linux-gnu/nios2-elf/lib/mno-hw-mul/libm.a
LOAD /opt/quartus/intelFPGA_lite/16.1/nios2eds/bin/gnu/H-x86_64-pc-linux-gnu/bin/../lib/gcc/nios2-elf/5.3.0/mno-hw-mul/libgcc.a
START GROUP
LOAD /opt/quartus/intelFPGA_lite/16.1/nios2eds/bin/gnu/H-x86_64-pc-linux-gnu/bin/../lib/gcc/nios2-elf/5.3.0/../../../../../H-x86_64-pc-linux-gnu/nios2-elf/lib/mno-hw-mul/libsmallc.a
LOAD /opt/quartus/intelFPGA_lite/16.1/nios2eds/bin/gnu/H-x86_64-pc-linux-gnu/bin/../lib/gcc/nios2-elf/5.3.0/mno-hw-mul/libgcc.a
LOAD ../my_software_bsp//libhal_bsp.a
LOAD /opt/quartus/intelFPGA_lite/16.1/nios2eds/bin/gnu/H-x86_64-pc-linux-gnu/bin/../lib/gcc/nios2-elf/5.3.0/../../../../../H-x86_64-pc-linux-gnu/nios2-elf/lib/mno-hw-mul/libm.a
END GROUP
LOAD /opt/quartus/intelFPGA_lite/16.1/nios2eds/bin/gnu/H-x86_64-pc-linux-gnu/bin/../lib/gcc/nios2-elf/5.3.0/mno-hw-mul/libgcc.a
                0x0000000000008000                __alt_mem_onchip_memory2_0 = 0x8000

.entry          0x0000000000008000       0x20
 *(.entry)
 .entry         0x0000000000008000       0x20 ../my_software_bsp//obj/HAL/src/crt0.o
                0x0000000000008000                __reset
                0x000000000000800c                _exit

.exceptions     0x0000000000008020      0x160
                0x0000000000008020                PROVIDE (__ram_exceptions_start, ABSOLUTE (.))
                0x0000000000008020                . = ALIGN (0x20)
 *(.irq)
 *(.exceptions.entry.label)
 .exceptions.entry.label
                0x0000000000008020        0x0 ../my_software_bsp//libhal_bsp.a(alt_irq_entry.o)
                0x0000000000008020                alt_irq_entry
 .exceptions.entry.label
                0x0000000000008020        0x0 ../my_software_bsp//libhal_bsp.a(alt_exception_entry.o)
                0x0000000000008020                alt_exception
 *(.exceptions.entry.user)
 *(.exceptions.entry.ecc_fatal)
 *(.exceptions.entry)
 .exceptions.entry
                0x0000000000008020       0x54 ../my_software_bsp//libhal_bsp.a(alt_exception_entry.o)
 *(.exceptions.irqtest.user)
 *(.exceptions.irqtest)
 .exceptions.irqtest
                0x0000000000008074       0x10 ../my_software_bsp//libhal_bsp.a(alt_irq_entry.o)
 *(.exceptions.irqhandler.user)
 *(.exceptions.irqhandler)
 .exceptions.irqhandler
                0x0000000000008084        0x4 ../my_software_bsp//libhal_bsp.a(alt_irq_entry.o)
 *(.exceptions.irqreturn.user)
 *(.exceptions.irqreturn)
 .exceptions.irqreturn
                0x0000000000008088        0x4 ../my_software_bsp//libhal_bsp.a(alt_irq_entry.o)
 *(.exceptions.notirq.label)
 .exceptions.notirq.label
                0x000000000000808c        0x0 ../my_software_bsp//libhal_bsp.a(alt_irq_entry.o)
 *(.exceptions.notirq.user)
 *(.exceptions.notirq)
 .exceptions.notirq
                0x000000000000808c        0x8 ../my_software_bsp//libhal_bsp.a(alt_exception_entry.o)
 *(.exceptions.soft.user)
 *(.exceptions.soft)
 *(.exceptions.unknown.user)
 *(.exceptions.unknown)
 .exceptions.unknown
                0x0000000000008094       0x14 ../my_software_bsp//libhal_bsp.a(alt_exception_entry.o)
 *(.exceptions.exit.label)
 .exceptions.exit.label
                0x00000000000080a8        0x0 ../my_software_bsp//libhal_bsp.a(alt_irq_entry.o)
 .exceptions.exit.label
                0x00000000000080a8        0x0 ../my_software_bsp//libhal_bsp.a(alt_exception_entry.o)
 *(.exceptions.exit.user)
 *(.exceptions.exit)
 .exceptions.exit
                0x00000000000080a8       0x54 ../my_software_bsp//libhal_bsp.a(alt_exception_entry.o)
 *(.exceptions)
 .exceptions    0x00000000000080fc       0x60 ../my_software_bsp//libhal_bsp.a(alt_irq_handler.o)
                0x00000000000080fc                alt_irq_handler
 .exceptions    0x000000000000815c       0x24 ../my_software_bsp//libhal_bsp.a(alt_instruction_exception_entry.o)
                0x000000000000815c                alt_instruction_exception_entry
                0x0000000000008180                PROVIDE (__ram_exceptions_end, ABSOLUTE (.))
                0x0000000000008020                PROVIDE (__flash_exceptions_start, LOADADDR (.exceptions))

.text           0x0000000000008180      0xf2c
                [!provide]                        PROVIDE (stext, ABSOLUTE (.))
 *(.interp)
 *(.hash)
 *(.dynsym)
 *(.dynstr)
 *(.gnu.version)
 *(.gnu.version_d)
 *(.gnu.version_r)
 *(.rel.init)
 *(.rela.init)
 *(.rel.text .rel.text.* .rel.gnu.linkonce.t.*)
 *(.rela.text .rela.text.* .rela.gnu.linkonce.t.*)
 *(.rel.fini)
 *(.rela.fini)
 *(.rel.rodata .rel.rodata.* .rel.gnu.linkonce.r.*)
 *(.rela.rodata .rela.rodata.* .rela.gnu.linkonce.r.*)
 *(.rel.data .rel.data.* .rel.gnu.linkonce.d.*)
 *(.rela.data .rela.data.* .rela.gnu.linkonce.d.*)
 *(.rel.tdata .rel.tdata.* .rel.gnu.linkonce.td.*)
 *(.rela.tdata .rela.tdata.* .rela.gnu.linkonce.td.*)
 *(.rel.tbss .rel.tbss.* .rel.gnu.linkonce.tb.*)
 *(.rela.tbss .rela.tbss.* .rela.gnu.linkonce.tb.*)
 *(.rel.ctors)
 *(.rela.ctors)
 *(.rel.dtors)
 *(.rela.dtors)
 *(.rel.got)
 *(.rela.got)
 *(.rel.sdata .rel.sdata.* .rel.gnu.linkonce.s.*)
 *(.rela.sdata .rela.sdata.* .rela.gnu.linkonce.s.*)
 *(.rel.sbss .rel.sbss.* .rel.gnu.linkonce.sb.*)
 *(.rela.sbss .rela.sbss.* .rela.gnu.linkonce.sb.*)
 *(.rel.sdata2 .rel.sdata2.* .rel.gnu.linkonce.s2.*)
 *(.rela.sdata2 .rela.sdata2.* .rela.gnu.linkonce.s2.*)
 *(.rel.sbss2 .rel.sbss2.* .rel.gnu.linkonce.sb2.*)
 *(.rela.sbss2 .rela.sbss2.* .rela.gnu.linkonce.sb2.*)
 *(.rel.bss .rel.bss.* .rel.gnu.linkonce.b.*)
 *(.rela.bss .rela.bss.* .rela.gnu.linkonce.b.*)
 *(.rel.plt)
 *(.rela.plt)
 *(.rel.dyn)
 *(.init)
 *(.plt)
 *(.text .stub .text.* .gnu.linkonce.t.*)
 .text          0x0000000000008180       0x3c ../my_software_bsp//obj/HAL/src/crt0.o
                0x0000000000008180                _start
 .text          0x00000000000081bc       0xc8 obj/default/hello_world_small.o
                0x00000000000081bc                read_isr
                0x000000000000820c                sendToPeripheral
                0x0000000000008248                receiveFromPeripheral
 .text.startup  0x0000000000008284       0xe4 obj/default/hello_world_small.o
                0x0000000000008284                main
 .text          0x0000000000008368        0x0 /opt/quartus/intelFPGA_lite/16.1/nios2eds/bin/gnu/H-x86_64-pc-linux-gnu/bin/../lib/gcc/nios2-elf/5.3.0/../../../../../H-x86_64-pc-linux-gnu/nios2-elf/lib/mno-hw-mul/libsmallc.a(lib_a-printf.o)
 .text._printf_r
                0x0000000000008368       0x3c /opt/quartus/intelFPGA_lite/16.1/nios2eds/bin/gnu/H-x86_64-pc-linux-gnu/bin/../lib/gcc/nios2-elf/5.3.0/../../../../../H-x86_64-pc-linux-gnu/nios2-elf/lib/mno-hw-mul/libsmallc.a(lib_a-printf.o)
                0x0000000000008368                _printf_r
 .text.printf   0x00000000000083a4       0x4c /opt/quartus/intelFPGA_lite/16.1/nios2eds/bin/gnu/H-x86_64-pc-linux-gnu/bin/../lib/gcc/nios2-elf/5.3.0/../../../../../H-x86_64-pc-linux-gnu/nios2-elf/lib/mno-hw-mul/libsmallc.a(lib_a-printf.o)
                0x00000000000083a4                printf
 .text          0x00000000000083f0        0x0 /opt/quartus/intelFPGA_lite/16.1/nios2eds/bin/gnu/H-x86_64-pc-linux-gnu/bin/../lib/gcc/nios2-elf/5.3.0/../../../../../H-x86_64-pc-linux-gnu/nios2-elf/lib/mno-hw-mul/libsmallc.a(lib_a-vfprintf.o)
 .text.print_repeat
                0x00000000000083f0       0x6c /opt/quartus/intelFPGA_lite/16.1/nios2eds/bin/gnu/H-x86_64-pc-linux-gnu/bin/../lib/gcc/nios2-elf/5.3.0/../../../../../H-x86_64-pc-linux-gnu/nios2-elf/lib/mno-hw-mul/libsmallc.a(lib_a-vfprintf.o)
 .text.___vfprintf_internal_r
                0x000000000000845c      0x52c /opt/quartus/intelFPGA_lite/16.1/nios2eds/bin/gnu/H-x86_64-pc-linux-gnu/bin/../lib/gcc/nios2-elf/5.3.0/../../../../../H-x86_64-pc-linux-gnu/nios2-elf/lib/mno-hw-mul/libsmallc.a(lib_a-vfprintf.o)
                0x000000000000845c                ___vfprintf_internal_r
 .text.__vfprintf_internal
                0x0000000000008988       0x1c /opt/quartus/intelFPGA_lite/16.1/nios2eds/bin/gnu/H-x86_64-pc-linux-gnu/bin/../lib/gcc/nios2-elf/5.3.0/../../../../../H-x86_64-pc-linux-gnu/nios2-elf/lib/mno-hw-mul/libsmallc.a(lib_a-vfprintf.o)
                0x0000000000008988                __vfprintf_internal
 .text          0x00000000000089a4        0x0 /opt/quartus/intelFPGA_lite/16.1/nios2eds/bin/gnu/H-x86_64-pc-linux-gnu/bin/../lib/gcc/nios2-elf/5.3.0/../../../../../H-x86_64-pc-linux-gnu/nios2-elf/lib/mno-hw-mul/libsmallc.a(lib_a-fvwrite_small_dev.o)
 .text.__sfvwrite_small_dev
                0x00000000000089a4       0xb8 /opt/quartus/intelFPGA_lite/16.1/nios2eds/bin/gnu/H-x86_64-pc-linux-gnu/bin/../lib/gcc/nios2-elf/5.3.0/../../../../../H-x86_64-pc-linux-gnu/nios2-elf/lib/mno-hw-mul/libsmallc.a(lib_a-fvwrite_small_dev.o)
                0x00000000000089a4                __sfvwrite_small_dev
 .text          0x0000000000008a5c        0x0 /opt/quartus/intelFPGA_lite/16.1/nios2eds/bin/gnu/H-x86_64-pc-linux-gnu/bin/../lib/gcc/nios2-elf/5.3.0/../../../../../H-x86_64-pc-linux-gnu/nios2-elf/lib/mno-hw-mul/libsmallc.a(lib_a-impure.o)
 .text          0x0000000000008a5c        0x0 /opt/quartus/intelFPGA_lite/16.1/nios2eds/bin/gnu/H-x86_64-pc-linux-gnu/bin/../lib/gcc/nios2-elf/5.3.0/../../../../../H-x86_64-pc-linux-gnu/nios2-elf/lib/mno-hw-mul/libsmallc.a(lib_a-strlen.o)
 .text.strlen   0x0000000000008a5c       0x1c /opt/quartus/intelFPGA_lite/16.1/nios2eds/bin/gnu/H-x86_64-pc-linux-gnu/bin/../lib/gcc/nios2-elf/5.3.0/../../../../../H-x86_64-pc-linux-gnu/nios2-elf/lib/mno-hw-mul/libsmallc.a(lib_a-strlen.o)
                0x0000000000008a5c                strlen
 .text          0x0000000000008a78        0x0 /opt/quartus/intelFPGA_lite/16.1/nios2eds/bin/gnu/H-x86_64-pc-linux-gnu/bin/../lib/gcc/nios2-elf/5.3.0/../../../../../H-x86_64-pc-linux-gnu/nios2-elf/lib/mno-hw-mul/libsmallc.a(lib_a-writer.o)
 .text._write_r
                0x0000000000008a78       0x58 /opt/quartus/intelFPGA_lite/16.1/nios2eds/bin/gnu/H-x86_64-pc-linux-gnu/bin/../lib/gcc/nios2-elf/5.3.0/../../../../../H-x86_64-pc-linux-gnu/nios2-elf/lib/mno-hw-mul/libsmallc.a(lib_a-writer.o)
                0x0000000000008a78                _write_r
 .text          0x0000000000008ad0        0x0 /opt/quartus/intelFPGA_lite/16.1/nios2eds/bin/gnu/H-x86_64-pc-linux-gnu/bin/../lib/gcc/nios2-elf/5.3.0/../../../../../H-x86_64-pc-linux-gnu/nios2-elf/lib/mno-hw-mul/libsmallc.a(lib_a-int_errno.o)
 .text          0x0000000000008ad0      0x1b4 /opt/quartus/intelFPGA_lite/16.1/nios2eds/bin/gnu/H-x86_64-pc-linux-gnu/bin/../lib/gcc/nios2-elf/5.3.0/mno-hw-mul/libgcc.a(lib2-divmod.o)
                0x0000000000008ad0                __divsi3
                0x0000000000008b54                __modsi3
                0x0000000000008bc8                __udivsi3
                0x0000000000008c2c                __umodsi3
 .text          0x0000000000008c84       0x28 /opt/quartus/intelFPGA_lite/16.1/nios2eds/bin/gnu/H-x86_64-pc-linux-gnu/bin/../lib/gcc/nios2-elf/5.3.0/mno-hw-mul/libgcc.a(lib2-mul.o)
                0x0000000000008c84                __mulsi3
 .text          0x0000000000008cac       0x8c ../my_software_bsp//libhal_bsp.a(alt_iic.o)
                0x0000000000008cac                alt_ic_isr_register
                0x0000000000008cb0                alt_ic_irq_enable
                0x0000000000008ce8                alt_ic_irq_disable
                0x0000000000008d20                alt_ic_irq_enabled
 .text          0x0000000000008d38       0x68 ../my_software_bsp//libhal_bsp.a(alt_iic_isr_register.o)
                0x0000000000008d38                alt_iic_isr_register
 .text          0x0000000000008da0        0x0 ../my_software_bsp//libhal_bsp.a(alt_irq_entry.o)
 .text          0x0000000000008da0        0x0 ../my_software_bsp//libhal_bsp.a(alt_irq_handler.o)
 .text          0x0000000000008da0        0x0 ../my_software_bsp//libhal_bsp.a(alt_irq_vars.o)
 .text          0x0000000000008da0       0xe0 ../my_software_bsp//libhal_bsp.a(alt_load.o)
                0x0000000000008da0                alt_load
 .text          0x0000000000008e80       0x2c ../my_software_bsp//libhal_bsp.a(alt_main.o)
                0x0000000000008e80                alt_main
 .text          0x0000000000008eac       0x38 ../my_software_bsp//libhal_bsp.a(alt_putstr.o)
                0x0000000000008eac                alt_putstr
 .text          0x0000000000008ee4        0x4 ../my_software_bsp//libhal_bsp.a(alt_usleep.o)
                0x0000000000008ee4                usleep
 .text          0x0000000000008ee8       0x60 ../my_software_bsp//libhal_bsp.a(alt_write.o)
                0x0000000000008ee8                write
 .text          0x0000000000008f48       0x24 ../my_software_bsp//libhal_bsp.a(alt_sys_init.o)
                0x0000000000008f48                alt_irq_init
                0x0000000000008f68                alt_sys_init
 .text          0x0000000000008f6c       0x34 ../my_software_bsp//libhal_bsp.a(altera_avalon_jtag_uart_write.o)
                0x0000000000008f6c                altera_avalon_jtag_uart_write
 .text          0x0000000000008fa0       0x88 ../my_software_bsp//libhal_bsp.a(alt_busy_sleep.o)
                0x0000000000008fa0                alt_busy_sleep
 .text          0x0000000000009028        0x4 ../my_software_bsp//libhal_bsp.a(alt_dcache_flush_all.o)
                0x0000000000009028                alt_dcache_flush_all
 .text          0x000000000000902c        0x0 ../my_software_bsp//libhal_bsp.a(alt_errno.o)
 .text          0x000000000000902c        0x0 ../my_software_bsp//libhal_bsp.a(alt_exception_entry.o)
 .text          0x000000000000902c        0x4 ../my_software_bsp//libhal_bsp.a(alt_icache_flush_all.o)
                0x000000000000902c                alt_icache_flush_all
 .text          0x0000000000009030       0x74 ../my_software_bsp//libhal_bsp.a(alt_instruction_exception_entry.o)
                0x0000000000009030                alt_exception_cause_generated_bad_addr
 .text          0x00000000000090a4        0x8 ../my_software_bsp//libhal_bsp.a(altera_nios2_gen2_irq.o)
                0x00000000000090a4                altera_nios2_gen2_irq_init
 *(.gnu.warning.*)
 *(.fini)
                [!provide]                        PROVIDE (__etext, ABSOLUTE (.))
                [!provide]                        PROVIDE (_etext, ABSOLUTE (.))
                [!provide]                        PROVIDE (etext, ABSOLUTE (.))
 *(.eh_frame_hdr)
                0x00000000000090ac                . = ALIGN (0x4)
                [!provide]                        PROVIDE (__preinit_array_start, ABSOLUTE (.))
 *(.preinit_array)
                [!provide]                        PROVIDE (__preinit_array_end, ABSOLUTE (.))
                [!provide]                        PROVIDE (__init_array_start, ABSOLUTE (.))
 *(.init_array)
                [!provide]                        PROVIDE (__init_array_end, ABSOLUTE (.))
                [!provide]                        PROVIDE (__fini_array_start, ABSOLUTE (.))
 *(.fini_array)
                [!provide]                        PROVIDE (__fini_array_end, ABSOLUTE (.))
 *(.eh_frame)
 *(.gcc_except_table .gcc_except_table.*)
 *(.dynamic)
                [!provide]                        PROVIDE (__CTOR_LIST__, ABSOLUTE (.))
 *(.ctors)
 *(SORT(.ctors.*))
                [!provide]                        PROVIDE (__CTOR_END__, ABSOLUTE (.))
                [!provide]                        PROVIDE (__DTOR_LIST__, ABSOLUTE (.))
 *(.dtors)
 *(SORT(.dtors.*))
                [!provide]                        PROVIDE (__DTOR_END__, ABSOLUTE (.))
 *(.jcr)
                0x00000000000090ac                . = ALIGN (0x4)

.rodata         0x00000000000090ac       0x70
                0x00000000000090ac                PROVIDE (__ram_rodata_start, ABSOLUTE (.))
                0x00000000000090ac                . = ALIGN (0x4)
 *(.rodata .rodata.* .gnu.linkonce.r.*)
 .rodata.str1.4
                0x00000000000090ac       0x70 obj/default/hello_world_small.o
                                         0x6e (size before relaxing)
 *(.rodata1)
                0x000000000000911c                . = ALIGN (0x4)
                0x000000000000911c                PROVIDE (__ram_rodata_end, ABSOLUTE (.))
                0x00000000000090ac                PROVIDE (__flash_rodata_start, LOADADDR (.rodata))

.rwdata         0x000000000000911c      0x10c load address 0x0000000000009228
                0x000000000000911c                PROVIDE (__ram_rwdata_start, ABSOLUTE (.))
                0x000000000000911c                . = ALIGN (0x4)
 *(.got.plt)
 *(.got)
 *(.data1)
 *(.data .data.* .gnu.linkonce.d.*)
 .data          0x000000000000911c        0x0 ../my_software_bsp//obj/HAL/src/crt0.o
 .data          0x000000000000911c        0x0 obj/default/hello_world_small.o
 .data          0x000000000000911c        0x0 /opt/quartus/intelFPGA_lite/16.1/nios2eds/bin/gnu/H-x86_64-pc-linux-gnu/bin/../lib/gcc/nios2-elf/5.3.0/../../../../../H-x86_64-pc-linux-gnu/nios2-elf/lib/mno-hw-mul/libsmallc.a(lib_a-printf.o)
 .data          0x000000000000911c        0x0 /opt/quartus/intelFPGA_lite/16.1/nios2eds/bin/gnu/H-x86_64-pc-linux-gnu/bin/../lib/gcc/nios2-elf/5.3.0/../../../../../H-x86_64-pc-linux-gnu/nios2-elf/lib/mno-hw-mul/libsmallc.a(lib_a-vfprintf.o)
 .data          0x000000000000911c        0x0 /opt/quartus/intelFPGA_lite/16.1/nios2eds/bin/gnu/H-x86_64-pc-linux-gnu/bin/../lib/gcc/nios2-elf/5.3.0/../../../../../H-x86_64-pc-linux-gnu/nios2-elf/lib/mno-hw-mul/libsmallc.a(lib_a-fvwrite_small_dev.o)
 .data          0x000000000000911c        0x0 /opt/quartus/intelFPGA_lite/16.1/nios2eds/bin/gnu/H-x86_64-pc-linux-gnu/bin/../lib/gcc/nios2-elf/5.3.0/../../../../../H-x86_64-pc-linux-gnu/nios2-elf/lib/mno-hw-mul/libsmallc.a(lib_a-impure.o)
 .data.impure_data
                0x000000000000911c       0xe0 /opt/quartus/intelFPGA_lite/16.1/nios2eds/bin/gnu/H-x86_64-pc-linux-gnu/bin/../lib/gcc/nios2-elf/5.3.0/../../../../../H-x86_64-pc-linux-gnu/nios2-elf/lib/mno-hw-mul/libsmallc.a(lib_a-impure.o)
 .data          0x00000000000091fc        0x0 /opt/quartus/intelFPGA_lite/16.1/nios2eds/bin/gnu/H-x86_64-pc-linux-gnu/bin/../lib/gcc/nios2-elf/5.3.0/../../../../../H-x86_64-pc-linux-gnu/nios2-elf/lib/mno-hw-mul/libsmallc.a(lib_a-strlen.o)
 .data          0x00000000000091fc        0x0 /opt/quartus/intelFPGA_lite/16.1/nios2eds/bin/gnu/H-x86_64-pc-linux-gnu/bin/../lib/gcc/nios2-elf/5.3.0/../../../../../H-x86_64-pc-linux-gnu/nios2-elf/lib/mno-hw-mul/libsmallc.a(lib_a-writer.o)
 .data          0x00000000000091fc        0x0 /opt/quartus/intelFPGA_lite/16.1/nios2eds/bin/gnu/H-x86_64-pc-linux-gnu/bin/../lib/gcc/nios2-elf/5.3.0/../../../../../H-x86_64-pc-linux-gnu/nios2-elf/lib/mno-hw-mul/libsmallc.a(lib_a-int_errno.o)
 .data          0x00000000000091fc        0x0 /opt/quartus/intelFPGA_lite/16.1/nios2eds/bin/gnu/H-x86_64-pc-linux-gnu/bin/../lib/gcc/nios2-elf/5.3.0/mno-hw-mul/libgcc.a(lib2-divmod.o)
 .data          0x00000000000091fc        0x0 /opt/quartus/intelFPGA_lite/16.1/nios2eds/bin/gnu/H-x86_64-pc-linux-gnu/bin/../lib/gcc/nios2-elf/5.3.0/mno-hw-mul/libgcc.a(lib2-mul.o)
 .data          0x00000000000091fc        0x0 ../my_software_bsp//libhal_bsp.a(alt_iic.o)
 .data          0x00000000000091fc        0x0 ../my_software_bsp//libhal_bsp.a(alt_iic_isr_register.o)
 .data          0x00000000000091fc        0x0 ../my_software_bsp//libhal_bsp.a(alt_irq_entry.o)
 .data          0x00000000000091fc        0x0 ../my_software_bsp//libhal_bsp.a(alt_irq_handler.o)
 .data          0x00000000000091fc        0x0 ../my_software_bsp//libhal_bsp.a(alt_irq_vars.o)
 .data          0x00000000000091fc        0x0 ../my_software_bsp//libhal_bsp.a(alt_load.o)
 .data          0x00000000000091fc        0x0 ../my_software_bsp//libhal_bsp.a(alt_main.o)
 .data          0x00000000000091fc        0x0 ../my_software_bsp//libhal_bsp.a(alt_putstr.o)
 .data          0x00000000000091fc        0x0 ../my_software_bsp//libhal_bsp.a(alt_usleep.o)
 .data          0x00000000000091fc        0x0 ../my_software_bsp//libhal_bsp.a(alt_write.o)
 .data          0x00000000000091fc        0x0 ../my_software_bsp//libhal_bsp.a(alt_sys_init.o)
 .data          0x00000000000091fc        0x0 ../my_software_bsp//libhal_bsp.a(altera_avalon_jtag_uart_write.o)
 .data          0x00000000000091fc        0x0 ../my_software_bsp//libhal_bsp.a(alt_busy_sleep.o)
 .data          0x00000000000091fc        0x0 ../my_software_bsp//libhal_bsp.a(alt_dcache_flush_all.o)
 .data          0x00000000000091fc        0x0 ../my_software_bsp//libhal_bsp.a(alt_errno.o)
 .data          0x00000000000091fc        0x0 ../my_software_bsp//libhal_bsp.a(alt_exception_entry.o)
 .data          0x00000000000091fc        0x0 ../my_software_bsp//libhal_bsp.a(alt_icache_flush_all.o)
 .data          0x00000000000091fc        0x0 ../my_software_bsp//libhal_bsp.a(alt_instruction_exception_entry.o)
 .data          0x00000000000091fc        0x0 ../my_software_bsp//libhal_bsp.a(altera_nios2_gen2_irq.o)
                0x00000000000111fc                _gp = ABSOLUTE ((. + 0x8000))
                [!provide]                        PROVIDE (gp, _gp)
 *(.rwdata .rwdata.*)
 *(.sdata .sdata.* .gnu.linkonce.s.*)
 .sdata         0x00000000000091fc       0x18 obj/default/hello_world_small.o
                0x00000000000091fc                N_ITEMS_TO_SEND
                0x0000000000009200                txData
                0x0000000000009204                startFlit
                0x0000000000009208                useISR
                0x000000000000920c                printRcv
                0x0000000000009210                printSend
 .sdata._global_impure_ptr
                0x0000000000009214        0x4 /opt/quartus/intelFPGA_lite/16.1/nios2eds/bin/gnu/H-x86_64-pc-linux-gnu/bin/../lib/gcc/nios2-elf/5.3.0/../../../../../H-x86_64-pc-linux-gnu/nios2-elf/lib/mno-hw-mul/libsmallc.a(lib_a-impure.o)
                0x0000000000009214                _global_impure_ptr
 .sdata._impure_ptr
                0x0000000000009218        0x4 /opt/quartus/intelFPGA_lite/16.1/nios2eds/bin/gnu/H-x86_64-pc-linux-gnu/bin/../lib/gcc/nios2-elf/5.3.0/../../../../../H-x86_64-pc-linux-gnu/nios2-elf/lib/mno-hw-mul/libsmallc.a(lib_a-impure.o)
                0x0000000000009218                _impure_ptr
 .sdata         0x000000000000921c        0x4 ../my_software_bsp//libhal_bsp.a(alt_irq_vars.o)
                0x000000000000921c                alt_priority_mask
 .sdata         0x0000000000009220        0x4 ../my_software_bsp//libhal_bsp.a(alt_sys_init.o)
                0x0000000000009220                jtag_uart_0
 .sdata         0x0000000000009224        0x4 ../my_software_bsp//libhal_bsp.a(alt_errno.o)
                0x0000000000009224                alt_errno
 *(.sdata2 .sdata2.* .gnu.linkonce.s2.*)
                0x0000000000009228                . = ALIGN (0x4)
                0x0000000000009228                _edata = ABSOLUTE (.)
                [!provide]                        PROVIDE (edata, ABSOLUTE (.))
                0x0000000000009228                PROVIDE (__ram_rwdata_end, ABSOLUTE (.))
                0x0000000000009228                PROVIDE (__flash_rwdata_start, LOADADDR (.rwdata))

.bss            0x0000000000009334      0x12c
                0x0000000000009334                __bss_start = ABSOLUTE (.)
                [!provide]                        PROVIDE (__sbss_start, ABSOLUTE (.))
                [!provide]                        PROVIDE (___sbss_start, ABSOLUTE (.))
 *(.dynsbss)
 *(.sbss .sbss.* .gnu.linkonce.sb.*)
 .sbss          0x0000000000009334        0x4 obj/default/hello_world_small.o
                0x0000000000009334                idx_read_counter
 .sbss          0x0000000000009338       0x10 obj/default/hello_world_small.o
                0x0000000000009338                ISR_reg
                0x000000000000933c                dataToRecv_isr
                0x0000000000009340                dataToRecv
                0x0000000000009344                context_pointer
 .sbss          0x0000000000009348        0x4 /opt/quartus/intelFPGA_lite/16.1/nios2eds/bin/gnu/H-x86_64-pc-linux-gnu/bin/../lib/gcc/nios2-elf/5.3.0/../../../../../H-x86_64-pc-linux-gnu/nios2-elf/lib/mno-hw-mul/libsmallc.a(lib_a-int_errno.o)
                0x0000000000009348                errno
 .sbss          0x000000000000934c        0x4 ../my_software_bsp//libhal_bsp.a(alt_irq_vars.o)
                0x000000000000934c                alt_irq_active
 .sbss          0x0000000000009350        0xc ../my_software_bsp//libhal_bsp.a(alt_main.o)
                0x0000000000009350                alt_envp
                0x0000000000009354                alt_argv
                0x0000000000009358                alt_argc
 .sbss          0x000000000000935c        0x4 ../my_software_bsp//libhal_bsp.a(alt_instruction_exception_entry.o)
                0x000000000000935c                alt_instruction_exception_handler
 *(.sbss2 .sbss2.* .gnu.linkonce.sb2.*)
 *(.scommon)
                [!provide]                        PROVIDE (__sbss_end, ABSOLUTE (.))
                [!provide]                        PROVIDE (___sbss_end, ABSOLUTE (.))
 *(.dynbss)
 *(.bss .bss.* .gnu.linkonce.b.*)
 .bss           0x0000000000009360        0x0 ../my_software_bsp//obj/HAL/src/crt0.o
 .bss           0x0000000000009360        0x0 obj/default/hello_world_small.o
 .bss           0x0000000000009360        0x0 /opt/quartus/intelFPGA_lite/16.1/nios2eds/bin/gnu/H-x86_64-pc-linux-gnu/bin/../lib/gcc/nios2-elf/5.3.0/../../../../../H-x86_64-pc-linux-gnu/nios2-elf/lib/mno-hw-mul/libsmallc.a(lib_a-printf.o)
 .bss           0x0000000000009360        0x0 /opt/quartus/intelFPGA_lite/16.1/nios2eds/bin/gnu/H-x86_64-pc-linux-gnu/bin/../lib/gcc/nios2-elf/5.3.0/../../../../../H-x86_64-pc-linux-gnu/nios2-elf/lib/mno-hw-mul/libsmallc.a(lib_a-vfprintf.o)
 .bss           0x0000000000009360        0x0 /opt/quartus/intelFPGA_lite/16.1/nios2eds/bin/gnu/H-x86_64-pc-linux-gnu/bin/../lib/gcc/nios2-elf/5.3.0/../../../../../H-x86_64-pc-linux-gnu/nios2-elf/lib/mno-hw-mul/libsmallc.a(lib_a-fvwrite_small_dev.o)
 .bss           0x0000000000009360        0x0 /opt/quartus/intelFPGA_lite/16.1/nios2eds/bin/gnu/H-x86_64-pc-linux-gnu/bin/../lib/gcc/nios2-elf/5.3.0/../../../../../H-x86_64-pc-linux-gnu/nios2-elf/lib/mno-hw-mul/libsmallc.a(lib_a-impure.o)
 .bss           0x0000000000009360        0x0 /opt/quartus/intelFPGA_lite/16.1/nios2eds/bin/gnu/H-x86_64-pc-linux-gnu/bin/../lib/gcc/nios2-elf/5.3.0/../../../../../H-x86_64-pc-linux-gnu/nios2-elf/lib/mno-hw-mul/libsmallc.a(lib_a-strlen.o)
 .bss           0x0000000000009360        0x0 /opt/quartus/intelFPGA_lite/16.1/nios2eds/bin/gnu/H-x86_64-pc-linux-gnu/bin/../lib/gcc/nios2-elf/5.3.0/../../../../../H-x86_64-pc-linux-gnu/nios2-elf/lib/mno-hw-mul/libsmallc.a(lib_a-writer.o)
 .bss           0x0000000000009360        0x0 /opt/quartus/intelFPGA_lite/16.1/nios2eds/bin/gnu/H-x86_64-pc-linux-gnu/bin/../lib/gcc/nios2-elf/5.3.0/../../../../../H-x86_64-pc-linux-gnu/nios2-elf/lib/mno-hw-mul/libsmallc.a(lib_a-int_errno.o)
 .bss           0x0000000000009360        0x0 /opt/quartus/intelFPGA_lite/16.1/nios2eds/bin/gnu/H-x86_64-pc-linux-gnu/bin/../lib/gcc/nios2-elf/5.3.0/mno-hw-mul/libgcc.a(lib2-divmod.o)
 .bss           0x0000000000009360        0x0 /opt/quartus/intelFPGA_lite/16.1/nios2eds/bin/gnu/H-x86_64-pc-linux-gnu/bin/../lib/gcc/nios2-elf/5.3.0/mno-hw-mul/libgcc.a(lib2-mul.o)
 .bss           0x0000000000009360        0x0 ../my_software_bsp//libhal_bsp.a(alt_iic.o)
 .bss           0x0000000000009360        0x0 ../my_software_bsp//libhal_bsp.a(alt_iic_isr_register.o)
 .bss           0x0000000000009360        0x0 ../my_software_bsp//libhal_bsp.a(alt_irq_entry.o)
 .bss           0x0000000000009360        0x0 ../my_software_bsp//libhal_bsp.a(alt_irq_handler.o)
 .bss           0x0000000000009360        0x0 ../my_software_bsp//libhal_bsp.a(alt_irq_vars.o)
 .bss           0x0000000000009360        0x0 ../my_software_bsp//libhal_bsp.a(alt_load.o)
 .bss           0x0000000000009360        0x0 ../my_software_bsp//libhal_bsp.a(alt_main.o)
 .bss           0x0000000000009360        0x0 ../my_software_bsp//libhal_bsp.a(alt_putstr.o)
 .bss           0x0000000000009360        0x0 ../my_software_bsp//libhal_bsp.a(alt_usleep.o)
 .bss           0x0000000000009360        0x0 ../my_software_bsp//libhal_bsp.a(alt_write.o)
 .bss           0x0000000000009360        0x0 ../my_software_bsp//libhal_bsp.a(alt_sys_init.o)
 .bss           0x0000000000009360        0x0 ../my_software_bsp//libhal_bsp.a(altera_avalon_jtag_uart_write.o)
 .bss           0x0000000000009360        0x0 ../my_software_bsp//libhal_bsp.a(alt_busy_sleep.o)
 .bss           0x0000000000009360        0x0 ../my_software_bsp//libhal_bsp.a(alt_dcache_flush_all.o)
 .bss           0x0000000000009360        0x0 ../my_software_bsp//libhal_bsp.a(alt_errno.o)
 .bss           0x0000000000009360        0x0 ../my_software_bsp//libhal_bsp.a(alt_exception_entry.o)
 .bss           0x0000000000009360        0x0 ../my_software_bsp//libhal_bsp.a(alt_icache_flush_all.o)
 .bss           0x0000000000009360        0x0 ../my_software_bsp//libhal_bsp.a(alt_instruction_exception_entry.o)
 .bss           0x0000000000009360        0x0 ../my_software_bsp//libhal_bsp.a(altera_nios2_gen2_irq.o)
 *(COMMON)
 COMMON         0x0000000000009360      0x100 ../my_software_bsp//libhal_bsp.a(alt_irq_handler.o)
                0x0000000000009360                alt_irq
                0x0000000000009460                . = ALIGN (0x4)
                0x0000000000009460                __bss_end = ABSOLUTE (.)

.onchip_memory2_0
                0x0000000000009460        0x0
                [!provide]                        PROVIDE (_alt_partition_onchip_memory2_0_start, ABSOLUTE (.))
 *(.onchip_memory2_0 .onchip_memory2_0. onchip_memory2_0.*)
                0x0000000000009460                . = ALIGN (0x4)
                [!provide]                        PROVIDE (_alt_partition_onchip_memory2_0_end, ABSOLUTE (.))
                0x0000000000009460                _end = ABSOLUTE (.)
                0x0000000000009460                end = ABSOLUTE (.)
                0x0000000000009460                __alt_stack_base = ABSOLUTE (.)
                [!provide]                        PROVIDE (_alt_partition_onchip_memory2_0_load_addr, LOADADDR (.onchip_memory2_0))

.stab
 *(.stab)

.stabstr
 *(.stabstr)

.stab.excl
 *(.stab.excl)

.stab.exclstr
 *(.stab.exclstr)

.stab.index
 *(.stab.index)

.stab.indexstr
 *(.stab.indexstr)

.comment        0x0000000000000000       0x23
 *(.comment)
 .comment       0x0000000000000000       0x23 obj/default/hello_world_small.o
                                         0x24 (size before relaxing)
 .comment       0x0000000000000023       0x24 /opt/quartus/intelFPGA_lite/16.1/nios2eds/bin/gnu/H-x86_64-pc-linux-gnu/bin/../lib/gcc/nios2-elf/5.3.0/../../../../../H-x86_64-pc-linux-gnu/nios2-elf/lib/mno-hw-mul/libsmallc.a(lib_a-printf.o)
 .comment       0x0000000000000023       0x24 /opt/quartus/intelFPGA_lite/16.1/nios2eds/bin/gnu/H-x86_64-pc-linux-gnu/bin/../lib/gcc/nios2-elf/5.3.0/../../../../../H-x86_64-pc-linux-gnu/nios2-elf/lib/mno-hw-mul/libsmallc.a(lib_a-vfprintf.o)
 .comment       0x0000000000000023       0x24 /opt/quartus/intelFPGA_lite/16.1/nios2eds/bin/gnu/H-x86_64-pc-linux-gnu/bin/../lib/gcc/nios2-elf/5.3.0/../../../../../H-x86_64-pc-linux-gnu/nios2-elf/lib/mno-hw-mul/libsmallc.a(lib_a-fvwrite_small_dev.o)
 .comment       0x0000000000000023       0x24 /opt/quartus/intelFPGA_lite/16.1/nios2eds/bin/gnu/H-x86_64-pc-linux-gnu/bin/../lib/gcc/nios2-elf/5.3.0/../../../../../H-x86_64-pc-linux-gnu/nios2-elf/lib/mno-hw-mul/libsmallc.a(lib_a-impure.o)
 .comment       0x0000000000000023       0x24 /opt/quartus/intelFPGA_lite/16.1/nios2eds/bin/gnu/H-x86_64-pc-linux-gnu/bin/../lib/gcc/nios2-elf/5.3.0/../../../../../H-x86_64-pc-linux-gnu/nios2-elf/lib/mno-hw-mul/libsmallc.a(lib_a-strlen.o)
 .comment       0x0000000000000023       0x24 /opt/quartus/intelFPGA_lite/16.1/nios2eds/bin/gnu/H-x86_64-pc-linux-gnu/bin/../lib/gcc/nios2-elf/5.3.0/../../../../../H-x86_64-pc-linux-gnu/nios2-elf/lib/mno-hw-mul/libsmallc.a(lib_a-writer.o)
 .comment       0x0000000000000023       0x24 /opt/quartus/intelFPGA_lite/16.1/nios2eds/bin/gnu/H-x86_64-pc-linux-gnu/bin/../lib/gcc/nios2-elf/5.3.0/../../../../../H-x86_64-pc-linux-gnu/nios2-elf/lib/mno-hw-mul/libsmallc.a(lib_a-int_errno.o)
 .comment       0x0000000000000023       0x24 /opt/quartus/intelFPGA_lite/16.1/nios2eds/bin/gnu/H-x86_64-pc-linux-gnu/bin/../lib/gcc/nios2-elf/5.3.0/mno-hw-mul/libgcc.a(lib2-divmod.o)
 .comment       0x0000000000000023       0x24 /opt/quartus/intelFPGA_lite/16.1/nios2eds/bin/gnu/H-x86_64-pc-linux-gnu/bin/../lib/gcc/nios2-elf/5.3.0/mno-hw-mul/libgcc.a(lib2-mul.o)
 .comment       0x0000000000000023       0x24 ../my_software_bsp//libhal_bsp.a(alt_iic.o)
 .comment       0x0000000000000023       0x24 ../my_software_bsp//libhal_bsp.a(alt_iic_isr_register.o)
 .comment       0x0000000000000023       0x24 ../my_software_bsp//libhal_bsp.a(alt_irq_handler.o)
 .comment       0x0000000000000023       0x24 ../my_software_bsp//libhal_bsp.a(alt_irq_vars.o)
 .comment       0x0000000000000023       0x24 ../my_software_bsp//libhal_bsp.a(alt_load.o)
 .comment       0x0000000000000023       0x24 ../my_software_bsp//libhal_bsp.a(alt_main.o)
 .comment       0x0000000000000023       0x24 ../my_software_bsp//libhal_bsp.a(alt_putstr.o)
 .comment       0x0000000000000023       0x24 ../my_software_bsp//libhal_bsp.a(alt_usleep.o)
 .comment       0x0000000000000023       0x24 ../my_software_bsp//libhal_bsp.a(alt_write.o)
 .comment       0x0000000000000023       0x24 ../my_software_bsp//libhal_bsp.a(alt_sys_init.o)
 .comment       0x0000000000000023       0x24 ../my_software_bsp//libhal_bsp.a(altera_avalon_jtag_uart_write.o)
 .comment       0x0000000000000023       0x24 ../my_software_bsp//libhal_bsp.a(alt_busy_sleep.o)
 .comment       0x0000000000000023       0x24 ../my_software_bsp//libhal_bsp.a(alt_dcache_flush_all.o)
 .comment       0x0000000000000023       0x24 ../my_software_bsp//libhal_bsp.a(alt_errno.o)
 .comment       0x0000000000000023       0x24 ../my_software_bsp//libhal_bsp.a(alt_icache_flush_all.o)
 .comment       0x0000000000000023       0x24 ../my_software_bsp//libhal_bsp.a(alt_instruction_exception_entry.o)
 .comment       0x0000000000000023       0x24 ../my_software_bsp//libhal_bsp.a(altera_nios2_gen2_irq.o)

.debug
 *(.debug)

.line
 *(.line)

.debug_srcinfo
 *(.debug_srcinfo)

.debug_sfnames
 *(.debug_sfnames)

.debug_aranges  0x0000000000000000      0x3f8
 *(.debug_aranges)
 .debug_aranges
                0x0000000000000000       0x28 ../my_software_bsp//obj/HAL/src/crt0.o
 .debug_aranges
                0x0000000000000028       0x28 obj/default/hello_world_small.o
 .debug_aranges
                0x0000000000000050       0x28 /opt/quartus/intelFPGA_lite/16.1/nios2eds/bin/gnu/H-x86_64-pc-linux-gnu/bin/../lib/gcc/nios2-elf/5.3.0/../../../../../H-x86_64-pc-linux-gnu/nios2-elf/lib/mno-hw-mul/libsmallc.a(lib_a-printf.o)
 .debug_aranges
                0x0000000000000078       0x30 /opt/quartus/intelFPGA_lite/16.1/nios2eds/bin/gnu/H-x86_64-pc-linux-gnu/bin/../lib/gcc/nios2-elf/5.3.0/../../../../../H-x86_64-pc-linux-gnu/nios2-elf/lib/mno-hw-mul/libsmallc.a(lib_a-vfprintf.o)
 .debug_aranges
                0x00000000000000a8       0x20 /opt/quartus/intelFPGA_lite/16.1/nios2eds/bin/gnu/H-x86_64-pc-linux-gnu/bin/../lib/gcc/nios2-elf/5.3.0/../../../../../H-x86_64-pc-linux-gnu/nios2-elf/lib/mno-hw-mul/libsmallc.a(lib_a-fvwrite_small_dev.o)
 .debug_aranges
                0x00000000000000c8       0x18 /opt/quartus/intelFPGA_lite/16.1/nios2eds/bin/gnu/H-x86_64-pc-linux-gnu/bin/../lib/gcc/nios2-elf/5.3.0/../../../../../H-x86_64-pc-linux-gnu/nios2-elf/lib/mno-hw-mul/libsmallc.a(lib_a-impure.o)
 .debug_aranges
                0x00000000000000e0       0x20 /opt/quartus/intelFPGA_lite/16.1/nios2eds/bin/gnu/H-x86_64-pc-linux-gnu/bin/../lib/gcc/nios2-elf/5.3.0/../../../../../H-x86_64-pc-linux-gnu/nios2-elf/lib/mno-hw-mul/libsmallc.a(lib_a-strlen.o)
 .debug_aranges
                0x0000000000000100       0x20 /opt/quartus/intelFPGA_lite/16.1/nios2eds/bin/gnu/H-x86_64-pc-linux-gnu/bin/../lib/gcc/nios2-elf/5.3.0/../../../../../H-x86_64-pc-linux-gnu/nios2-elf/lib/mno-hw-mul/libsmallc.a(lib_a-writer.o)
 .debug_aranges
                0x0000000000000120       0x18 /opt/quartus/intelFPGA_lite/16.1/nios2eds/bin/gnu/H-x86_64-pc-linux-gnu/bin/../lib/gcc/nios2-elf/5.3.0/../../../../../H-x86_64-pc-linux-gnu/nios2-elf/lib/mno-hw-mul/libsmallc.a(lib_a-int_errno.o)
 .debug_aranges
                0x0000000000000138       0x20 /opt/quartus/intelFPGA_lite/16.1/nios2eds/bin/gnu/H-x86_64-pc-linux-gnu/bin/../lib/gcc/nios2-elf/5.3.0/mno-hw-mul/libgcc.a(lib2-divmod.o)
 .debug_aranges
                0x0000000000000158       0x20 /opt/quartus/intelFPGA_lite/16.1/nios2eds/bin/gnu/H-x86_64-pc-linux-gnu/bin/../lib/gcc/nios2-elf/5.3.0/mno-hw-mul/libgcc.a(lib2-mul.o)
 .debug_aranges
                0x0000000000000178       0x20 ../my_software_bsp//libhal_bsp.a(alt_iic.o)
 .debug_aranges
                0x0000000000000198       0x20 ../my_software_bsp//libhal_bsp.a(alt_iic_isr_register.o)
 .debug_aranges
                0x00000000000001b8       0x30 ../my_software_bsp//libhal_bsp.a(alt_irq_entry.o)
 .debug_aranges
                0x00000000000001e8       0x20 ../my_software_bsp//libhal_bsp.a(alt_irq_handler.o)
 .debug_aranges
                0x0000000000000208       0x18 ../my_software_bsp//libhal_bsp.a(alt_irq_vars.o)
 .debug_aranges
                0x0000000000000220       0x20 ../my_software_bsp//libhal_bsp.a(alt_load.o)
 .debug_aranges
                0x0000000000000240       0x20 ../my_software_bsp//libhal_bsp.a(alt_main.o)
 .debug_aranges
                0x0000000000000260       0x20 ../my_software_bsp//libhal_bsp.a(alt_putstr.o)
 .debug_aranges
                0x0000000000000280       0x20 ../my_software_bsp//libhal_bsp.a(alt_usleep.o)
 .debug_aranges
                0x00000000000002a0       0x20 ../my_software_bsp//libhal_bsp.a(alt_write.o)
 .debug_aranges
                0x00000000000002c0       0x20 ../my_software_bsp//libhal_bsp.a(alt_sys_init.o)
 .debug_aranges
                0x00000000000002e0       0x20 ../my_software_bsp//libhal_bsp.a(altera_avalon_jtag_uart_write.o)
 .debug_aranges
                0x0000000000000300       0x20 ../my_software_bsp//libhal_bsp.a(alt_busy_sleep.o)
 .debug_aranges
                0x0000000000000320       0x20 ../my_software_bsp//libhal_bsp.a(alt_dcache_flush_all.o)
 .debug_aranges
                0x0000000000000340       0x18 ../my_software_bsp//libhal_bsp.a(alt_errno.o)
 .debug_aranges
                0x0000000000000358       0x38 ../my_software_bsp//libhal_bsp.a(alt_exception_entry.o)
 .debug_aranges
                0x0000000000000390       0x20 ../my_software_bsp//libhal_bsp.a(alt_icache_flush_all.o)
 .debug_aranges
                0x00000000000003b0       0x28 ../my_software_bsp//libhal_bsp.a(alt_instruction_exception_entry.o)
 .debug_aranges
                0x00000000000003d8       0x20 ../my_software_bsp//libhal_bsp.a(altera_nios2_gen2_irq.o)

.debug_pubnames
 *(.debug_pubnames)

.debug_info     0x0000000000000000     0x446f
 *(.debug_info .gnu.linkonce.wi.*)
 .debug_info    0x0000000000000000       0x74 ../my_software_bsp//obj/HAL/src/crt0.o
 .debug_info    0x0000000000000074      0x34d obj/default/hello_world_small.o
 .debug_info    0x00000000000003c1      0x699 /opt/quartus/intelFPGA_lite/16.1/nios2eds/bin/gnu/H-x86_64-pc-linux-gnu/bin/../lib/gcc/nios2-elf/5.3.0/../../../../../H-x86_64-pc-linux-gnu/nios2-elf/lib/mno-hw-mul/libsmallc.a(lib_a-printf.o)
 .debug_info    0x0000000000000a5a      0xb2b /opt/quartus/intelFPGA_lite/16.1/nios2eds/bin/gnu/H-x86_64-pc-linux-gnu/bin/../lib/gcc/nios2-elf/5.3.0/../../../../../H-x86_64-pc-linux-gnu/nios2-elf/lib/mno-hw-mul/libsmallc.a(lib_a-vfprintf.o)
 .debug_info    0x0000000000001585      0x62b /opt/quartus/intelFPGA_lite/16.1/nios2eds/bin/gnu/H-x86_64-pc-linux-gnu/bin/../lib/gcc/nios2-elf/5.3.0/../../../../../H-x86_64-pc-linux-gnu/nios2-elf/lib/mno-hw-mul/libsmallc.a(lib_a-fvwrite_small_dev.o)
 .debug_info    0x0000000000001bb0      0x5a9 /opt/quartus/intelFPGA_lite/16.1/nios2eds/bin/gnu/H-x86_64-pc-linux-gnu/bin/../lib/gcc/nios2-elf/5.3.0/../../../../../H-x86_64-pc-linux-gnu/nios2-elf/lib/mno-hw-mul/libsmallc.a(lib_a-impure.o)
 .debug_info    0x0000000000002159       0xc9 /opt/quartus/intelFPGA_lite/16.1/nios2eds/bin/gnu/H-x86_64-pc-linux-gnu/bin/../lib/gcc/nios2-elf/5.3.0/../../../../../H-x86_64-pc-linux-gnu/nios2-elf/lib/mno-hw-mul/libsmallc.a(lib_a-strlen.o)
 .debug_info    0x0000000000002222      0x630 /opt/quartus/intelFPGA_lite/16.1/nios2eds/bin/gnu/H-x86_64-pc-linux-gnu/bin/../lib/gcc/nios2-elf/5.3.0/../../../../../H-x86_64-pc-linux-gnu/nios2-elf/lib/mno-hw-mul/libsmallc.a(lib_a-writer.o)
 .debug_info    0x0000000000002852       0x8a /opt/quartus/intelFPGA_lite/16.1/nios2eds/bin/gnu/H-x86_64-pc-linux-gnu/bin/../lib/gcc/nios2-elf/5.3.0/../../../../../H-x86_64-pc-linux-gnu/nios2-elf/lib/mno-hw-mul/libsmallc.a(lib_a-int_errno.o)
 .debug_info    0x00000000000028dc      0x2c6 /opt/quartus/intelFPGA_lite/16.1/nios2eds/bin/gnu/H-x86_64-pc-linux-gnu/bin/../lib/gcc/nios2-elf/5.3.0/mno-hw-mul/libgcc.a(lib2-divmod.o)
 .debug_info    0x0000000000002ba2       0xb4 /opt/quartus/intelFPGA_lite/16.1/nios2eds/bin/gnu/H-x86_64-pc-linux-gnu/bin/../lib/gcc/nios2-elf/5.3.0/mno-hw-mul/libgcc.a(lib2-mul.o)
 .debug_info    0x0000000000002c56      0x38a ../my_software_bsp//libhal_bsp.a(alt_iic.o)
 .debug_info    0x0000000000002fe0      0x232 ../my_software_bsp//libhal_bsp.a(alt_iic_isr_register.o)
 .debug_info    0x0000000000003212       0x7d ../my_software_bsp//libhal_bsp.a(alt_irq_entry.o)
 .debug_info    0x000000000000328f      0x184 ../my_software_bsp//libhal_bsp.a(alt_irq_handler.o)
 .debug_info    0x0000000000003413       0x88 ../my_software_bsp//libhal_bsp.a(alt_irq_vars.o)
 .debug_info    0x000000000000349b      0x1c9 ../my_software_bsp//libhal_bsp.a(alt_load.o)
 .debug_info    0x0000000000003664      0x169 ../my_software_bsp//libhal_bsp.a(alt_main.o)
 .debug_info    0x00000000000037cd      0x13a ../my_software_bsp//libhal_bsp.a(alt_putstr.o)
 .debug_info    0x0000000000003907       0xd1 ../my_software_bsp//libhal_bsp.a(alt_usleep.o)
 .debug_info    0x00000000000039d8      0x1c7 ../my_software_bsp//libhal_bsp.a(alt_write.o)
 .debug_info    0x0000000000003b9f      0x185 ../my_software_bsp//libhal_bsp.a(alt_sys_init.o)
 .debug_info    0x0000000000003d24      0x197 ../my_software_bsp//libhal_bsp.a(altera_avalon_jtag_uart_write.o)
 .debug_info    0x0000000000003ebb       0xd8 ../my_software_bsp//libhal_bsp.a(alt_busy_sleep.o)
 .debug_info    0x0000000000003f93       0x92 ../my_software_bsp//libhal_bsp.a(alt_dcache_flush_all.o)
 .debug_info    0x0000000000004025       0xa6 ../my_software_bsp//libhal_bsp.a(alt_errno.o)
 .debug_info    0x00000000000040cb       0x83 ../my_software_bsp//libhal_bsp.a(alt_exception_entry.o)
 .debug_info    0x000000000000414e       0x92 ../my_software_bsp//libhal_bsp.a(alt_icache_flush_all.o)
 .debug_info    0x00000000000041e0      0x1fd ../my_software_bsp//libhal_bsp.a(alt_instruction_exception_entry.o)
 .debug_info    0x00000000000043dd       0x92 ../my_software_bsp//libhal_bsp.a(altera_nios2_gen2_irq.o)

.debug_abbrev   0x0000000000000000     0x1a33
 *(.debug_abbrev)
 .debug_abbrev  0x0000000000000000       0x12 ../my_software_bsp//obj/HAL/src/crt0.o
 .debug_abbrev  0x0000000000000012      0x12f obj/default/hello_world_small.o
 .debug_abbrev  0x0000000000000141      0x1ee /opt/quartus/intelFPGA_lite/16.1/nios2eds/bin/gnu/H-x86_64-pc-linux-gnu/bin/../lib/gcc/nios2-elf/5.3.0/../../../../../H-x86_64-pc-linux-gnu/nios2-elf/lib/mno-hw-mul/libsmallc.a(lib_a-printf.o)
 .debug_abbrev  0x000000000000032f      0x2a1 /opt/quartus/intelFPGA_lite/16.1/nios2eds/bin/gnu/H-x86_64-pc-linux-gnu/bin/../lib/gcc/nios2-elf/5.3.0/../../../../../H-x86_64-pc-linux-gnu/nios2-elf/lib/mno-hw-mul/libsmallc.a(lib_a-vfprintf.o)
 .debug_abbrev  0x00000000000005d0      0x1bc /opt/quartus/intelFPGA_lite/16.1/nios2eds/bin/gnu/H-x86_64-pc-linux-gnu/bin/../lib/gcc/nios2-elf/5.3.0/../../../../../H-x86_64-pc-linux-gnu/nios2-elf/lib/mno-hw-mul/libsmallc.a(lib_a-fvwrite_small_dev.o)
 .debug_abbrev  0x000000000000078c      0x14a /opt/quartus/intelFPGA_lite/16.1/nios2eds/bin/gnu/H-x86_64-pc-linux-gnu/bin/../lib/gcc/nios2-elf/5.3.0/../../../../../H-x86_64-pc-linux-gnu/nios2-elf/lib/mno-hw-mul/libsmallc.a(lib_a-impure.o)
 .debug_abbrev  0x00000000000008d6       0x7f /opt/quartus/intelFPGA_lite/16.1/nios2eds/bin/gnu/H-x86_64-pc-linux-gnu/bin/../lib/gcc/nios2-elf/5.3.0/../../../../../H-x86_64-pc-linux-gnu/nios2-elf/lib/mno-hw-mul/libsmallc.a(lib_a-strlen.o)
 .debug_abbrev  0x0000000000000955      0x1a6 /opt/quartus/intelFPGA_lite/16.1/nios2eds/bin/gnu/H-x86_64-pc-linux-gnu/bin/../lib/gcc/nios2-elf/5.3.0/../../../../../H-x86_64-pc-linux-gnu/nios2-elf/lib/mno-hw-mul/libsmallc.a(lib_a-writer.o)
 .debug_abbrev  0x0000000000000afb       0x37 /opt/quartus/intelFPGA_lite/16.1/nios2eds/bin/gnu/H-x86_64-pc-linux-gnu/bin/../lib/gcc/nios2-elf/5.3.0/../../../../../H-x86_64-pc-linux-gnu/nios2-elf/lib/mno-hw-mul/libsmallc.a(lib_a-int_errno.o)
 .debug_abbrev  0x0000000000000b32      0x10e /opt/quartus/intelFPGA_lite/16.1/nios2eds/bin/gnu/H-x86_64-pc-linux-gnu/bin/../lib/gcc/nios2-elf/5.3.0/mno-hw-mul/libgcc.a(lib2-divmod.o)
 .debug_abbrev  0x0000000000000c40       0x6f /opt/quartus/intelFPGA_lite/16.1/nios2eds/bin/gnu/H-x86_64-pc-linux-gnu/bin/../lib/gcc/nios2-elf/5.3.0/mno-hw-mul/libgcc.a(lib2-mul.o)
 .debug_abbrev  0x0000000000000caf      0x1a0 ../my_software_bsp//libhal_bsp.a(alt_iic.o)
 .debug_abbrev  0x0000000000000e4f      0x19c ../my_software_bsp//libhal_bsp.a(alt_iic_isr_register.o)
 .debug_abbrev  0x0000000000000feb       0x12 ../my_software_bsp//libhal_bsp.a(alt_irq_entry.o)
 .debug_abbrev  0x0000000000000ffd      0x120 ../my_software_bsp//libhal_bsp.a(alt_irq_handler.o)
 .debug_abbrev  0x000000000000111d       0x40 ../my_software_bsp//libhal_bsp.a(alt_irq_vars.o)
 .debug_abbrev  0x000000000000115d       0xd8 ../my_software_bsp//libhal_bsp.a(alt_load.o)
 .debug_abbrev  0x0000000000001235       0xee ../my_software_bsp//libhal_bsp.a(alt_main.o)
 .debug_abbrev  0x0000000000001323       0xd3 ../my_software_bsp//libhal_bsp.a(alt_putstr.o)
 .debug_abbrev  0x00000000000013f6       0x8d ../my_software_bsp//libhal_bsp.a(alt_usleep.o)
 .debug_abbrev  0x0000000000001483      0x12e ../my_software_bsp//libhal_bsp.a(alt_write.o)
 .debug_abbrev  0x00000000000015b1      0x107 ../my_software_bsp//libhal_bsp.a(alt_sys_init.o)
 .debug_abbrev  0x00000000000016b8       0xd5 ../my_software_bsp//libhal_bsp.a(altera_avalon_jtag_uart_write.o)
 .debug_abbrev  0x000000000000178d       0x8d ../my_software_bsp//libhal_bsp.a(alt_busy_sleep.o)
 .debug_abbrev  0x000000000000181a       0x42 ../my_software_bsp//libhal_bsp.a(alt_dcache_flush_all.o)
 .debug_abbrev  0x000000000000185c       0x5a ../my_software_bsp//libhal_bsp.a(alt_errno.o)
 .debug_abbrev  0x00000000000018b6       0x12 ../my_software_bsp//libhal_bsp.a(alt_exception_entry.o)
 .debug_abbrev  0x00000000000018c8       0x42 ../my_software_bsp//libhal_bsp.a(alt_icache_flush_all.o)
 .debug_abbrev  0x000000000000190a       0xe7 ../my_software_bsp//libhal_bsp.a(alt_instruction_exception_entry.o)
 .debug_abbrev  0x00000000000019f1       0x42 ../my_software_bsp//libhal_bsp.a(altera_nios2_gen2_irq.o)

.debug_line     0x0000000000000000     0x1d1b
 *(.debug_line)
 .debug_line    0x0000000000000000       0x66 ../my_software_bsp//obj/HAL/src/crt0.o
 .debug_line    0x0000000000000066      0x1fc obj/default/hello_world_small.o
 .debug_line    0x0000000000000262      0x203 /opt/quartus/intelFPGA_lite/16.1/nios2eds/bin/gnu/H-x86_64-pc-linux-gnu/bin/../lib/gcc/nios2-elf/5.3.0/../../../../../H-x86_64-pc-linux-gnu/nios2-elf/lib/mno-hw-mul/libsmallc.a(lib_a-printf.o)
 .debug_line    0x0000000000000465      0x351 /opt/quartus/intelFPGA_lite/16.1/nios2eds/bin/gnu/H-x86_64-pc-linux-gnu/bin/../lib/gcc/nios2-elf/5.3.0/../../../../../H-x86_64-pc-linux-gnu/nios2-elf/lib/mno-hw-mul/libsmallc.a(lib_a-vfprintf.o)
 .debug_line    0x00000000000007b6      0x1f0 /opt/quartus/intelFPGA_lite/16.1/nios2eds/bin/gnu/H-x86_64-pc-linux-gnu/bin/../lib/gcc/nios2-elf/5.3.0/../../../../../H-x86_64-pc-linux-gnu/nios2-elf/lib/mno-hw-mul/libsmallc.a(lib_a-fvwrite_small_dev.o)
 .debug_line    0x00000000000009a6      0x156 /opt/quartus/intelFPGA_lite/16.1/nios2eds/bin/gnu/H-x86_64-pc-linux-gnu/bin/../lib/gcc/nios2-elf/5.3.0/../../../../../H-x86_64-pc-linux-gnu/nios2-elf/lib/mno-hw-mul/libsmallc.a(lib_a-impure.o)
 .debug_line    0x0000000000000afc      0x15c /opt/quartus/intelFPGA_lite/16.1/nios2eds/bin/gnu/H-x86_64-pc-linux-gnu/bin/../lib/gcc/nios2-elf/5.3.0/../../../../../H-x86_64-pc-linux-gnu/nios2-elf/lib/mno-hw-mul/libsmallc.a(lib_a-strlen.o)
 .debug_line    0x0000000000000c58      0x1ed /opt/quartus/intelFPGA_lite/16.1/nios2eds/bin/gnu/H-x86_64-pc-linux-gnu/bin/../lib/gcc/nios2-elf/5.3.0/../../../../../H-x86_64-pc-linux-gnu/nios2-elf/lib/mno-hw-mul/libsmallc.a(lib_a-writer.o)
 .debug_line    0x0000000000000e45       0x5f /opt/quartus/intelFPGA_lite/16.1/nios2eds/bin/gnu/H-x86_64-pc-linux-gnu/bin/../lib/gcc/nios2-elf/5.3.0/../../../../../H-x86_64-pc-linux-gnu/nios2-elf/lib/mno-hw-mul/libsmallc.a(lib_a-int_errno.o)
 .debug_line    0x0000000000000ea4      0x105 /opt/quartus/intelFPGA_lite/16.1/nios2eds/bin/gnu/H-x86_64-pc-linux-gnu/bin/../lib/gcc/nios2-elf/5.3.0/mno-hw-mul/libgcc.a(lib2-divmod.o)
 .debug_line    0x0000000000000fa9       0x80 /opt/quartus/intelFPGA_lite/16.1/nios2eds/bin/gnu/H-x86_64-pc-linux-gnu/bin/../lib/gcc/nios2-elf/5.3.0/mno-hw-mul/libgcc.a(lib2-mul.o)
 .debug_line    0x0000000000001029       0xf1 ../my_software_bsp//libhal_bsp.a(alt_iic.o)
 .debug_line    0x000000000000111a       0xd6 ../my_software_bsp//libhal_bsp.a(alt_iic_isr_register.o)
 .debug_line    0x00000000000011f0       0x6b ../my_software_bsp//libhal_bsp.a(alt_irq_entry.o)
 .debug_line    0x000000000000125b       0xa5 ../my_software_bsp//libhal_bsp.a(alt_irq_handler.o)
 .debug_line    0x0000000000001300       0x50 ../my_software_bsp//libhal_bsp.a(alt_irq_vars.o)
 .debug_line    0x0000000000001350       0xa4 ../my_software_bsp//libhal_bsp.a(alt_load.o)
 .debug_line    0x00000000000013f4       0xbd ../my_software_bsp//libhal_bsp.a(alt_main.o)
 .debug_line    0x00000000000014b1       0xaf ../my_software_bsp//libhal_bsp.a(alt_putstr.o)
 .debug_line    0x0000000000001560       0xde ../my_software_bsp//libhal_bsp.a(alt_usleep.o)
 .debug_line    0x000000000000163e      0x188 ../my_software_bsp//libhal_bsp.a(alt_write.o)
 .debug_line    0x00000000000017c6      0x101 ../my_software_bsp//libhal_bsp.a(alt_sys_init.o)
 .debug_line    0x00000000000018c7       0xf0 ../my_software_bsp//libhal_bsp.a(altera_avalon_jtag_uart_write.o)
 .debug_line    0x00000000000019b7       0xb5 ../my_software_bsp//libhal_bsp.a(alt_busy_sleep.o)
 .debug_line    0x0000000000001a6c       0x4e ../my_software_bsp//libhal_bsp.a(alt_dcache_flush_all.o)
 .debug_line    0x0000000000001aba       0x51 ../my_software_bsp//libhal_bsp.a(alt_errno.o)
 .debug_line    0x0000000000001b0b       0xb3 ../my_software_bsp//libhal_bsp.a(alt_exception_entry.o)
 .debug_line    0x0000000000001bbe       0x4e ../my_software_bsp//libhal_bsp.a(alt_icache_flush_all.o)
 .debug_line    0x0000000000001c0c       0xbf ../my_software_bsp//libhal_bsp.a(alt_instruction_exception_entry.o)
 .debug_line    0x0000000000001ccb       0x50 ../my_software_bsp//libhal_bsp.a(altera_nios2_gen2_irq.o)

.debug_frame    0x0000000000000000      0x50c
 *(.debug_frame)
 .debug_frame   0x0000000000000000       0x70 obj/default/hello_world_small.o
 .debug_frame   0x0000000000000070       0x48 /opt/quartus/intelFPGA_lite/16.1/nios2eds/bin/gnu/H-x86_64-pc-linux-gnu/bin/../lib/gcc/nios2-elf/5.3.0/../../../../../H-x86_64-pc-linux-gnu/nios2-elf/lib/mno-hw-mul/libsmallc.a(lib_a-printf.o)
 .debug_frame   0x00000000000000b8       0x8c /opt/quartus/intelFPGA_lite/16.1/nios2eds/bin/gnu/H-x86_64-pc-linux-gnu/bin/../lib/gcc/nios2-elf/5.3.0/../../../../../H-x86_64-pc-linux-gnu/nios2-elf/lib/mno-hw-mul/libsmallc.a(lib_a-vfprintf.o)
 .debug_frame   0x0000000000000144       0x58 /opt/quartus/intelFPGA_lite/16.1/nios2eds/bin/gnu/H-x86_64-pc-linux-gnu/bin/../lib/gcc/nios2-elf/5.3.0/../../../../../H-x86_64-pc-linux-gnu/nios2-elf/lib/mno-hw-mul/libsmallc.a(lib_a-fvwrite_small_dev.o)
 .debug_frame   0x000000000000019c       0x20 /opt/quartus/intelFPGA_lite/16.1/nios2eds/bin/gnu/H-x86_64-pc-linux-gnu/bin/../lib/gcc/nios2-elf/5.3.0/../../../../../H-x86_64-pc-linux-gnu/nios2-elf/lib/mno-hw-mul/libsmallc.a(lib_a-strlen.o)
 .debug_frame   0x00000000000001bc       0x38 /opt/quartus/intelFPGA_lite/16.1/nios2eds/bin/gnu/H-x86_64-pc-linux-gnu/bin/../lib/gcc/nios2-elf/5.3.0/../../../../../H-x86_64-pc-linux-gnu/nios2-elf/lib/mno-hw-mul/libsmallc.a(lib_a-writer.o)
 .debug_frame   0x00000000000001f4       0x50 /opt/quartus/intelFPGA_lite/16.1/nios2eds/bin/gnu/H-x86_64-pc-linux-gnu/bin/../lib/gcc/nios2-elf/5.3.0/mno-hw-mul/libgcc.a(lib2-divmod.o)
 .debug_frame   0x0000000000000244       0x20 /opt/quartus/intelFPGA_lite/16.1/nios2eds/bin/gnu/H-x86_64-pc-linux-gnu/bin/../lib/gcc/nios2-elf/5.3.0/mno-hw-mul/libgcc.a(lib2-mul.o)
 .debug_frame   0x0000000000000264       0x50 ../my_software_bsp//libhal_bsp.a(alt_iic.o)
 .debug_frame   0x00000000000002b4       0x30 ../my_software_bsp//libhal_bsp.a(alt_iic_isr_register.o)
 .debug_frame   0x00000000000002e4       0x34 ../my_software_bsp//libhal_bsp.a(alt_irq_handler.o)
 .debug_frame   0x0000000000000318       0x30 ../my_software_bsp//libhal_bsp.a(alt_load.o)
 .debug_frame   0x0000000000000348       0x2c ../my_software_bsp//libhal_bsp.a(alt_main.o)
 .debug_frame   0x0000000000000374       0x30 ../my_software_bsp//libhal_bsp.a(alt_putstr.o)
 .debug_frame   0x00000000000003a4       0x20 ../my_software_bsp//libhal_bsp.a(alt_usleep.o)
 .debug_frame   0x00000000000003c4       0x2c ../my_software_bsp//libhal_bsp.a(alt_write.o)
 .debug_frame   0x00000000000003f0       0x3c ../my_software_bsp//libhal_bsp.a(alt_sys_init.o)
 .debug_frame   0x000000000000042c       0x20 ../my_software_bsp//libhal_bsp.a(altera_avalon_jtag_uart_write.o)
 .debug_frame   0x000000000000044c       0x30 ../my_software_bsp//libhal_bsp.a(alt_busy_sleep.o)
 .debug_frame   0x000000000000047c       0x20 ../my_software_bsp//libhal_bsp.a(alt_dcache_flush_all.o)
 .debug_frame   0x000000000000049c       0x20 ../my_software_bsp//libhal_bsp.a(alt_icache_flush_all.o)
 .debug_frame   0x00000000000004bc       0x30 ../my_software_bsp//libhal_bsp.a(alt_instruction_exception_entry.o)
 .debug_frame   0x00000000000004ec       0x20 ../my_software_bsp//libhal_bsp.a(altera_nios2_gen2_irq.o)

.debug_str      0x0000000000000000     0x16c3
 *(.debug_str)
 .debug_str     0x0000000000000000      0x228 obj/default/hello_world_small.o
                                        0x266 (size before relaxing)
 .debug_str     0x0000000000000228      0x42a /opt/quartus/intelFPGA_lite/16.1/nios2eds/bin/gnu/H-x86_64-pc-linux-gnu/bin/../lib/gcc/nios2-elf/5.3.0/../../../../../H-x86_64-pc-linux-gnu/nios2-elf/lib/mno-hw-mul/libsmallc.a(lib_a-printf.o)
                                        0x505 (size before relaxing)
 .debug_str     0x0000000000000652      0x1ff /opt/quartus/intelFPGA_lite/16.1/nios2eds/bin/gnu/H-x86_64-pc-linux-gnu/bin/../lib/gcc/nios2-elf/5.3.0/../../../../../H-x86_64-pc-linux-gnu/nios2-elf/lib/mno-hw-mul/libsmallc.a(lib_a-vfprintf.o)
                                        0x680 (size before relaxing)
 .debug_str     0x0000000000000851       0x78 /opt/quartus/intelFPGA_lite/16.1/nios2eds/bin/gnu/H-x86_64-pc-linux-gnu/bin/../lib/gcc/nios2-elf/5.3.0/../../../../../H-x86_64-pc-linux-gnu/nios2-elf/lib/mno-hw-mul/libsmallc.a(lib_a-fvwrite_small_dev.o)
                                        0x4d5 (size before relaxing)
 .debug_str     0x00000000000008c9       0xf0 /opt/quartus/intelFPGA_lite/16.1/nios2eds/bin/gnu/H-x86_64-pc-linux-gnu/bin/../lib/gcc/nios2-elf/5.3.0/../../../../../H-x86_64-pc-linux-gnu/nios2-elf/lib/mno-hw-mul/libsmallc.a(lib_a-impure.o)
                                        0x4bf (size before relaxing)
 .debug_str     0x00000000000009b9       0xd3 /opt/quartus/intelFPGA_lite/16.1/nios2eds/bin/gnu/H-x86_64-pc-linux-gnu/bin/../lib/gcc/nios2-elf/5.3.0/../../../../../H-x86_64-pc-linux-gnu/nios2-elf/lib/mno-hw-mul/libsmallc.a(lib_a-strlen.o)
                                        0x1e6 (size before relaxing)
 .debug_str     0x0000000000000a8c       0x45 /opt/quartus/intelFPGA_lite/16.1/nios2eds/bin/gnu/H-x86_64-pc-linux-gnu/bin/../lib/gcc/nios2-elf/5.3.0/../../../../../H-x86_64-pc-linux-gnu/nios2-elf/lib/mno-hw-mul/libsmallc.a(lib_a-writer.o)
                                        0x4b9 (size before relaxing)
 .debug_str     0x0000000000000ad1       0x3f /opt/quartus/intelFPGA_lite/16.1/nios2eds/bin/gnu/H-x86_64-pc-linux-gnu/bin/../lib/gcc/nios2-elf/5.3.0/../../../../../H-x86_64-pc-linux-gnu/nios2-elf/lib/mno-hw-mul/libsmallc.a(lib_a-int_errno.o)
                                        0x1d9 (size before relaxing)
 .debug_str     0x0000000000000b10      0x188 /opt/quartus/intelFPGA_lite/16.1/nios2eds/bin/gnu/H-x86_64-pc-linux-gnu/bin/../lib/gcc/nios2-elf/5.3.0/mno-hw-mul/libgcc.a(lib2-divmod.o)
                                        0x1d3 (size before relaxing)
 .debug_str     0x0000000000000c98       0x40 /opt/quartus/intelFPGA_lite/16.1/nios2eds/bin/gnu/H-x86_64-pc-linux-gnu/bin/../lib/gcc/nios2-elf/5.3.0/mno-hw-mul/libgcc.a(lib2-mul.o)
                                        0x194 (size before relaxing)
 .debug_str     0x0000000000000cd8      0x12a ../my_software_bsp//libhal_bsp.a(alt_iic.o)
                                        0x259 (size before relaxing)
 .debug_str     0x0000000000000e02       0x37 ../my_software_bsp//libhal_bsp.a(alt_iic_isr_register.o)
                                        0x213 (size before relaxing)
 .debug_str     0x0000000000000e39       0x3a ../my_software_bsp//libhal_bsp.a(alt_irq_handler.o)
                                        0x19d (size before relaxing)
 .debug_str     0x0000000000000e73       0x17 ../my_software_bsp//libhal_bsp.a(alt_irq_vars.o)
                                        0x140 (size before relaxing)
 .debug_str     0x0000000000000e8a      0x113 ../my_software_bsp//libhal_bsp.a(alt_load.o)
                                        0x242 (size before relaxing)
 .debug_str     0x0000000000000f9d       0x8a ../my_software_bsp//libhal_bsp.a(alt_main.o)
                                        0x1bb (size before relaxing)
 .debug_str     0x0000000000001027       0x5f ../my_software_bsp//libhal_bsp.a(alt_putstr.o)
                                        0x198 (size before relaxing)
 .debug_str     0x0000000000001086       0x2f ../my_software_bsp//libhal_bsp.a(alt_usleep.o)
                                        0x15d (size before relaxing)
 .debug_str     0x00000000000010b5       0x2c ../my_software_bsp//libhal_bsp.a(alt_write.o)
                                        0x1e6 (size before relaxing)
 .debug_str     0x00000000000010e1       0x86 ../my_software_bsp//libhal_bsp.a(alt_sys_init.o)
                                        0x22c (size before relaxing)
 .debug_str     0x0000000000001167       0x2c ../my_software_bsp//libhal_bsp.a(altera_avalon_jtag_uart_write.o)
                                        0x21b (size before relaxing)
 .debug_str     0x0000000000001193       0x33 ../my_software_bsp//libhal_bsp.a(alt_busy_sleep.o)
                                        0x171 (size before relaxing)
 .debug_str     0x00000000000011c6       0x1f ../my_software_bsp//libhal_bsp.a(alt_dcache_flush_all.o)
                                        0x15b (size before relaxing)
 .debug_str     0x00000000000011e5       0x14 ../my_software_bsp//libhal_bsp.a(alt_errno.o)
                                        0x14b (size before relaxing)
 .debug_str     0x00000000000011f9       0x1f ../my_software_bsp//libhal_bsp.a(alt_icache_flush_all.o)
                                        0x15b (size before relaxing)
 .debug_str     0x0000000000001218      0x48b ../my_software_bsp//libhal_bsp.a(alt_instruction_exception_entry.o)
                                        0x5a6 (size before relaxing)
 .debug_str     0x00000000000016a3       0x20 ../my_software_bsp//libhal_bsp.a(altera_nios2_gen2_irq.o)
                                        0x162 (size before relaxing)

.debug_loc      0x0000000000000000     0x182f
 *(.debug_loc)
 .debug_loc     0x0000000000000000       0xcd obj/default/hello_world_small.o
 .debug_loc     0x00000000000000cd       0xc6 /opt/quartus/intelFPGA_lite/16.1/nios2eds/bin/gnu/H-x86_64-pc-linux-gnu/bin/../lib/gcc/nios2-elf/5.3.0/../../../../../H-x86_64-pc-linux-gnu/nios2-elf/lib/mno-hw-mul/libsmallc.a(lib_a-printf.o)
 .debug_loc     0x0000000000000193      0x954 /opt/quartus/intelFPGA_lite/16.1/nios2eds/bin/gnu/H-x86_64-pc-linux-gnu/bin/../lib/gcc/nios2-elf/5.3.0/../../../../../H-x86_64-pc-linux-gnu/nios2-elf/lib/mno-hw-mul/libsmallc.a(lib_a-vfprintf.o)
 .debug_loc     0x0000000000000ae7      0x110 /opt/quartus/intelFPGA_lite/16.1/nios2eds/bin/gnu/H-x86_64-pc-linux-gnu/bin/../lib/gcc/nios2-elf/5.3.0/../../../../../H-x86_64-pc-linux-gnu/nios2-elf/lib/mno-hw-mul/libsmallc.a(lib_a-fvwrite_small_dev.o)
 .debug_loc     0x0000000000000bf7       0x1e /opt/quartus/intelFPGA_lite/16.1/nios2eds/bin/gnu/H-x86_64-pc-linux-gnu/bin/../lib/gcc/nios2-elf/5.3.0/../../../../../H-x86_64-pc-linux-gnu/nios2-elf/lib/mno-hw-mul/libsmallc.a(lib_a-strlen.o)
 .debug_loc     0x0000000000000c15       0xa5 /opt/quartus/intelFPGA_lite/16.1/nios2eds/bin/gnu/H-x86_64-pc-linux-gnu/bin/../lib/gcc/nios2-elf/5.3.0/../../../../../H-x86_64-pc-linux-gnu/nios2-elf/lib/mno-hw-mul/libsmallc.a(lib_a-writer.o)
 .debug_loc     0x0000000000000cba      0x4ce /opt/quartus/intelFPGA_lite/16.1/nios2eds/bin/gnu/H-x86_64-pc-linux-gnu/bin/../lib/gcc/nios2-elf/5.3.0/mno-hw-mul/libgcc.a(lib2-divmod.o)
 .debug_loc     0x0000000000001188       0x93 /opt/quartus/intelFPGA_lite/16.1/nios2eds/bin/gnu/H-x86_64-pc-linux-gnu/bin/../lib/gcc/nios2-elf/5.3.0/mno-hw-mul/libgcc.a(lib2-mul.o)
 .debug_loc     0x000000000000121b      0x170 ../my_software_bsp//libhal_bsp.a(alt_iic.o)
 .debug_loc     0x000000000000138b      0x193 ../my_software_bsp//libhal_bsp.a(alt_iic_isr_register.o)
 .debug_loc     0x000000000000151e       0x72 ../my_software_bsp//libhal_bsp.a(alt_irq_handler.o)
 .debug_loc     0x0000000000001590       0x37 ../my_software_bsp//libhal_bsp.a(alt_putstr.o)
 .debug_loc     0x00000000000015c7       0x21 ../my_software_bsp//libhal_bsp.a(alt_usleep.o)
 .debug_loc     0x00000000000015e8       0xcf ../my_software_bsp//libhal_bsp.a(alt_write.o)
 .debug_loc     0x00000000000016b7       0x21 ../my_software_bsp//libhal_bsp.a(alt_sys_init.o)
 .debug_loc     0x00000000000016d8       0x8b ../my_software_bsp//libhal_bsp.a(altera_avalon_jtag_uart_write.o)
 .debug_loc     0x0000000000001763       0x67 ../my_software_bsp//libhal_bsp.a(alt_busy_sleep.o)
 .debug_loc     0x00000000000017ca       0x65 ../my_software_bsp//libhal_bsp.a(alt_instruction_exception_entry.o)

.debug_macinfo
 *(.debug_macinfo)

.debug_weaknames
 *(.debug_weaknames)

.debug_funcnames
 *(.debug_funcnames)

.debug_typenames
 *(.debug_typenames)

.debug_varnames
 *(.debug_varnames)

.debug_alt_sim_info
                0x0000000000000000       0x40
 *(.debug_alt_sim_info)
 .debug_alt_sim_info
                0x0000000000000000       0x10 ../my_software_bsp//obj/HAL/src/crt0.o
 .debug_alt_sim_info
                0x0000000000000010       0x30 ../my_software_bsp//libhal_bsp.a(alt_busy_sleep.o)
                0x0000000000010000                __alt_data_end = 0x10000
                0x0000000000010000                PROVIDE (__alt_stack_pointer, __alt_data_end)
                [!provide]                        PROVIDE (__alt_stack_limit, __alt_stack_base)
                [!provide]                        PROVIDE (__alt_heap_start, end)
                [!provide]                        PROVIDE (__alt_heap_limit, 0x10000)
OUTPUT(my_software.elf elf32-littlenios2)

.debug_ranges   0x0000000000000000      0x2a8
 .debug_ranges  0x0000000000000000       0x20 ../my_software_bsp//obj/HAL/src/crt0.o
 .debug_ranges  0x0000000000000020       0x18 obj/default/hello_world_small.o
 .debug_ranges  0x0000000000000038       0x18 /opt/quartus/intelFPGA_lite/16.1/nios2eds/bin/gnu/H-x86_64-pc-linux-gnu/bin/../lib/gcc/nios2-elf/5.3.0/../../../../../H-x86_64-pc-linux-gnu/nios2-elf/lib/mno-hw-mul/libsmallc.a(lib_a-printf.o)
 .debug_ranges  0x0000000000000050       0xc8 /opt/quartus/intelFPGA_lite/16.1/nios2eds/bin/gnu/H-x86_64-pc-linux-gnu/bin/../lib/gcc/nios2-elf/5.3.0/../../../../../H-x86_64-pc-linux-gnu/nios2-elf/lib/mno-hw-mul/libsmallc.a(lib_a-vfprintf.o)
 .debug_ranges  0x0000000000000118       0x28 /opt/quartus/intelFPGA_lite/16.1/nios2eds/bin/gnu/H-x86_64-pc-linux-gnu/bin/../lib/gcc/nios2-elf/5.3.0/../../../../../H-x86_64-pc-linux-gnu/nios2-elf/lib/mno-hw-mul/libsmallc.a(lib_a-fvwrite_small_dev.o)
 .debug_ranges  0x0000000000000140       0x10 /opt/quartus/intelFPGA_lite/16.1/nios2eds/bin/gnu/H-x86_64-pc-linux-gnu/bin/../lib/gcc/nios2-elf/5.3.0/../../../../../H-x86_64-pc-linux-gnu/nios2-elf/lib/mno-hw-mul/libsmallc.a(lib_a-strlen.o)
 .debug_ranges  0x0000000000000150       0x10 /opt/quartus/intelFPGA_lite/16.1/nios2eds/bin/gnu/H-x86_64-pc-linux-gnu/bin/../lib/gcc/nios2-elf/5.3.0/../../../../../H-x86_64-pc-linux-gnu/nios2-elf/lib/mno-hw-mul/libsmallc.a(lib_a-writer.o)
 .debug_ranges  0x0000000000000160       0x60 /opt/quartus/intelFPGA_lite/16.1/nios2eds/bin/gnu/H-x86_64-pc-linux-gnu/bin/../lib/gcc/nios2-elf/5.3.0/mno-hw-mul/libgcc.a(lib2-divmod.o)
 .debug_ranges  0x00000000000001c0       0x28 ../my_software_bsp//libhal_bsp.a(alt_irq_entry.o)
 .debug_ranges  0x00000000000001e8       0x10 ../my_software_bsp//libhal_bsp.a(alt_irq_handler.o)
 .debug_ranges  0x00000000000001f8       0x48 ../my_software_bsp//libhal_bsp.a(alt_load.o)
 .debug_ranges  0x0000000000000240       0x20 ../my_software_bsp//libhal_bsp.a(alt_write.o)
 .debug_ranges  0x0000000000000260       0x30 ../my_software_bsp//libhal_bsp.a(alt_exception_entry.o)
 .debug_ranges  0x0000000000000290       0x18 ../my_software_bsp//libhal_bsp.a(alt_instruction_exception_entry.o)
