Archive member included to satisfy reference by file (symbol)

/home/mohil/altera_lite/16.0/nios2eds/bin/gnu/H-x86_64-pc-linux-gnu/bin/../lib/gcc/nios2-elf/5.2.0/mno-hw-mul/libgcc.a(lib2-divmod.o)
                              obj/default/hello_world_small.o (__udivsi3)
/home/mohil/altera_lite/16.0/nios2eds/bin/gnu/H-x86_64-pc-linux-gnu/bin/../lib/gcc/nios2-elf/5.2.0/mno-hw-mul/libgcc.a(floatunsidf.o)
                              obj/default/hello_world_small.o (__floatunsidf)
/home/mohil/altera_lite/16.0/nios2eds/bin/gnu/H-x86_64-pc-linux-gnu/bin/../lib/gcc/nios2-elf/5.2.0/mno-hw-mul/libgcc.a(_clzsi2.o)
                              /home/mohil/altera_lite/16.0/nios2eds/bin/gnu/H-x86_64-pc-linux-gnu/bin/../lib/gcc/nios2-elf/5.2.0/mno-hw-mul/libgcc.a(floatunsidf.o) (__clzsi2)
/home/mohil/altera_lite/16.0/nios2eds/bin/gnu/H-x86_64-pc-linux-gnu/bin/../lib/gcc/nios2-elf/5.2.0/mno-hw-mul/libgcc.a(_clz.o)
                              /home/mohil/altera_lite/16.0/nios2eds/bin/gnu/H-x86_64-pc-linux-gnu/bin/../lib/gcc/nios2-elf/5.2.0/mno-hw-mul/libgcc.a(_clzsi2.o) (__clz_tab)
/home/mohil/altera_lite/16.0/nios2eds/bin/gnu/H-x86_64-pc-linux-gnu/bin/../lib/gcc/nios2-elf/5.2.0/../../../../../H-x86_64-pc-linux-gnu/nios2-elf/lib/mno-hw-mul/libsmallc.a(lib_a-printf.o)
                              obj/default/hello_world_small.o (printf)
/home/mohil/altera_lite/16.0/nios2eds/bin/gnu/H-x86_64-pc-linux-gnu/bin/../lib/gcc/nios2-elf/5.2.0/../../../../../H-x86_64-pc-linux-gnu/nios2-elf/lib/mno-hw-mul/libsmallc.a(lib_a-vfprintf.o)
                              /home/mohil/altera_lite/16.0/nios2eds/bin/gnu/H-x86_64-pc-linux-gnu/bin/../lib/gcc/nios2-elf/5.2.0/../../../../../H-x86_64-pc-linux-gnu/nios2-elf/lib/mno-hw-mul/libsmallc.a(lib_a-printf.o) (___vfprintf_internal_r)
/home/mohil/altera_lite/16.0/nios2eds/bin/gnu/H-x86_64-pc-linux-gnu/bin/../lib/gcc/nios2-elf/5.2.0/../../../../../H-x86_64-pc-linux-gnu/nios2-elf/lib/mno-hw-mul/libsmallc.a(lib_a-fvwrite_small_dev.o)
                              /home/mohil/altera_lite/16.0/nios2eds/bin/gnu/H-x86_64-pc-linux-gnu/bin/../lib/gcc/nios2-elf/5.2.0/../../../../../H-x86_64-pc-linux-gnu/nios2-elf/lib/mno-hw-mul/libsmallc.a(lib_a-printf.o) (__sfvwrite_small_dev)
/home/mohil/altera_lite/16.0/nios2eds/bin/gnu/H-x86_64-pc-linux-gnu/bin/../lib/gcc/nios2-elf/5.2.0/../../../../../H-x86_64-pc-linux-gnu/nios2-elf/lib/mno-hw-mul/libsmallc.a(lib_a-impure.o)
                              /home/mohil/altera_lite/16.0/nios2eds/bin/gnu/H-x86_64-pc-linux-gnu/bin/../lib/gcc/nios2-elf/5.2.0/../../../../../H-x86_64-pc-linux-gnu/nios2-elf/lib/mno-hw-mul/libsmallc.a(lib_a-printf.o) (_impure_ptr)
/home/mohil/altera_lite/16.0/nios2eds/bin/gnu/H-x86_64-pc-linux-gnu/bin/../lib/gcc/nios2-elf/5.2.0/../../../../../H-x86_64-pc-linux-gnu/nios2-elf/lib/mno-hw-mul/libsmallc.a(lib_a-strlen.o)
                              /home/mohil/altera_lite/16.0/nios2eds/bin/gnu/H-x86_64-pc-linux-gnu/bin/../lib/gcc/nios2-elf/5.2.0/../../../../../H-x86_64-pc-linux-gnu/nios2-elf/lib/mno-hw-mul/libsmallc.a(lib_a-vfprintf.o) (strlen)
/home/mohil/altera_lite/16.0/nios2eds/bin/gnu/H-x86_64-pc-linux-gnu/bin/../lib/gcc/nios2-elf/5.2.0/../../../../../H-x86_64-pc-linux-gnu/nios2-elf/lib/mno-hw-mul/libsmallc.a(lib_a-writer.o)
                              /home/mohil/altera_lite/16.0/nios2eds/bin/gnu/H-x86_64-pc-linux-gnu/bin/../lib/gcc/nios2-elf/5.2.0/../../../../../H-x86_64-pc-linux-gnu/nios2-elf/lib/mno-hw-mul/libsmallc.a(lib_a-fvwrite_small_dev.o) (_write_r)
/home/mohil/altera_lite/16.0/nios2eds/bin/gnu/H-x86_64-pc-linux-gnu/bin/../lib/gcc/nios2-elf/5.2.0/../../../../../H-x86_64-pc-linux-gnu/nios2-elf/lib/mno-hw-mul/libsmallc.a(lib_a-int_errno.o)
                              /home/mohil/altera_lite/16.0/nios2eds/bin/gnu/H-x86_64-pc-linux-gnu/bin/../lib/gcc/nios2-elf/5.2.0/../../../../../H-x86_64-pc-linux-gnu/nios2-elf/lib/mno-hw-mul/libsmallc.a(lib_a-writer.o) (errno)
/home/mohil/altera_lite/16.0/nios2eds/bin/gnu/H-x86_64-pc-linux-gnu/bin/../lib/gcc/nios2-elf/5.2.0/mno-hw-mul/libgcc.a(lib2-mul.o)
                              /home/mohil/altera_lite/16.0/nios2eds/bin/gnu/H-x86_64-pc-linux-gnu/bin/../lib/gcc/nios2-elf/5.2.0/../../../../../H-x86_64-pc-linux-gnu/nios2-elf/lib/mno-hw-mul/libsmallc.a(lib_a-vfprintf.o) (__mulsi3)
../mysoft1_bsp//libhal_bsp.a(alt_iic.o)
                              obj/default/hello_world_small.o (alt_ic_isr_register)
../mysoft1_bsp//libhal_bsp.a(alt_iic_isr_register.o)
                              ../mysoft1_bsp//libhal_bsp.a(alt_iic.o) (alt_iic_isr_register)
../mysoft1_bsp//libhal_bsp.a(alt_irq_entry.o)
                              ../mysoft1_bsp//libhal_bsp.a(alt_iic_isr_register.o) (alt_irq_entry)
../mysoft1_bsp//libhal_bsp.a(alt_irq_handler.o)
                              ../mysoft1_bsp//libhal_bsp.a(alt_iic_isr_register.o) (alt_irq_handler)
../mysoft1_bsp//libhal_bsp.a(alt_irq_vars.o)
                              ../mysoft1_bsp//libhal_bsp.a(alt_iic.o) (alt_irq_active)
../mysoft1_bsp//libhal_bsp.a(alt_load.o)
                              ../mysoft1_bsp//obj/HAL/src/crt0.o (alt_load)
../mysoft1_bsp//libhal_bsp.a(alt_main.o)
                              ../mysoft1_bsp//obj/HAL/src/crt0.o (alt_main)
../mysoft1_bsp//libhal_bsp.a(alt_putstr.o)
                              obj/default/hello_world_small.o (alt_putstr)
../mysoft1_bsp//libhal_bsp.a(alt_usleep.o)
                              obj/default/hello_world_small.o (usleep)
../mysoft1_bsp//libhal_bsp.a(alt_write.o)
                              /home/mohil/altera_lite/16.0/nios2eds/bin/gnu/H-x86_64-pc-linux-gnu/bin/../lib/gcc/nios2-elf/5.2.0/../../../../../H-x86_64-pc-linux-gnu/nios2-elf/lib/mno-hw-mul/libsmallc.a(lib_a-writer.o) (write)
../mysoft1_bsp//libhal_bsp.a(alt_sys_init.o)
                              ../mysoft1_bsp//libhal_bsp.a(alt_main.o) (alt_irq_init)
../mysoft1_bsp//libhal_bsp.a(altera_avalon_jtag_uart_write.o)
                              ../mysoft1_bsp//libhal_bsp.a(alt_putstr.o) (altera_avalon_jtag_uart_write)
../mysoft1_bsp//libhal_bsp.a(alt_busy_sleep.o)
                              ../mysoft1_bsp//libhal_bsp.a(alt_usleep.o) (alt_busy_sleep)
../mysoft1_bsp//libhal_bsp.a(alt_dcache_flush_all.o)
                              ../mysoft1_bsp//libhal_bsp.a(alt_load.o) (alt_dcache_flush_all)
../mysoft1_bsp//libhal_bsp.a(alt_errno.o)
                              ../mysoft1_bsp//libhal_bsp.a(alt_write.o) (alt_errno)
../mysoft1_bsp//libhal_bsp.a(alt_exception_entry.o)
                              ../mysoft1_bsp//libhal_bsp.a(alt_irq_entry.o) (alt_exception)
../mysoft1_bsp//libhal_bsp.a(alt_icache_flush_all.o)
                              ../mysoft1_bsp//libhal_bsp.a(alt_load.o) (alt_icache_flush_all)
../mysoft1_bsp//libhal_bsp.a(alt_instruction_exception_entry.o)
                              ../mysoft1_bsp//libhal_bsp.a(alt_exception_entry.o) (alt_instruction_exception_entry)
../mysoft1_bsp//libhal_bsp.a(altera_nios2_gen2_irq.o)
                              ../mysoft1_bsp//libhal_bsp.a(alt_sys_init.o) (altera_nios2_gen2_irq_init)

Allocating common symbols
Common symbol       size              file

alt_irq             0x100             ../mysoft1_bsp//libhal_bsp.a(alt_irq_handler.o)
endtime             0x4               obj/default/hello_world_small.o
starttime           0x4               obj/default/hello_world_small.o
time_count          0x8               obj/default/hello_world_small.o
errno               0x4               /home/mohil/altera_lite/16.0/nios2eds/bin/gnu/H-x86_64-pc-linux-gnu/bin/../lib/gcc/nios2-elf/5.2.0/../../../../../H-x86_64-pc-linux-gnu/nios2-elf/lib/mno-hw-mul/libsmallc.a(lib_a-int_errno.o)
ISR_reg             0x4               obj/default/hello_world_small.o
dataToRecv_isr      0x4               obj/default/hello_world_small.o
dataToRecv          0x4               obj/default/hello_world_small.o
context_pointer     0x4               obj/default/hello_world_small.o

Memory Configuration

Name             Origin             Length             Attributes
reset            0x0000000000008000 0x0000000000000020
onchip_memory2_0 0x0000000000008020 0x0000000000007fe0
*default*        0x0000000000000000 0xffffffffffffffff

Linker script and memory map

LOAD ../mysoft1_bsp//obj/HAL/src/crt0.o
LOAD obj/default/hello_world_small.o
LOAD /home/mohil/altera_lite/16.0/nios2eds/bin/gnu/H-x86_64-pc-linux-gnu/bin/../lib/gcc/nios2-elf/5.2.0/../../../../../H-x86_64-pc-linux-gnu/nios2-elf/lib/mno-hw-mul/libstdc++.a
LOAD /home/mohil/altera_lite/16.0/nios2eds/bin/gnu/H-x86_64-pc-linux-gnu/bin/../lib/gcc/nios2-elf/5.2.0/../../../../../H-x86_64-pc-linux-gnu/nios2-elf/lib/mno-hw-mul/libm.a
LOAD /home/mohil/altera_lite/16.0/nios2eds/bin/gnu/H-x86_64-pc-linux-gnu/bin/../lib/gcc/nios2-elf/5.2.0/mno-hw-mul/libgcc.a
START GROUP
LOAD /home/mohil/altera_lite/16.0/nios2eds/bin/gnu/H-x86_64-pc-linux-gnu/bin/../lib/gcc/nios2-elf/5.2.0/../../../../../H-x86_64-pc-linux-gnu/nios2-elf/lib/mno-hw-mul/libsmallc.a
LOAD /home/mohil/altera_lite/16.0/nios2eds/bin/gnu/H-x86_64-pc-linux-gnu/bin/../lib/gcc/nios2-elf/5.2.0/mno-hw-mul/libgcc.a
LOAD ../mysoft1_bsp//libhal_bsp.a
LOAD /home/mohil/altera_lite/16.0/nios2eds/bin/gnu/H-x86_64-pc-linux-gnu/bin/../lib/gcc/nios2-elf/5.2.0/../../../../../H-x86_64-pc-linux-gnu/nios2-elf/lib/mno-hw-mul/libm.a
END GROUP
LOAD /home/mohil/altera_lite/16.0/nios2eds/bin/gnu/H-x86_64-pc-linux-gnu/bin/../lib/gcc/nios2-elf/5.2.0/mno-hw-mul/libgcc.a
                0x0000000000008000                __alt_mem_onchip_memory2_0 = 0x8000

.entry          0x0000000000008000       0x20
 *(.entry)
 .entry         0x0000000000008000       0x20 ../mysoft1_bsp//obj/HAL/src/crt0.o
                0x0000000000008000                __reset
                0x000000000000800c                _exit

.exceptions     0x0000000000008020      0x160
                0x0000000000008020                PROVIDE (__ram_exceptions_start, ABSOLUTE (.))
                0x0000000000008020                . = ALIGN (0x20)
 *(.irq)
 *(.exceptions.entry.label)
 .exceptions.entry.label
                0x0000000000008020        0x0 ../mysoft1_bsp//libhal_bsp.a(alt_irq_entry.o)
                0x0000000000008020                alt_irq_entry
 .exceptions.entry.label
                0x0000000000008020        0x0 ../mysoft1_bsp//libhal_bsp.a(alt_exception_entry.o)
                0x0000000000008020                alt_exception
 *(.exceptions.entry.user)
 *(.exceptions.entry.ecc_fatal)
 *(.exceptions.entry)
 .exceptions.entry
                0x0000000000008020       0x54 ../mysoft1_bsp//libhal_bsp.a(alt_exception_entry.o)
 *(.exceptions.irqtest.user)
 *(.exceptions.irqtest)
 .exceptions.irqtest
                0x0000000000008074       0x10 ../mysoft1_bsp//libhal_bsp.a(alt_irq_entry.o)
 *(.exceptions.irqhandler.user)
 *(.exceptions.irqhandler)
 .exceptions.irqhandler
                0x0000000000008084        0x4 ../mysoft1_bsp//libhal_bsp.a(alt_irq_entry.o)
 *(.exceptions.irqreturn.user)
 *(.exceptions.irqreturn)
 .exceptions.irqreturn
                0x0000000000008088        0x4 ../mysoft1_bsp//libhal_bsp.a(alt_irq_entry.o)
 *(.exceptions.notirq.label)
 .exceptions.notirq.label
                0x000000000000808c        0x0 ../mysoft1_bsp//libhal_bsp.a(alt_irq_entry.o)
 *(.exceptions.notirq.user)
 *(.exceptions.notirq)
 .exceptions.notirq
                0x000000000000808c        0x8 ../mysoft1_bsp//libhal_bsp.a(alt_exception_entry.o)
 *(.exceptions.soft.user)
 *(.exceptions.soft)
 *(.exceptions.unknown.user)
 *(.exceptions.unknown)
 .exceptions.unknown
                0x0000000000008094       0x14 ../mysoft1_bsp//libhal_bsp.a(alt_exception_entry.o)
 *(.exceptions.exit.label)
 .exceptions.exit.label
                0x00000000000080a8        0x0 ../mysoft1_bsp//libhal_bsp.a(alt_irq_entry.o)
 .exceptions.exit.label
                0x00000000000080a8        0x0 ../mysoft1_bsp//libhal_bsp.a(alt_exception_entry.o)
 *(.exceptions.exit.user)
 *(.exceptions.exit)
 .exceptions.exit
                0x00000000000080a8       0x54 ../mysoft1_bsp//libhal_bsp.a(alt_exception_entry.o)
 *(.exceptions)
 .exceptions    0x00000000000080fc       0x60 ../mysoft1_bsp//libhal_bsp.a(alt_irq_handler.o)
                0x00000000000080fc                alt_irq_handler
 .exceptions    0x000000000000815c       0x24 ../mysoft1_bsp//libhal_bsp.a(alt_instruction_exception_entry.o)
                0x000000000000815c                alt_instruction_exception_entry
                0x0000000000008180                PROVIDE (__ram_exceptions_end, ABSOLUTE (.))
                0x0000000000008020                PROVIDE (__flash_exceptions_start, LOADADDR (.exceptions))

.text           0x0000000000008180     0x1120
                [!provide]                        PROVIDE (stext, ABSOLUTE (.))
 *(.interp)
 *(.hash)
 *(.dynsym)
 *(.dynstr)
 *(.gnu.version)
 *(.gnu.version_d)
 *(.gnu.version_r)
 *(.rel.init)
 *(.rela.init)
 *(.rel.text .rel.text.* .rel.gnu.linkonce.t.*)
 *(.rela.text .rela.text.* .rela.gnu.linkonce.t.*)
 *(.rel.fini)
 *(.rela.fini)
 *(.rel.rodata .rel.rodata.* .rel.gnu.linkonce.r.*)
 *(.rela.rodata .rela.rodata.* .rela.gnu.linkonce.r.*)
 *(.rel.data .rel.data.* .rel.gnu.linkonce.d.*)
 *(.rela.data .rela.data.* .rela.gnu.linkonce.d.*)
 *(.rel.tdata .rel.tdata.* .rel.gnu.linkonce.td.*)
 *(.rela.tdata .rela.tdata.* .rela.gnu.linkonce.td.*)
 *(.rel.tbss .rel.tbss.* .rel.gnu.linkonce.tb.*)
 *(.rela.tbss .rela.tbss.* .rela.gnu.linkonce.tb.*)
 *(.rel.ctors)
 *(.rela.ctors)
 *(.rel.dtors)
 *(.rela.dtors)
 *(.rel.got)
 *(.rela.got)
 *(.rel.sdata .rel.sdata.* .rel.gnu.linkonce.s.*)
 *(.rela.sdata .rela.sdata.* .rela.gnu.linkonce.s.*)
 *(.rel.sbss .rel.sbss.* .rel.gnu.linkonce.sb.*)
 *(.rela.sbss .rela.sbss.* .rela.gnu.linkonce.sb.*)
 *(.rel.sdata2 .rel.sdata2.* .rel.gnu.linkonce.s2.*)
 *(.rela.sdata2 .rela.sdata2.* .rela.gnu.linkonce.s2.*)
 *(.rel.sbss2 .rel.sbss2.* .rel.gnu.linkonce.sb2.*)
 *(.rela.sbss2 .rela.sbss2.* .rela.gnu.linkonce.sb2.*)
 *(.rel.bss .rel.bss.* .rel.gnu.linkonce.b.*)
 *(.rela.bss .rela.bss.* .rela.gnu.linkonce.b.*)
 *(.rel.plt)
 *(.rela.plt)
 *(.rel.dyn)
 *(.init)
 *(.plt)
 *(.text .stub .text.* .gnu.linkonce.t.*)
 .text          0x0000000000008180       0x3c ../mysoft1_bsp//obj/HAL/src/crt0.o
                0x0000000000008180                _start
 .text          0x00000000000081bc       0xd8 obj/default/hello_world_small.o
                0x00000000000081bc                read_isr
                0x0000000000008214                sendToPeripheral
                0x0000000000008250                receiveFromPeripheral
 .text.startup  0x0000000000008294      0x1a0 obj/default/hello_world_small.o
                0x0000000000008294                main
 .text          0x0000000000008434      0x1b4 /home/mohil/altera_lite/16.0/nios2eds/bin/gnu/H-x86_64-pc-linux-gnu/bin/../lib/gcc/nios2-elf/5.2.0/mno-hw-mul/libgcc.a(lib2-divmod.o)
                0x0000000000008434                __divsi3
                0x00000000000084b8                __modsi3
                0x000000000000852c                __udivsi3
                0x0000000000008590                __umodsi3
 .text          0x00000000000085e8       0xa8 /home/mohil/altera_lite/16.0/nios2eds/bin/gnu/H-x86_64-pc-linux-gnu/bin/../lib/gcc/nios2-elf/5.2.0/mno-hw-mul/libgcc.a(floatunsidf.o)
                0x00000000000085e8                __floatunsidf
 .text          0x0000000000008690       0x64 /home/mohil/altera_lite/16.0/nios2eds/bin/gnu/H-x86_64-pc-linux-gnu/bin/../lib/gcc/nios2-elf/5.2.0/mno-hw-mul/libgcc.a(_clzsi2.o)
                0x0000000000008690                __clzsi2
 .text          0x00000000000086f4        0x0 /home/mohil/altera_lite/16.0/nios2eds/bin/gnu/H-x86_64-pc-linux-gnu/bin/../lib/gcc/nios2-elf/5.2.0/mno-hw-mul/libgcc.a(_clz.o)
 .text          0x00000000000086f4        0x0 /home/mohil/altera_lite/16.0/nios2eds/bin/gnu/H-x86_64-pc-linux-gnu/bin/../lib/gcc/nios2-elf/5.2.0/../../../../../H-x86_64-pc-linux-gnu/nios2-elf/lib/mno-hw-mul/libsmallc.a(lib_a-printf.o)
 .text._printf_r
                0x00000000000086f4       0x3c /home/mohil/altera_lite/16.0/nios2eds/bin/gnu/H-x86_64-pc-linux-gnu/bin/../lib/gcc/nios2-elf/5.2.0/../../../../../H-x86_64-pc-linux-gnu/nios2-elf/lib/mno-hw-mul/libsmallc.a(lib_a-printf.o)
                0x00000000000086f4                _printf_r
 .text.printf   0x0000000000008730       0x4c /home/mohil/altera_lite/16.0/nios2eds/bin/gnu/H-x86_64-pc-linux-gnu/bin/../lib/gcc/nios2-elf/5.2.0/../../../../../H-x86_64-pc-linux-gnu/nios2-elf/lib/mno-hw-mul/libsmallc.a(lib_a-printf.o)
                0x0000000000008730                printf
 .text          0x000000000000877c        0x0 /home/mohil/altera_lite/16.0/nios2eds/bin/gnu/H-x86_64-pc-linux-gnu/bin/../lib/gcc/nios2-elf/5.2.0/../../../../../H-x86_64-pc-linux-gnu/nios2-elf/lib/mno-hw-mul/libsmallc.a(lib_a-vfprintf.o)
 .text.print_repeat
                0x000000000000877c       0x6c /home/mohil/altera_lite/16.0/nios2eds/bin/gnu/H-x86_64-pc-linux-gnu/bin/../lib/gcc/nios2-elf/5.2.0/../../../../../H-x86_64-pc-linux-gnu/nios2-elf/lib/mno-hw-mul/libsmallc.a(lib_a-vfprintf.o)
 .text.___vfprintf_internal_r
                0x00000000000087e8      0x52c /home/mohil/altera_lite/16.0/nios2eds/bin/gnu/H-x86_64-pc-linux-gnu/bin/../lib/gcc/nios2-elf/5.2.0/../../../../../H-x86_64-pc-linux-gnu/nios2-elf/lib/mno-hw-mul/libsmallc.a(lib_a-vfprintf.o)
                0x00000000000087e8                ___vfprintf_internal_r
 .text.__vfprintf_internal
                0x0000000000008d14       0x1c /home/mohil/altera_lite/16.0/nios2eds/bin/gnu/H-x86_64-pc-linux-gnu/bin/../lib/gcc/nios2-elf/5.2.0/../../../../../H-x86_64-pc-linux-gnu/nios2-elf/lib/mno-hw-mul/libsmallc.a(lib_a-vfprintf.o)
                0x0000000000008d14                __vfprintf_internal
 .text          0x0000000000008d30        0x0 /home/mohil/altera_lite/16.0/nios2eds/bin/gnu/H-x86_64-pc-linux-gnu/bin/../lib/gcc/nios2-elf/5.2.0/../../../../../H-x86_64-pc-linux-gnu/nios2-elf/lib/mno-hw-mul/libsmallc.a(lib_a-fvwrite_small_dev.o)
 .text.__sfvwrite_small_dev
                0x0000000000008d30       0xb8 /home/mohil/altera_lite/16.0/nios2eds/bin/gnu/H-x86_64-pc-linux-gnu/bin/../lib/gcc/nios2-elf/5.2.0/../../../../../H-x86_64-pc-linux-gnu/nios2-elf/lib/mno-hw-mul/libsmallc.a(lib_a-fvwrite_small_dev.o)
                0x0000000000008d30                __sfvwrite_small_dev
 .text          0x0000000000008de8        0x0 /home/mohil/altera_lite/16.0/nios2eds/bin/gnu/H-x86_64-pc-linux-gnu/bin/../lib/gcc/nios2-elf/5.2.0/../../../../../H-x86_64-pc-linux-gnu/nios2-elf/lib/mno-hw-mul/libsmallc.a(lib_a-impure.o)
 .text          0x0000000000008de8        0x0 /home/mohil/altera_lite/16.0/nios2eds/bin/gnu/H-x86_64-pc-linux-gnu/bin/../lib/gcc/nios2-elf/5.2.0/../../../../../H-x86_64-pc-linux-gnu/nios2-elf/lib/mno-hw-mul/libsmallc.a(lib_a-strlen.o)
 .text.strlen   0x0000000000008de8       0x1c /home/mohil/altera_lite/16.0/nios2eds/bin/gnu/H-x86_64-pc-linux-gnu/bin/../lib/gcc/nios2-elf/5.2.0/../../../../../H-x86_64-pc-linux-gnu/nios2-elf/lib/mno-hw-mul/libsmallc.a(lib_a-strlen.o)
                0x0000000000008de8                strlen
 .text          0x0000000000008e04        0x0 /home/mohil/altera_lite/16.0/nios2eds/bin/gnu/H-x86_64-pc-linux-gnu/bin/../lib/gcc/nios2-elf/5.2.0/../../../../../H-x86_64-pc-linux-gnu/nios2-elf/lib/mno-hw-mul/libsmallc.a(lib_a-writer.o)
 .text._write_r
                0x0000000000008e04       0x58 /home/mohil/altera_lite/16.0/nios2eds/bin/gnu/H-x86_64-pc-linux-gnu/bin/../lib/gcc/nios2-elf/5.2.0/../../../../../H-x86_64-pc-linux-gnu/nios2-elf/lib/mno-hw-mul/libsmallc.a(lib_a-writer.o)
                0x0000000000008e04                _write_r
 .text          0x0000000000008e5c        0x0 /home/mohil/altera_lite/16.0/nios2eds/bin/gnu/H-x86_64-pc-linux-gnu/bin/../lib/gcc/nios2-elf/5.2.0/../../../../../H-x86_64-pc-linux-gnu/nios2-elf/lib/mno-hw-mul/libsmallc.a(lib_a-int_errno.o)
 .text          0x0000000000008e5c       0x28 /home/mohil/altera_lite/16.0/nios2eds/bin/gnu/H-x86_64-pc-linux-gnu/bin/../lib/gcc/nios2-elf/5.2.0/mno-hw-mul/libgcc.a(lib2-mul.o)
                0x0000000000008e5c                __mulsi3
 .text          0x0000000000008e84       0x9c ../mysoft1_bsp//libhal_bsp.a(alt_iic.o)
                0x0000000000008e84                alt_ic_isr_register
                0x0000000000008e88                alt_ic_irq_enable
                0x0000000000008ec8                alt_ic_irq_disable
                0x0000000000008f08                alt_ic_irq_enabled
 .text          0x0000000000008f20       0x68 ../mysoft1_bsp//libhal_bsp.a(alt_iic_isr_register.o)
                0x0000000000008f20                alt_iic_isr_register
 .text          0x0000000000008f88        0x0 ../mysoft1_bsp//libhal_bsp.a(alt_irq_entry.o)
 .text          0x0000000000008f88        0x0 ../mysoft1_bsp//libhal_bsp.a(alt_irq_handler.o)
 .text          0x0000000000008f88        0x0 ../mysoft1_bsp//libhal_bsp.a(alt_irq_vars.o)
 .text          0x0000000000008f88       0xe0 ../mysoft1_bsp//libhal_bsp.a(alt_load.o)
                0x0000000000008f88                alt_load
 .text          0x0000000000009068       0x2c ../mysoft1_bsp//libhal_bsp.a(alt_main.o)
                0x0000000000009068                alt_main
 .text          0x0000000000009094       0x38 ../mysoft1_bsp//libhal_bsp.a(alt_putstr.o)
                0x0000000000009094                alt_putstr
 .text          0x00000000000090cc        0x4 ../mysoft1_bsp//libhal_bsp.a(alt_usleep.o)
                0x00000000000090cc                usleep
 .text          0x00000000000090d0       0x6c ../mysoft1_bsp//libhal_bsp.a(alt_write.o)
                0x00000000000090d0                write
 .text          0x000000000000913c       0x24 ../mysoft1_bsp//libhal_bsp.a(alt_sys_init.o)
                0x000000000000913c                alt_irq_init
                0x000000000000915c                alt_sys_init
 .text          0x0000000000009160       0x34 ../mysoft1_bsp//libhal_bsp.a(altera_avalon_jtag_uart_write.o)
                0x0000000000009160                altera_avalon_jtag_uart_write
 .text          0x0000000000009194       0x88 ../mysoft1_bsp//libhal_bsp.a(alt_busy_sleep.o)
                0x0000000000009194                alt_busy_sleep
 .text          0x000000000000921c        0x4 ../mysoft1_bsp//libhal_bsp.a(alt_dcache_flush_all.o)
                0x000000000000921c                alt_dcache_flush_all
 .text          0x0000000000009220        0x0 ../mysoft1_bsp//libhal_bsp.a(alt_errno.o)
 .text          0x0000000000009220        0x0 ../mysoft1_bsp//libhal_bsp.a(alt_exception_entry.o)
 .text          0x0000000000009220        0x4 ../mysoft1_bsp//libhal_bsp.a(alt_icache_flush_all.o)
                0x0000000000009220                alt_icache_flush_all
 .text          0x0000000000009224       0x74 ../mysoft1_bsp//libhal_bsp.a(alt_instruction_exception_entry.o)
                0x0000000000009224                alt_exception_cause_generated_bad_addr
 .text          0x0000000000009298        0x8 ../mysoft1_bsp//libhal_bsp.a(altera_nios2_gen2_irq.o)
                0x0000000000009298                altera_nios2_gen2_irq_init
 *(.gnu.warning.*)
 *(.fini)
                [!provide]                        PROVIDE (__etext, ABSOLUTE (.))
                [!provide]                        PROVIDE (_etext, ABSOLUTE (.))
                [!provide]                        PROVIDE (etext, ABSOLUTE (.))
 *(.eh_frame_hdr)
                0x00000000000092a0                . = ALIGN (0x4)
                [!provide]                        PROVIDE (__preinit_array_start, ABSOLUTE (.))
 *(.preinit_array)
                [!provide]                        PROVIDE (__preinit_array_end, ABSOLUTE (.))
                [!provide]                        PROVIDE (__init_array_start, ABSOLUTE (.))
 *(.init_array)
                [!provide]                        PROVIDE (__init_array_end, ABSOLUTE (.))
                [!provide]                        PROVIDE (__fini_array_start, ABSOLUTE (.))
 *(.fini_array)
                [!provide]                        PROVIDE (__fini_array_end, ABSOLUTE (.))
 *(.eh_frame)
 *(.gcc_except_table .gcc_except_table.*)
 *(.dynamic)
                [!provide]                        PROVIDE (__CTOR_LIST__, ABSOLUTE (.))
 *(.ctors)
 *(SORT(.ctors.*))
                [!provide]                        PROVIDE (__CTOR_END__, ABSOLUTE (.))
                [!provide]                        PROVIDE (__DTOR_LIST__, ABSOLUTE (.))
 *(.dtors)
 *(SORT(.dtors.*))
                [!provide]                        PROVIDE (__DTOR_END__, ABSOLUTE (.))
 *(.jcr)
                0x00000000000092a0                . = ALIGN (0x4)

.rodata         0x00000000000092a0      0x19c
                0x00000000000092a0                PROVIDE (__ram_rodata_start, ABSOLUTE (.))
                0x00000000000092a0                . = ALIGN (0x4)
 *(.rodata .rodata.* .gnu.linkonce.r.*)
 .rodata.str1.4
                0x00000000000092a0       0x9c obj/default/hello_world_small.o
                                         0x9b (size before relaxing)
 .rodata        0x000000000000933c      0x100 /home/mohil/altera_lite/16.0/nios2eds/bin/gnu/H-x86_64-pc-linux-gnu/bin/../lib/gcc/nios2-elf/5.2.0/mno-hw-mul/libgcc.a(_clz.o)
                0x000000000000933c                __clz_tab
 *(.rodata1)
                0x000000000000943c                . = ALIGN (0x4)
                0x000000000000943c                PROVIDE (__ram_rodata_end, ABSOLUTE (.))
                0x00000000000092a0                PROVIDE (__flash_rodata_start, LOADADDR (.rodata))

.rwdata         0x000000000000943c      0x104 load address 0x0000000000009540
                0x000000000000943c                PROVIDE (__ram_rwdata_start, ABSOLUTE (.))
                0x000000000000943c                . = ALIGN (0x4)
 *(.got.plt)
 *(.got)
 *(.data1)
 *(.data .data.* .gnu.linkonce.d.*)
 .data          0x000000000000943c        0x0 ../mysoft1_bsp//obj/HAL/src/crt0.o
 .data          0x000000000000943c        0x0 obj/default/hello_world_small.o
 .data          0x000000000000943c        0x0 /home/mohil/altera_lite/16.0/nios2eds/bin/gnu/H-x86_64-pc-linux-gnu/bin/../lib/gcc/nios2-elf/5.2.0/mno-hw-mul/libgcc.a(lib2-divmod.o)
 .data          0x000000000000943c        0x0 /home/mohil/altera_lite/16.0/nios2eds/bin/gnu/H-x86_64-pc-linux-gnu/bin/../lib/gcc/nios2-elf/5.2.0/mno-hw-mul/libgcc.a(floatunsidf.o)
 .data          0x000000000000943c        0x0 /home/mohil/altera_lite/16.0/nios2eds/bin/gnu/H-x86_64-pc-linux-gnu/bin/../lib/gcc/nios2-elf/5.2.0/mno-hw-mul/libgcc.a(_clzsi2.o)
 .data          0x000000000000943c        0x0 /home/mohil/altera_lite/16.0/nios2eds/bin/gnu/H-x86_64-pc-linux-gnu/bin/../lib/gcc/nios2-elf/5.2.0/mno-hw-mul/libgcc.a(_clz.o)
 .data          0x000000000000943c        0x0 /home/mohil/altera_lite/16.0/nios2eds/bin/gnu/H-x86_64-pc-linux-gnu/bin/../lib/gcc/nios2-elf/5.2.0/../../../../../H-x86_64-pc-linux-gnu/nios2-elf/lib/mno-hw-mul/libsmallc.a(lib_a-printf.o)
 .data          0x000000000000943c        0x0 /home/mohil/altera_lite/16.0/nios2eds/bin/gnu/H-x86_64-pc-linux-gnu/bin/../lib/gcc/nios2-elf/5.2.0/../../../../../H-x86_64-pc-linux-gnu/nios2-elf/lib/mno-hw-mul/libsmallc.a(lib_a-vfprintf.o)
 .data          0x000000000000943c        0x0 /home/mohil/altera_lite/16.0/nios2eds/bin/gnu/H-x86_64-pc-linux-gnu/bin/../lib/gcc/nios2-elf/5.2.0/../../../../../H-x86_64-pc-linux-gnu/nios2-elf/lib/mno-hw-mul/libsmallc.a(lib_a-fvwrite_small_dev.o)
 .data          0x000000000000943c        0x0 /home/mohil/altera_lite/16.0/nios2eds/bin/gnu/H-x86_64-pc-linux-gnu/bin/../lib/gcc/nios2-elf/5.2.0/../../../../../H-x86_64-pc-linux-gnu/nios2-elf/lib/mno-hw-mul/libsmallc.a(lib_a-impure.o)
 .data.impure_data
                0x000000000000943c       0xe0 /home/mohil/altera_lite/16.0/nios2eds/bin/gnu/H-x86_64-pc-linux-gnu/bin/../lib/gcc/nios2-elf/5.2.0/../../../../../H-x86_64-pc-linux-gnu/nios2-elf/lib/mno-hw-mul/libsmallc.a(lib_a-impure.o)
 .data          0x000000000000951c        0x0 /home/mohil/altera_lite/16.0/nios2eds/bin/gnu/H-x86_64-pc-linux-gnu/bin/../lib/gcc/nios2-elf/5.2.0/../../../../../H-x86_64-pc-linux-gnu/nios2-elf/lib/mno-hw-mul/libsmallc.a(lib_a-strlen.o)
 .data          0x000000000000951c        0x0 /home/mohil/altera_lite/16.0/nios2eds/bin/gnu/H-x86_64-pc-linux-gnu/bin/../lib/gcc/nios2-elf/5.2.0/../../../../../H-x86_64-pc-linux-gnu/nios2-elf/lib/mno-hw-mul/libsmallc.a(lib_a-writer.o)
 .data          0x000000000000951c        0x0 /home/mohil/altera_lite/16.0/nios2eds/bin/gnu/H-x86_64-pc-linux-gnu/bin/../lib/gcc/nios2-elf/5.2.0/../../../../../H-x86_64-pc-linux-gnu/nios2-elf/lib/mno-hw-mul/libsmallc.a(lib_a-int_errno.o)
 .data          0x000000000000951c        0x0 /home/mohil/altera_lite/16.0/nios2eds/bin/gnu/H-x86_64-pc-linux-gnu/bin/../lib/gcc/nios2-elf/5.2.0/mno-hw-mul/libgcc.a(lib2-mul.o)
 .data          0x000000000000951c        0x0 ../mysoft1_bsp//libhal_bsp.a(alt_iic.o)
 .data          0x000000000000951c        0x0 ../mysoft1_bsp//libhal_bsp.a(alt_iic_isr_register.o)
 .data          0x000000000000951c        0x0 ../mysoft1_bsp//libhal_bsp.a(alt_irq_entry.o)
 .data          0x000000000000951c        0x0 ../mysoft1_bsp//libhal_bsp.a(alt_irq_handler.o)
 .data          0x000000000000951c        0x0 ../mysoft1_bsp//libhal_bsp.a(alt_irq_vars.o)
 .data          0x000000000000951c        0x0 ../mysoft1_bsp//libhal_bsp.a(alt_load.o)
 .data          0x000000000000951c        0x0 ../mysoft1_bsp//libhal_bsp.a(alt_main.o)
 .data          0x000000000000951c        0x0 ../mysoft1_bsp//libhal_bsp.a(alt_putstr.o)
 .data          0x000000000000951c        0x0 ../mysoft1_bsp//libhal_bsp.a(alt_usleep.o)
 .data          0x000000000000951c        0x0 ../mysoft1_bsp//libhal_bsp.a(alt_write.o)
 .data          0x000000000000951c        0x0 ../mysoft1_bsp//libhal_bsp.a(alt_sys_init.o)
 .data          0x000000000000951c        0x0 ../mysoft1_bsp//libhal_bsp.a(altera_avalon_jtag_uart_write.o)
 .data          0x000000000000951c        0x0 ../mysoft1_bsp//libhal_bsp.a(alt_busy_sleep.o)
 .data          0x000000000000951c        0x0 ../mysoft1_bsp//libhal_bsp.a(alt_dcache_flush_all.o)
 .data          0x000000000000951c        0x0 ../mysoft1_bsp//libhal_bsp.a(alt_errno.o)
 .data          0x000000000000951c        0x0 ../mysoft1_bsp//libhal_bsp.a(alt_exception_entry.o)
 .data          0x000000000000951c        0x0 ../mysoft1_bsp//libhal_bsp.a(alt_icache_flush_all.o)
 .data          0x000000000000951c        0x0 ../mysoft1_bsp//libhal_bsp.a(alt_instruction_exception_entry.o)
 .data          0x000000000000951c        0x0 ../mysoft1_bsp//libhal_bsp.a(altera_nios2_gen2_irq.o)
                0x000000000001151c                _gp = ABSOLUTE ((. + 0x8000))
                [!provide]                        PROVIDE (gp, _gp)
 *(.rwdata .rwdata.*)
 *(.sdata .sdata.* .gnu.linkonce.s.*)
 .sdata         0x000000000000951c       0x10 obj/default/hello_world_small.o
                0x000000000000951c                N_ITEMS_TO_SEND
                0x0000000000009520                txData
                0x0000000000009524                startFlit
                0x0000000000009528                useISR
 .sdata._global_impure_ptr
                0x000000000000952c        0x4 /home/mohil/altera_lite/16.0/nios2eds/bin/gnu/H-x86_64-pc-linux-gnu/bin/../lib/gcc/nios2-elf/5.2.0/../../../../../H-x86_64-pc-linux-gnu/nios2-elf/lib/mno-hw-mul/libsmallc.a(lib_a-impure.o)
                0x000000000000952c                _global_impure_ptr
 .sdata._impure_ptr
                0x0000000000009530        0x4 /home/mohil/altera_lite/16.0/nios2eds/bin/gnu/H-x86_64-pc-linux-gnu/bin/../lib/gcc/nios2-elf/5.2.0/../../../../../H-x86_64-pc-linux-gnu/nios2-elf/lib/mno-hw-mul/libsmallc.a(lib_a-impure.o)
                0x0000000000009530                _impure_ptr
 .sdata         0x0000000000009534        0x4 ../mysoft1_bsp//libhal_bsp.a(alt_irq_vars.o)
                0x0000000000009534                alt_priority_mask
 .sdata         0x0000000000009538        0x4 ../mysoft1_bsp//libhal_bsp.a(alt_sys_init.o)
                0x0000000000009538                jtag_uart_0
 .sdata         0x000000000000953c        0x4 ../mysoft1_bsp//libhal_bsp.a(alt_errno.o)
                0x000000000000953c                alt_errno
 *(.sdata2 .sdata2.* .gnu.linkonce.s2.*)
                0x0000000000009540                . = ALIGN (0x4)
                0x0000000000009540                _edata = ABSOLUTE (.)
                [!provide]                        PROVIDE (edata, ABSOLUTE (.))
                0x0000000000009540                PROVIDE (__ram_rwdata_end, ABSOLUTE (.))
                0x0000000000009540                PROVIDE (__flash_rwdata_start, LOADADDR (.rwdata))

.bss            0x0000000000009644      0x144
                0x0000000000009644                __bss_start = ABSOLUTE (.)
                [!provide]                        PROVIDE (__sbss_start, ABSOLUTE (.))
                [!provide]                        PROVIDE (___sbss_start, ABSOLUTE (.))
 *(.dynsbss)
 *(.sbss .sbss.* .gnu.linkonce.sb.*)
 .sbss          0x0000000000009644        0xc obj/default/hello_world_small.o
                0x0000000000009644                printRcv
                0x0000000000009648                printSend
                0x000000000000964c                idx_read_counter
 .sbss          0x0000000000009650       0x20 obj/default/hello_world_small.o
                0x0000000000009650                endtime
                0x0000000000009654                starttime
                0x0000000000009658                time_count
                0x0000000000009660                ISR_reg
                0x0000000000009664                dataToRecv_isr
                0x0000000000009668                dataToRecv
                0x000000000000966c                context_pointer
 .sbss          0x0000000000009670        0x4 /home/mohil/altera_lite/16.0/nios2eds/bin/gnu/H-x86_64-pc-linux-gnu/bin/../lib/gcc/nios2-elf/5.2.0/../../../../../H-x86_64-pc-linux-gnu/nios2-elf/lib/mno-hw-mul/libsmallc.a(lib_a-int_errno.o)
                0x0000000000009670                errno
 .sbss          0x0000000000009674        0x4 ../mysoft1_bsp//libhal_bsp.a(alt_irq_vars.o)
                0x0000000000009674                alt_irq_active
 .sbss          0x0000000000009678        0xc ../mysoft1_bsp//libhal_bsp.a(alt_main.o)
                0x0000000000009678                alt_envp
                0x000000000000967c                alt_argv
                0x0000000000009680                alt_argc
 .sbss          0x0000000000009684        0x4 ../mysoft1_bsp//libhal_bsp.a(alt_instruction_exception_entry.o)
                0x0000000000009684                alt_instruction_exception_handler
 *(.sbss2 .sbss2.* .gnu.linkonce.sb2.*)
 *(.scommon)
                [!provide]                        PROVIDE (__sbss_end, ABSOLUTE (.))
                [!provide]                        PROVIDE (___sbss_end, ABSOLUTE (.))
 *(.dynbss)
 *(.bss .bss.* .gnu.linkonce.b.*)
 .bss           0x0000000000009688        0x0 ../mysoft1_bsp//obj/HAL/src/crt0.o
 .bss           0x0000000000009688        0x0 obj/default/hello_world_small.o
 .bss           0x0000000000009688        0x0 /home/mohil/altera_lite/16.0/nios2eds/bin/gnu/H-x86_64-pc-linux-gnu/bin/../lib/gcc/nios2-elf/5.2.0/mno-hw-mul/libgcc.a(lib2-divmod.o)
 .bss           0x0000000000009688        0x0 /home/mohil/altera_lite/16.0/nios2eds/bin/gnu/H-x86_64-pc-linux-gnu/bin/../lib/gcc/nios2-elf/5.2.0/mno-hw-mul/libgcc.a(floatunsidf.o)
 .bss           0x0000000000009688        0x0 /home/mohil/altera_lite/16.0/nios2eds/bin/gnu/H-x86_64-pc-linux-gnu/bin/../lib/gcc/nios2-elf/5.2.0/mno-hw-mul/libgcc.a(_clzsi2.o)
 .bss           0x0000000000009688        0x0 /home/mohil/altera_lite/16.0/nios2eds/bin/gnu/H-x86_64-pc-linux-gnu/bin/../lib/gcc/nios2-elf/5.2.0/mno-hw-mul/libgcc.a(_clz.o)
 .bss           0x0000000000009688        0x0 /home/mohil/altera_lite/16.0/nios2eds/bin/gnu/H-x86_64-pc-linux-gnu/bin/../lib/gcc/nios2-elf/5.2.0/../../../../../H-x86_64-pc-linux-gnu/nios2-elf/lib/mno-hw-mul/libsmallc.a(lib_a-printf.o)
 .bss           0x0000000000009688        0x0 /home/mohil/altera_lite/16.0/nios2eds/bin/gnu/H-x86_64-pc-linux-gnu/bin/../lib/gcc/nios2-elf/5.2.0/../../../../../H-x86_64-pc-linux-gnu/nios2-elf/lib/mno-hw-mul/libsmallc.a(lib_a-vfprintf.o)
 .bss           0x0000000000009688        0x0 /home/mohil/altera_lite/16.0/nios2eds/bin/gnu/H-x86_64-pc-linux-gnu/bin/../lib/gcc/nios2-elf/5.2.0/../../../../../H-x86_64-pc-linux-gnu/nios2-elf/lib/mno-hw-mul/libsmallc.a(lib_a-fvwrite_small_dev.o)
 .bss           0x0000000000009688        0x0 /home/mohil/altera_lite/16.0/nios2eds/bin/gnu/H-x86_64-pc-linux-gnu/bin/../lib/gcc/nios2-elf/5.2.0/../../../../../H-x86_64-pc-linux-gnu/nios2-elf/lib/mno-hw-mul/libsmallc.a(lib_a-impure.o)
 .bss           0x0000000000009688        0x0 /home/mohil/altera_lite/16.0/nios2eds/bin/gnu/H-x86_64-pc-linux-gnu/bin/../lib/gcc/nios2-elf/5.2.0/../../../../../H-x86_64-pc-linux-gnu/nios2-elf/lib/mno-hw-mul/libsmallc.a(lib_a-strlen.o)
 .bss           0x0000000000009688        0x0 /home/mohil/altera_lite/16.0/nios2eds/bin/gnu/H-x86_64-pc-linux-gnu/bin/../lib/gcc/nios2-elf/5.2.0/../../../../../H-x86_64-pc-linux-gnu/nios2-elf/lib/mno-hw-mul/libsmallc.a(lib_a-writer.o)
 .bss           0x0000000000009688        0x0 /home/mohil/altera_lite/16.0/nios2eds/bin/gnu/H-x86_64-pc-linux-gnu/bin/../lib/gcc/nios2-elf/5.2.0/../../../../../H-x86_64-pc-linux-gnu/nios2-elf/lib/mno-hw-mul/libsmallc.a(lib_a-int_errno.o)
 .bss           0x0000000000009688        0x0 /home/mohil/altera_lite/16.0/nios2eds/bin/gnu/H-x86_64-pc-linux-gnu/bin/../lib/gcc/nios2-elf/5.2.0/mno-hw-mul/libgcc.a(lib2-mul.o)
 .bss           0x0000000000009688        0x0 ../mysoft1_bsp//libhal_bsp.a(alt_iic.o)
 .bss           0x0000000000009688        0x0 ../mysoft1_bsp//libhal_bsp.a(alt_iic_isr_register.o)
 .bss           0x0000000000009688        0x0 ../mysoft1_bsp//libhal_bsp.a(alt_irq_entry.o)
 .bss           0x0000000000009688        0x0 ../mysoft1_bsp//libhal_bsp.a(alt_irq_handler.o)
 .bss           0x0000000000009688        0x0 ../mysoft1_bsp//libhal_bsp.a(alt_irq_vars.o)
 .bss           0x0000000000009688        0x0 ../mysoft1_bsp//libhal_bsp.a(alt_load.o)
 .bss           0x0000000000009688        0x0 ../mysoft1_bsp//libhal_bsp.a(alt_main.o)
 .bss           0x0000000000009688        0x0 ../mysoft1_bsp//libhal_bsp.a(alt_putstr.o)
 .bss           0x0000000000009688        0x0 ../mysoft1_bsp//libhal_bsp.a(alt_usleep.o)
 .bss           0x0000000000009688        0x0 ../mysoft1_bsp//libhal_bsp.a(alt_write.o)
 .bss           0x0000000000009688        0x0 ../mysoft1_bsp//libhal_bsp.a(alt_sys_init.o)
 .bss           0x0000000000009688        0x0 ../mysoft1_bsp//libhal_bsp.a(altera_avalon_jtag_uart_write.o)
 .bss           0x0000000000009688        0x0 ../mysoft1_bsp//libhal_bsp.a(alt_busy_sleep.o)
 .bss           0x0000000000009688        0x0 ../mysoft1_bsp//libhal_bsp.a(alt_dcache_flush_all.o)
 .bss           0x0000000000009688        0x0 ../mysoft1_bsp//libhal_bsp.a(alt_errno.o)
 .bss           0x0000000000009688        0x0 ../mysoft1_bsp//libhal_bsp.a(alt_exception_entry.o)
 .bss           0x0000000000009688        0x0 ../mysoft1_bsp//libhal_bsp.a(alt_icache_flush_all.o)
 .bss           0x0000000000009688        0x0 ../mysoft1_bsp//libhal_bsp.a(alt_instruction_exception_entry.o)
 .bss           0x0000000000009688        0x0 ../mysoft1_bsp//libhal_bsp.a(altera_nios2_gen2_irq.o)
 *(COMMON)
 COMMON         0x0000000000009688      0x100 ../mysoft1_bsp//libhal_bsp.a(alt_irq_handler.o)
                0x0000000000009688                alt_irq
                0x0000000000009788                . = ALIGN (0x4)
                0x0000000000009788                __bss_end = ABSOLUTE (.)

.onchip_memory2_0
                0x0000000000009788        0x0
                [!provide]                        PROVIDE (_alt_partition_onchip_memory2_0_start, ABSOLUTE (.))
 *(.onchip_memory2_0 .onchip_memory2_0. onchip_memory2_0.*)
                0x0000000000009788                . = ALIGN (0x4)
                [!provide]                        PROVIDE (_alt_partition_onchip_memory2_0_end, ABSOLUTE (.))
                0x0000000000009788                _end = ABSOLUTE (.)
                0x0000000000009788                end = ABSOLUTE (.)
                0x0000000000009788                __alt_stack_base = ABSOLUTE (.)
                [!provide]                        PROVIDE (_alt_partition_onchip_memory2_0_load_addr, LOADADDR (.onchip_memory2_0))

.stab
 *(.stab)

.stabstr
 *(.stabstr)

.stab.excl
 *(.stab.excl)

.stab.exclstr
 *(.stab.exclstr)

.stab.index
 *(.stab.index)

.stab.indexstr
 *(.stab.indexstr)

.comment        0x0000000000000000       0x23
 *(.comment)
 .comment       0x0000000000000000       0x23 obj/default/hello_world_small.o
                                         0x24 (size before relaxing)
 .comment       0x0000000000000023       0x24 /home/mohil/altera_lite/16.0/nios2eds/bin/gnu/H-x86_64-pc-linux-gnu/bin/../lib/gcc/nios2-elf/5.2.0/mno-hw-mul/libgcc.a(lib2-divmod.o)
 .comment       0x0000000000000023       0x24 /home/mohil/altera_lite/16.0/nios2eds/bin/gnu/H-x86_64-pc-linux-gnu/bin/../lib/gcc/nios2-elf/5.2.0/mno-hw-mul/libgcc.a(floatunsidf.o)
 .comment       0x0000000000000023       0x24 /home/mohil/altera_lite/16.0/nios2eds/bin/gnu/H-x86_64-pc-linux-gnu/bin/../lib/gcc/nios2-elf/5.2.0/mno-hw-mul/libgcc.a(_clzsi2.o)
 .comment       0x0000000000000023       0x24 /home/mohil/altera_lite/16.0/nios2eds/bin/gnu/H-x86_64-pc-linux-gnu/bin/../lib/gcc/nios2-elf/5.2.0/mno-hw-mul/libgcc.a(_clz.o)
 .comment       0x0000000000000023       0x24 /home/mohil/altera_lite/16.0/nios2eds/bin/gnu/H-x86_64-pc-linux-gnu/bin/../lib/gcc/nios2-elf/5.2.0/../../../../../H-x86_64-pc-linux-gnu/nios2-elf/lib/mno-hw-mul/libsmallc.a(lib_a-printf.o)
 .comment       0x0000000000000023       0x24 /home/mohil/altera_lite/16.0/nios2eds/bin/gnu/H-x86_64-pc-linux-gnu/bin/../lib/gcc/nios2-elf/5.2.0/../../../../../H-x86_64-pc-linux-gnu/nios2-elf/lib/mno-hw-mul/libsmallc.a(lib_a-vfprintf.o)
 .comment       0x0000000000000023       0x24 /home/mohil/altera_lite/16.0/nios2eds/bin/gnu/H-x86_64-pc-linux-gnu/bin/../lib/gcc/nios2-elf/5.2.0/../../../../../H-x86_64-pc-linux-gnu/nios2-elf/lib/mno-hw-mul/libsmallc.a(lib_a-fvwrite_small_dev.o)
 .comment       0x0000000000000023       0x24 /home/mohil/altera_lite/16.0/nios2eds/bin/gnu/H-x86_64-pc-linux-gnu/bin/../lib/gcc/nios2-elf/5.2.0/../../../../../H-x86_64-pc-linux-gnu/nios2-elf/lib/mno-hw-mul/libsmallc.a(lib_a-impure.o)
 .comment       0x0000000000000023       0x24 /home/mohil/altera_lite/16.0/nios2eds/bin/gnu/H-x86_64-pc-linux-gnu/bin/../lib/gcc/nios2-elf/5.2.0/../../../../../H-x86_64-pc-linux-gnu/nios2-elf/lib/mno-hw-mul/libsmallc.a(lib_a-strlen.o)
 .comment       0x0000000000000023       0x24 /home/mohil/altera_lite/16.0/nios2eds/bin/gnu/H-x86_64-pc-linux-gnu/bin/../lib/gcc/nios2-elf/5.2.0/../../../../../H-x86_64-pc-linux-gnu/nios2-elf/lib/mno-hw-mul/libsmallc.a(lib_a-writer.o)
 .comment       0x0000000000000023       0x24 /home/mohil/altera_lite/16.0/nios2eds/bin/gnu/H-x86_64-pc-linux-gnu/bin/../lib/gcc/nios2-elf/5.2.0/../../../../../H-x86_64-pc-linux-gnu/nios2-elf/lib/mno-hw-mul/libsmallc.a(lib_a-int_errno.o)
 .comment       0x0000000000000023       0x24 /home/mohil/altera_lite/16.0/nios2eds/bin/gnu/H-x86_64-pc-linux-gnu/bin/../lib/gcc/nios2-elf/5.2.0/mno-hw-mul/libgcc.a(lib2-mul.o)
 .comment       0x0000000000000023       0x24 ../mysoft1_bsp//libhal_bsp.a(alt_iic.o)
 .comment       0x0000000000000023       0x24 ../mysoft1_bsp//libhal_bsp.a(alt_iic_isr_register.o)
 .comment       0x0000000000000023       0x24 ../mysoft1_bsp//libhal_bsp.a(alt_irq_handler.o)
 .comment       0x0000000000000023       0x24 ../mysoft1_bsp//libhal_bsp.a(alt_irq_vars.o)
 .comment       0x0000000000000023       0x24 ../mysoft1_bsp//libhal_bsp.a(alt_load.o)
 .comment       0x0000000000000023       0x24 ../mysoft1_bsp//libhal_bsp.a(alt_main.o)
 .comment       0x0000000000000023       0x24 ../mysoft1_bsp//libhal_bsp.a(alt_putstr.o)
 .comment       0x0000000000000023       0x24 ../mysoft1_bsp//libhal_bsp.a(alt_usleep.o)
 .comment       0x0000000000000023       0x24 ../mysoft1_bsp//libhal_bsp.a(alt_write.o)
 .comment       0x0000000000000023       0x24 ../mysoft1_bsp//libhal_bsp.a(alt_sys_init.o)
 .comment       0x0000000000000023       0x24 ../mysoft1_bsp//libhal_bsp.a(altera_avalon_jtag_uart_write.o)
 .comment       0x0000000000000023       0x24 ../mysoft1_bsp//libhal_bsp.a(alt_busy_sleep.o)
 .comment       0x0000000000000023       0x24 ../mysoft1_bsp//libhal_bsp.a(alt_dcache_flush_all.o)
 .comment       0x0000000000000023       0x24 ../mysoft1_bsp//libhal_bsp.a(alt_errno.o)
 .comment       0x0000000000000023       0x24 ../mysoft1_bsp//libhal_bsp.a(alt_icache_flush_all.o)
 .comment       0x0000000000000023       0x24 ../mysoft1_bsp//libhal_bsp.a(alt_instruction_exception_entry.o)
 .comment       0x0000000000000023       0x24 ../mysoft1_bsp//libhal_bsp.a(altera_nios2_gen2_irq.o)

.debug
 *(.debug)

.line
 *(.line)

.debug_srcinfo
 *(.debug_srcinfo)

.debug_sfnames
 *(.debug_sfnames)

.debug_aranges  0x0000000000000000      0x450
 *(.debug_aranges)
 .debug_aranges
                0x0000000000000000       0x28 ../mysoft1_bsp//obj/HAL/src/crt0.o
 .debug_aranges
                0x0000000000000028       0x28 obj/default/hello_world_small.o
 .debug_aranges
                0x0000000000000050       0x20 /home/mohil/altera_lite/16.0/nios2eds/bin/gnu/H-x86_64-pc-linux-gnu/bin/../lib/gcc/nios2-elf/5.2.0/mno-hw-mul/libgcc.a(lib2-divmod.o)
 .debug_aranges
                0x0000000000000070       0x20 /home/mohil/altera_lite/16.0/nios2eds/bin/gnu/H-x86_64-pc-linux-gnu/bin/../lib/gcc/nios2-elf/5.2.0/mno-hw-mul/libgcc.a(floatunsidf.o)
 .debug_aranges
                0x0000000000000090       0x20 /home/mohil/altera_lite/16.0/nios2eds/bin/gnu/H-x86_64-pc-linux-gnu/bin/../lib/gcc/nios2-elf/5.2.0/mno-hw-mul/libgcc.a(_clzsi2.o)
 .debug_aranges
                0x00000000000000b0       0x18 /home/mohil/altera_lite/16.0/nios2eds/bin/gnu/H-x86_64-pc-linux-gnu/bin/../lib/gcc/nios2-elf/5.2.0/mno-hw-mul/libgcc.a(_clz.o)
 .debug_aranges
                0x00000000000000c8       0x28 /home/mohil/altera_lite/16.0/nios2eds/bin/gnu/H-x86_64-pc-linux-gnu/bin/../lib/gcc/nios2-elf/5.2.0/../../../../../H-x86_64-pc-linux-gnu/nios2-elf/lib/mno-hw-mul/libsmallc.a(lib_a-printf.o)
 .debug_aranges
                0x00000000000000f0       0x30 /home/mohil/altera_lite/16.0/nios2eds/bin/gnu/H-x86_64-pc-linux-gnu/bin/../lib/gcc/nios2-elf/5.2.0/../../../../../H-x86_64-pc-linux-gnu/nios2-elf/lib/mno-hw-mul/libsmallc.a(lib_a-vfprintf.o)
 .debug_aranges
                0x0000000000000120       0x20 /home/mohil/altera_lite/16.0/nios2eds/bin/gnu/H-x86_64-pc-linux-gnu/bin/../lib/gcc/nios2-elf/5.2.0/../../../../../H-x86_64-pc-linux-gnu/nios2-elf/lib/mno-hw-mul/libsmallc.a(lib_a-fvwrite_small_dev.o)
 .debug_aranges
                0x0000000000000140       0x18 /home/mohil/altera_lite/16.0/nios2eds/bin/gnu/H-x86_64-pc-linux-gnu/bin/../lib/gcc/nios2-elf/5.2.0/../../../../../H-x86_64-pc-linux-gnu/nios2-elf/lib/mno-hw-mul/libsmallc.a(lib_a-impure.o)
 .debug_aranges
                0x0000000000000158       0x20 /home/mohil/altera_lite/16.0/nios2eds/bin/gnu/H-x86_64-pc-linux-gnu/bin/../lib/gcc/nios2-elf/5.2.0/../../../../../H-x86_64-pc-linux-gnu/nios2-elf/lib/mno-hw-mul/libsmallc.a(lib_a-strlen.o)
 .debug_aranges
                0x0000000000000178       0x20 /home/mohil/altera_lite/16.0/nios2eds/bin/gnu/H-x86_64-pc-linux-gnu/bin/../lib/gcc/nios2-elf/5.2.0/../../../../../H-x86_64-pc-linux-gnu/nios2-elf/lib/mno-hw-mul/libsmallc.a(lib_a-writer.o)
 .debug_aranges
                0x0000000000000198       0x18 /home/mohil/altera_lite/16.0/nios2eds/bin/gnu/H-x86_64-pc-linux-gnu/bin/../lib/gcc/nios2-elf/5.2.0/../../../../../H-x86_64-pc-linux-gnu/nios2-elf/lib/mno-hw-mul/libsmallc.a(lib_a-int_errno.o)
 .debug_aranges
                0x00000000000001b0       0x20 /home/mohil/altera_lite/16.0/nios2eds/bin/gnu/H-x86_64-pc-linux-gnu/bin/../lib/gcc/nios2-elf/5.2.0/mno-hw-mul/libgcc.a(lib2-mul.o)
 .debug_aranges
                0x00000000000001d0       0x20 ../mysoft1_bsp//libhal_bsp.a(alt_iic.o)
 .debug_aranges
                0x00000000000001f0       0x20 ../mysoft1_bsp//libhal_bsp.a(alt_iic_isr_register.o)
 .debug_aranges
                0x0000000000000210       0x30 ../mysoft1_bsp//libhal_bsp.a(alt_irq_entry.o)
 .debug_aranges
                0x0000000000000240       0x20 ../mysoft1_bsp//libhal_bsp.a(alt_irq_handler.o)
 .debug_aranges
                0x0000000000000260       0x18 ../mysoft1_bsp//libhal_bsp.a(alt_irq_vars.o)
 .debug_aranges
                0x0000000000000278       0x20 ../mysoft1_bsp//libhal_bsp.a(alt_load.o)
 .debug_aranges
                0x0000000000000298       0x20 ../mysoft1_bsp//libhal_bsp.a(alt_main.o)
 .debug_aranges
                0x00000000000002b8       0x20 ../mysoft1_bsp//libhal_bsp.a(alt_putstr.o)
 .debug_aranges
                0x00000000000002d8       0x20 ../mysoft1_bsp//libhal_bsp.a(alt_usleep.o)
 .debug_aranges
                0x00000000000002f8       0x20 ../mysoft1_bsp//libhal_bsp.a(alt_write.o)
 .debug_aranges
                0x0000000000000318       0x20 ../mysoft1_bsp//libhal_bsp.a(alt_sys_init.o)
 .debug_aranges
                0x0000000000000338       0x20 ../mysoft1_bsp//libhal_bsp.a(altera_avalon_jtag_uart_write.o)
 .debug_aranges
                0x0000000000000358       0x20 ../mysoft1_bsp//libhal_bsp.a(alt_busy_sleep.o)
 .debug_aranges
                0x0000000000000378       0x20 ../mysoft1_bsp//libhal_bsp.a(alt_dcache_flush_all.o)
 .debug_aranges
                0x0000000000000398       0x18 ../mysoft1_bsp//libhal_bsp.a(alt_errno.o)
 .debug_aranges
                0x00000000000003b0       0x38 ../mysoft1_bsp//libhal_bsp.a(alt_exception_entry.o)
 .debug_aranges
                0x00000000000003e8       0x20 ../mysoft1_bsp//libhal_bsp.a(alt_icache_flush_all.o)
 .debug_aranges
                0x0000000000000408       0x28 ../mysoft1_bsp//libhal_bsp.a(alt_instruction_exception_entry.o)
 .debug_aranges
                0x0000000000000430       0x20 ../mysoft1_bsp//libhal_bsp.a(altera_nios2_gen2_irq.o)

.debug_pubnames
 *(.debug_pubnames)

.debug_info     0x0000000000000000     0x4872
 *(.debug_info .gnu.linkonce.wi.*)
 .debug_info    0x0000000000000000       0x6f ../mysoft1_bsp//obj/HAL/src/crt0.o
 .debug_info    0x000000000000006f      0x3d8 obj/default/hello_world_small.o
 .debug_info    0x0000000000000447      0x2c3 /home/mohil/altera_lite/16.0/nios2eds/bin/gnu/H-x86_64-pc-linux-gnu/bin/../lib/gcc/nios2-elf/5.2.0/mno-hw-mul/libgcc.a(lib2-divmod.o)
 .debug_info    0x000000000000070a      0x1b0 /home/mohil/altera_lite/16.0/nios2eds/bin/gnu/H-x86_64-pc-linux-gnu/bin/../lib/gcc/nios2-elf/5.2.0/mno-hw-mul/libgcc.a(floatunsidf.o)
 .debug_info    0x00000000000008ba      0x124 /home/mohil/altera_lite/16.0/nios2eds/bin/gnu/H-x86_64-pc-linux-gnu/bin/../lib/gcc/nios2-elf/5.2.0/mno-hw-mul/libgcc.a(_clzsi2.o)
 .debug_info    0x00000000000009de       0xb2 /home/mohil/altera_lite/16.0/nios2eds/bin/gnu/H-x86_64-pc-linux-gnu/bin/../lib/gcc/nios2-elf/5.2.0/mno-hw-mul/libgcc.a(_clz.o)
 .debug_info    0x0000000000000a90      0x699 /home/mohil/altera_lite/16.0/nios2eds/bin/gnu/H-x86_64-pc-linux-gnu/bin/../lib/gcc/nios2-elf/5.2.0/../../../../../H-x86_64-pc-linux-gnu/nios2-elf/lib/mno-hw-mul/libsmallc.a(lib_a-printf.o)
 .debug_info    0x0000000000001129      0xb2b /home/mohil/altera_lite/16.0/nios2eds/bin/gnu/H-x86_64-pc-linux-gnu/bin/../lib/gcc/nios2-elf/5.2.0/../../../../../H-x86_64-pc-linux-gnu/nios2-elf/lib/mno-hw-mul/libsmallc.a(lib_a-vfprintf.o)
 .debug_info    0x0000000000001c54      0x62b /home/mohil/altera_lite/16.0/nios2eds/bin/gnu/H-x86_64-pc-linux-gnu/bin/../lib/gcc/nios2-elf/5.2.0/../../../../../H-x86_64-pc-linux-gnu/nios2-elf/lib/mno-hw-mul/libsmallc.a(lib_a-fvwrite_small_dev.o)
 .debug_info    0x000000000000227f      0x5a9 /home/mohil/altera_lite/16.0/nios2eds/bin/gnu/H-x86_64-pc-linux-gnu/bin/../lib/gcc/nios2-elf/5.2.0/../../../../../H-x86_64-pc-linux-gnu/nios2-elf/lib/mno-hw-mul/libsmallc.a(lib_a-impure.o)
 .debug_info    0x0000000000002828       0xc9 /home/mohil/altera_lite/16.0/nios2eds/bin/gnu/H-x86_64-pc-linux-gnu/bin/../lib/gcc/nios2-elf/5.2.0/../../../../../H-x86_64-pc-linux-gnu/nios2-elf/lib/mno-hw-mul/libsmallc.a(lib_a-strlen.o)
 .debug_info    0x00000000000028f1      0x630 /home/mohil/altera_lite/16.0/nios2eds/bin/gnu/H-x86_64-pc-linux-gnu/bin/../lib/gcc/nios2-elf/5.2.0/../../../../../H-x86_64-pc-linux-gnu/nios2-elf/lib/mno-hw-mul/libsmallc.a(lib_a-writer.o)
 .debug_info    0x0000000000002f21       0x8a /home/mohil/altera_lite/16.0/nios2eds/bin/gnu/H-x86_64-pc-linux-gnu/bin/../lib/gcc/nios2-elf/5.2.0/../../../../../H-x86_64-pc-linux-gnu/nios2-elf/lib/mno-hw-mul/libsmallc.a(lib_a-int_errno.o)
 .debug_info    0x0000000000002fab       0xb4 /home/mohil/altera_lite/16.0/nios2eds/bin/gnu/H-x86_64-pc-linux-gnu/bin/../lib/gcc/nios2-elf/5.2.0/mno-hw-mul/libgcc.a(lib2-mul.o)
 .debug_info    0x000000000000305f      0x386 ../mysoft1_bsp//libhal_bsp.a(alt_iic.o)
 .debug_info    0x00000000000033e5      0x232 ../mysoft1_bsp//libhal_bsp.a(alt_iic_isr_register.o)
 .debug_info    0x0000000000003617       0x78 ../mysoft1_bsp//libhal_bsp.a(alt_irq_entry.o)
 .debug_info    0x000000000000368f      0x18c ../mysoft1_bsp//libhal_bsp.a(alt_irq_handler.o)
 .debug_info    0x000000000000381b       0x88 ../mysoft1_bsp//libhal_bsp.a(alt_irq_vars.o)
 .debug_info    0x00000000000038a3      0x1c9 ../mysoft1_bsp//libhal_bsp.a(alt_load.o)
 .debug_info    0x0000000000003a6c      0x169 ../mysoft1_bsp//libhal_bsp.a(alt_main.o)
 .debug_info    0x0000000000003bd5      0x13a ../mysoft1_bsp//libhal_bsp.a(alt_putstr.o)
 .debug_info    0x0000000000003d0f       0xd1 ../mysoft1_bsp//libhal_bsp.a(alt_usleep.o)
 .debug_info    0x0000000000003de0      0x1c7 ../mysoft1_bsp//libhal_bsp.a(alt_write.o)
 .debug_info    0x0000000000003fa7      0x185 ../mysoft1_bsp//libhal_bsp.a(alt_sys_init.o)
 .debug_info    0x000000000000412c      0x197 ../mysoft1_bsp//libhal_bsp.a(altera_avalon_jtag_uart_write.o)
 .debug_info    0x00000000000042c3       0xd8 ../mysoft1_bsp//libhal_bsp.a(alt_busy_sleep.o)
 .debug_info    0x000000000000439b       0x92 ../mysoft1_bsp//libhal_bsp.a(alt_dcache_flush_all.o)
 .debug_info    0x000000000000442d       0xa6 ../mysoft1_bsp//libhal_bsp.a(alt_errno.o)
 .debug_info    0x00000000000044d3       0x7e ../mysoft1_bsp//libhal_bsp.a(alt_exception_entry.o)
 .debug_info    0x0000000000004551       0x92 ../mysoft1_bsp//libhal_bsp.a(alt_icache_flush_all.o)
 .debug_info    0x00000000000045e3      0x1fd ../mysoft1_bsp//libhal_bsp.a(alt_instruction_exception_entry.o)
 .debug_info    0x00000000000047e0       0x92 ../mysoft1_bsp//libhal_bsp.a(altera_nios2_gen2_irq.o)

.debug_abbrev   0x0000000000000000     0x1c6b
 *(.debug_abbrev)
 .debug_abbrev  0x0000000000000000       0x12 ../mysoft1_bsp//obj/HAL/src/crt0.o
 .debug_abbrev  0x0000000000000012      0x12f obj/default/hello_world_small.o
 .debug_abbrev  0x0000000000000141      0x10e /home/mohil/altera_lite/16.0/nios2eds/bin/gnu/H-x86_64-pc-linux-gnu/bin/../lib/gcc/nios2-elf/5.2.0/mno-hw-mul/libgcc.a(lib2-divmod.o)
 .debug_abbrev  0x000000000000024f      0x124 /home/mohil/altera_lite/16.0/nios2eds/bin/gnu/H-x86_64-pc-linux-gnu/bin/../lib/gcc/nios2-elf/5.2.0/mno-hw-mul/libgcc.a(floatunsidf.o)
 .debug_abbrev  0x0000000000000373       0xbe /home/mohil/altera_lite/16.0/nios2eds/bin/gnu/H-x86_64-pc-linux-gnu/bin/../lib/gcc/nios2-elf/5.2.0/mno-hw-mul/libgcc.a(_clzsi2.o)
 .debug_abbrev  0x0000000000000431       0x5d /home/mohil/altera_lite/16.0/nios2eds/bin/gnu/H-x86_64-pc-linux-gnu/bin/../lib/gcc/nios2-elf/5.2.0/mno-hw-mul/libgcc.a(_clz.o)
 .debug_abbrev  0x000000000000048e      0x1ee /home/mohil/altera_lite/16.0/nios2eds/bin/gnu/H-x86_64-pc-linux-gnu/bin/../lib/gcc/nios2-elf/5.2.0/../../../../../H-x86_64-pc-linux-gnu/nios2-elf/lib/mno-hw-mul/libsmallc.a(lib_a-printf.o)
 .debug_abbrev  0x000000000000067c      0x2a1 /home/mohil/altera_lite/16.0/nios2eds/bin/gnu/H-x86_64-pc-linux-gnu/bin/../lib/gcc/nios2-elf/5.2.0/../../../../../H-x86_64-pc-linux-gnu/nios2-elf/lib/mno-hw-mul/libsmallc.a(lib_a-vfprintf.o)
 .debug_abbrev  0x000000000000091d      0x1bc /home/mohil/altera_lite/16.0/nios2eds/bin/gnu/H-x86_64-pc-linux-gnu/bin/../lib/gcc/nios2-elf/5.2.0/../../../../../H-x86_64-pc-linux-gnu/nios2-elf/lib/mno-hw-mul/libsmallc.a(lib_a-fvwrite_small_dev.o)
 .debug_abbrev  0x0000000000000ad9      0x14a /home/mohil/altera_lite/16.0/nios2eds/bin/gnu/H-x86_64-pc-linux-gnu/bin/../lib/gcc/nios2-elf/5.2.0/../../../../../H-x86_64-pc-linux-gnu/nios2-elf/lib/mno-hw-mul/libsmallc.a(lib_a-impure.o)
 .debug_abbrev  0x0000000000000c23       0x7f /home/mohil/altera_lite/16.0/nios2eds/bin/gnu/H-x86_64-pc-linux-gnu/bin/../lib/gcc/nios2-elf/5.2.0/../../../../../H-x86_64-pc-linux-gnu/nios2-elf/lib/mno-hw-mul/libsmallc.a(lib_a-strlen.o)
 .debug_abbrev  0x0000000000000ca2      0x1a6 /home/mohil/altera_lite/16.0/nios2eds/bin/gnu/H-x86_64-pc-linux-gnu/bin/../lib/gcc/nios2-elf/5.2.0/../../../../../H-x86_64-pc-linux-gnu/nios2-elf/lib/mno-hw-mul/libsmallc.a(lib_a-writer.o)
 .debug_abbrev  0x0000000000000e48       0x37 /home/mohil/altera_lite/16.0/nios2eds/bin/gnu/H-x86_64-pc-linux-gnu/bin/../lib/gcc/nios2-elf/5.2.0/../../../../../H-x86_64-pc-linux-gnu/nios2-elf/lib/mno-hw-mul/libsmallc.a(lib_a-int_errno.o)
 .debug_abbrev  0x0000000000000e7f       0x6f /home/mohil/altera_lite/16.0/nios2eds/bin/gnu/H-x86_64-pc-linux-gnu/bin/../lib/gcc/nios2-elf/5.2.0/mno-hw-mul/libgcc.a(lib2-mul.o)
 .debug_abbrev  0x0000000000000eee      0x197 ../mysoft1_bsp//libhal_bsp.a(alt_iic.o)
 .debug_abbrev  0x0000000000001085      0x19c ../mysoft1_bsp//libhal_bsp.a(alt_iic_isr_register.o)
 .debug_abbrev  0x0000000000001221       0x12 ../mysoft1_bsp//libhal_bsp.a(alt_irq_entry.o)
 .debug_abbrev  0x0000000000001233      0x122 ../mysoft1_bsp//libhal_bsp.a(alt_irq_handler.o)
 .debug_abbrev  0x0000000000001355       0x40 ../mysoft1_bsp//libhal_bsp.a(alt_irq_vars.o)
 .debug_abbrev  0x0000000000001395       0xd8 ../mysoft1_bsp//libhal_bsp.a(alt_load.o)
 .debug_abbrev  0x000000000000146d       0xee ../mysoft1_bsp//libhal_bsp.a(alt_main.o)
 .debug_abbrev  0x000000000000155b       0xd3 ../mysoft1_bsp//libhal_bsp.a(alt_putstr.o)
 .debug_abbrev  0x000000000000162e       0x8d ../mysoft1_bsp//libhal_bsp.a(alt_usleep.o)
 .debug_abbrev  0x00000000000016bb      0x12e ../mysoft1_bsp//libhal_bsp.a(alt_write.o)
 .debug_abbrev  0x00000000000017e9      0x107 ../mysoft1_bsp//libhal_bsp.a(alt_sys_init.o)
 .debug_abbrev  0x00000000000018f0       0xd5 ../mysoft1_bsp//libhal_bsp.a(altera_avalon_jtag_uart_write.o)
 .debug_abbrev  0x00000000000019c5       0x8d ../mysoft1_bsp//libhal_bsp.a(alt_busy_sleep.o)
 .debug_abbrev  0x0000000000001a52       0x42 ../mysoft1_bsp//libhal_bsp.a(alt_dcache_flush_all.o)
 .debug_abbrev  0x0000000000001a94       0x5a ../mysoft1_bsp//libhal_bsp.a(alt_errno.o)
 .debug_abbrev  0x0000000000001aee       0x12 ../mysoft1_bsp//libhal_bsp.a(alt_exception_entry.o)
 .debug_abbrev  0x0000000000001b00       0x42 ../mysoft1_bsp//libhal_bsp.a(alt_icache_flush_all.o)
 .debug_abbrev  0x0000000000001b42       0xe7 ../mysoft1_bsp//libhal_bsp.a(alt_instruction_exception_entry.o)
 .debug_abbrev  0x0000000000001c29       0x42 ../mysoft1_bsp//libhal_bsp.a(altera_nios2_gen2_irq.o)

.debug_line     0x0000000000000000     0x1ea7
 *(.debug_line)
 .debug_line    0x0000000000000000       0x66 ../mysoft1_bsp//obj/HAL/src/crt0.o
 .debug_line    0x0000000000000066      0x1ef obj/default/hello_world_small.o
 .debug_line    0x0000000000000255      0x105 /home/mohil/altera_lite/16.0/nios2eds/bin/gnu/H-x86_64-pc-linux-gnu/bin/../lib/gcc/nios2-elf/5.2.0/mno-hw-mul/libgcc.a(lib2-divmod.o)
 .debug_line    0x000000000000035a       0x95 /home/mohil/altera_lite/16.0/nios2eds/bin/gnu/H-x86_64-pc-linux-gnu/bin/../lib/gcc/nios2-elf/5.2.0/mno-hw-mul/libgcc.a(floatunsidf.o)
 .debug_line    0x00000000000003ef       0xbd /home/mohil/altera_lite/16.0/nios2eds/bin/gnu/H-x86_64-pc-linux-gnu/bin/../lib/gcc/nios2-elf/5.2.0/mno-hw-mul/libgcc.a(_clzsi2.o)
 .debug_line    0x00000000000004ac       0x56 /home/mohil/altera_lite/16.0/nios2eds/bin/gnu/H-x86_64-pc-linux-gnu/bin/../lib/gcc/nios2-elf/5.2.0/mno-hw-mul/libgcc.a(_clz.o)
 .debug_line    0x0000000000000502      0x203 /home/mohil/altera_lite/16.0/nios2eds/bin/gnu/H-x86_64-pc-linux-gnu/bin/../lib/gcc/nios2-elf/5.2.0/../../../../../H-x86_64-pc-linux-gnu/nios2-elf/lib/mno-hw-mul/libsmallc.a(lib_a-printf.o)
 .debug_line    0x0000000000000705      0x351 /home/mohil/altera_lite/16.0/nios2eds/bin/gnu/H-x86_64-pc-linux-gnu/bin/../lib/gcc/nios2-elf/5.2.0/../../../../../H-x86_64-pc-linux-gnu/nios2-elf/lib/mno-hw-mul/libsmallc.a(lib_a-vfprintf.o)
 .debug_line    0x0000000000000a56      0x1f0 /home/mohil/altera_lite/16.0/nios2eds/bin/gnu/H-x86_64-pc-linux-gnu/bin/../lib/gcc/nios2-elf/5.2.0/../../../../../H-x86_64-pc-linux-gnu/nios2-elf/lib/mno-hw-mul/libsmallc.a(lib_a-fvwrite_small_dev.o)
 .debug_line    0x0000000000000c46      0x156 /home/mohil/altera_lite/16.0/nios2eds/bin/gnu/H-x86_64-pc-linux-gnu/bin/../lib/gcc/nios2-elf/5.2.0/../../../../../H-x86_64-pc-linux-gnu/nios2-elf/lib/mno-hw-mul/libsmallc.a(lib_a-impure.o)
 .debug_line    0x0000000000000d9c      0x15c /home/mohil/altera_lite/16.0/nios2eds/bin/gnu/H-x86_64-pc-linux-gnu/bin/../lib/gcc/nios2-elf/5.2.0/../../../../../H-x86_64-pc-linux-gnu/nios2-elf/lib/mno-hw-mul/libsmallc.a(lib_a-strlen.o)
 .debug_line    0x0000000000000ef8      0x1ed /home/mohil/altera_lite/16.0/nios2eds/bin/gnu/H-x86_64-pc-linux-gnu/bin/../lib/gcc/nios2-elf/5.2.0/../../../../../H-x86_64-pc-linux-gnu/nios2-elf/lib/mno-hw-mul/libsmallc.a(lib_a-writer.o)
 .debug_line    0x00000000000010e5       0x5f /home/mohil/altera_lite/16.0/nios2eds/bin/gnu/H-x86_64-pc-linux-gnu/bin/../lib/gcc/nios2-elf/5.2.0/../../../../../H-x86_64-pc-linux-gnu/nios2-elf/lib/mno-hw-mul/libsmallc.a(lib_a-int_errno.o)
 .debug_line    0x0000000000001144       0x80 /home/mohil/altera_lite/16.0/nios2eds/bin/gnu/H-x86_64-pc-linux-gnu/bin/../lib/gcc/nios2-elf/5.2.0/mno-hw-mul/libgcc.a(lib2-mul.o)
 .debug_line    0x00000000000011c4       0xf1 ../mysoft1_bsp//libhal_bsp.a(alt_iic.o)
 .debug_line    0x00000000000012b5       0xd6 ../mysoft1_bsp//libhal_bsp.a(alt_iic_isr_register.o)
 .debug_line    0x000000000000138b       0x6b ../mysoft1_bsp//libhal_bsp.a(alt_irq_entry.o)
 .debug_line    0x00000000000013f6       0xa5 ../mysoft1_bsp//libhal_bsp.a(alt_irq_handler.o)
 .debug_line    0x000000000000149b       0x50 ../mysoft1_bsp//libhal_bsp.a(alt_irq_vars.o)
 .debug_line    0x00000000000014eb       0xa5 ../mysoft1_bsp//libhal_bsp.a(alt_load.o)
 .debug_line    0x0000000000001590       0xbd ../mysoft1_bsp//libhal_bsp.a(alt_main.o)
 .debug_line    0x000000000000164d       0xab ../mysoft1_bsp//libhal_bsp.a(alt_putstr.o)
 .debug_line    0x00000000000016f8       0xda ../mysoft1_bsp//libhal_bsp.a(alt_usleep.o)
 .debug_line    0x00000000000017d2      0x180 ../mysoft1_bsp//libhal_bsp.a(alt_write.o)
 .debug_line    0x0000000000001952      0x101 ../mysoft1_bsp//libhal_bsp.a(alt_sys_init.o)
 .debug_line    0x0000000000001a53       0xf0 ../mysoft1_bsp//libhal_bsp.a(altera_avalon_jtag_uart_write.o)
 .debug_line    0x0000000000001b43       0xb5 ../mysoft1_bsp//libhal_bsp.a(alt_busy_sleep.o)
 .debug_line    0x0000000000001bf8       0x4e ../mysoft1_bsp//libhal_bsp.a(alt_dcache_flush_all.o)
 .debug_line    0x0000000000001c46       0x51 ../mysoft1_bsp//libhal_bsp.a(alt_errno.o)
 .debug_line    0x0000000000001c97       0xb3 ../mysoft1_bsp//libhal_bsp.a(alt_exception_entry.o)
 .debug_line    0x0000000000001d4a       0x4e ../mysoft1_bsp//libhal_bsp.a(alt_icache_flush_all.o)
 .debug_line    0x0000000000001d98       0xbf ../mysoft1_bsp//libhal_bsp.a(alt_instruction_exception_entry.o)
 .debug_line    0x0000000000001e57       0x50 ../mysoft1_bsp//libhal_bsp.a(altera_nios2_gen2_irq.o)

.debug_frame    0x0000000000000000      0x56c
 *(.debug_frame)
 .debug_frame   0x0000000000000000       0x7c obj/default/hello_world_small.o
 .debug_frame   0x000000000000007c       0x50 /home/mohil/altera_lite/16.0/nios2eds/bin/gnu/H-x86_64-pc-linux-gnu/bin/../lib/gcc/nios2-elf/5.2.0/mno-hw-mul/libgcc.a(lib2-divmod.o)
 .debug_frame   0x00000000000000cc       0x34 /home/mohil/altera_lite/16.0/nios2eds/bin/gnu/H-x86_64-pc-linux-gnu/bin/../lib/gcc/nios2-elf/5.2.0/mno-hw-mul/libgcc.a(floatunsidf.o)
 .debug_frame   0x0000000000000100       0x20 /home/mohil/altera_lite/16.0/nios2eds/bin/gnu/H-x86_64-pc-linux-gnu/bin/../lib/gcc/nios2-elf/5.2.0/mno-hw-mul/libgcc.a(_clzsi2.o)
 .debug_frame   0x0000000000000120       0x48 /home/mohil/altera_lite/16.0/nios2eds/bin/gnu/H-x86_64-pc-linux-gnu/bin/../lib/gcc/nios2-elf/5.2.0/../../../../../H-x86_64-pc-linux-gnu/nios2-elf/lib/mno-hw-mul/libsmallc.a(lib_a-printf.o)
 .debug_frame   0x0000000000000168       0x8c /home/mohil/altera_lite/16.0/nios2eds/bin/gnu/H-x86_64-pc-linux-gnu/bin/../lib/gcc/nios2-elf/5.2.0/../../../../../H-x86_64-pc-linux-gnu/nios2-elf/lib/mno-hw-mul/libsmallc.a(lib_a-vfprintf.o)
 .debug_frame   0x00000000000001f4       0x58 /home/mohil/altera_lite/16.0/nios2eds/bin/gnu/H-x86_64-pc-linux-gnu/bin/../lib/gcc/nios2-elf/5.2.0/../../../../../H-x86_64-pc-linux-gnu/nios2-elf/lib/mno-hw-mul/libsmallc.a(lib_a-fvwrite_small_dev.o)
 .debug_frame   0x000000000000024c       0x20 /home/mohil/altera_lite/16.0/nios2eds/bin/gnu/H-x86_64-pc-linux-gnu/bin/../lib/gcc/nios2-elf/5.2.0/../../../../../H-x86_64-pc-linux-gnu/nios2-elf/lib/mno-hw-mul/libsmallc.a(lib_a-strlen.o)
 .debug_frame   0x000000000000026c       0x38 /home/mohil/altera_lite/16.0/nios2eds/bin/gnu/H-x86_64-pc-linux-gnu/bin/../lib/gcc/nios2-elf/5.2.0/../../../../../H-x86_64-pc-linux-gnu/nios2-elf/lib/mno-hw-mul/libsmallc.a(lib_a-writer.o)
 .debug_frame   0x00000000000002a4       0x20 /home/mohil/altera_lite/16.0/nios2eds/bin/gnu/H-x86_64-pc-linux-gnu/bin/../lib/gcc/nios2-elf/5.2.0/mno-hw-mul/libgcc.a(lib2-mul.o)
 .debug_frame   0x00000000000002c4       0x50 ../mysoft1_bsp//libhal_bsp.a(alt_iic.o)
 .debug_frame   0x0000000000000314       0x30 ../mysoft1_bsp//libhal_bsp.a(alt_iic_isr_register.o)
 .debug_frame   0x0000000000000344       0x34 ../mysoft1_bsp//libhal_bsp.a(alt_irq_handler.o)
 .debug_frame   0x0000000000000378       0x30 ../mysoft1_bsp//libhal_bsp.a(alt_load.o)
 .debug_frame   0x00000000000003a8       0x2c ../mysoft1_bsp//libhal_bsp.a(alt_main.o)
 .debug_frame   0x00000000000003d4       0x30 ../mysoft1_bsp//libhal_bsp.a(alt_putstr.o)
 .debug_frame   0x0000000000000404       0x20 ../mysoft1_bsp//libhal_bsp.a(alt_usleep.o)
 .debug_frame   0x0000000000000424       0x2c ../mysoft1_bsp//libhal_bsp.a(alt_write.o)
 .debug_frame   0x0000000000000450       0x3c ../mysoft1_bsp//libhal_bsp.a(alt_sys_init.o)
 .debug_frame   0x000000000000048c       0x20 ../mysoft1_bsp//libhal_bsp.a(altera_avalon_jtag_uart_write.o)
 .debug_frame   0x00000000000004ac       0x30 ../mysoft1_bsp//libhal_bsp.a(alt_busy_sleep.o)
 .debug_frame   0x00000000000004dc       0x20 ../mysoft1_bsp//libhal_bsp.a(alt_dcache_flush_all.o)
 .debug_frame   0x00000000000004fc       0x20 ../mysoft1_bsp//libhal_bsp.a(alt_icache_flush_all.o)
 .debug_frame   0x000000000000051c       0x30 ../mysoft1_bsp//libhal_bsp.a(alt_instruction_exception_entry.o)
 .debug_frame   0x000000000000054c       0x20 ../mysoft1_bsp//libhal_bsp.a(altera_nios2_gen2_irq.o)

.debug_str      0x0000000000000000     0x1820
 *(.debug_str)
 .debug_str     0x0000000000000000      0x231 obj/default/hello_world_small.o
                                        0x276 (size before relaxing)
 .debug_str     0x0000000000000231      0x188 /home/mohil/altera_lite/16.0/nios2eds/bin/gnu/H-x86_64-pc-linux-gnu/bin/../lib/gcc/nios2-elf/5.2.0/mno-hw-mul/libgcc.a(lib2-divmod.o)
                                        0x1d3 (size before relaxing)
 .debug_str     0x00000000000003b9       0xb1 /home/mohil/altera_lite/16.0/nios2eds/bin/gnu/H-x86_64-pc-linux-gnu/bin/../lib/gcc/nios2-elf/5.2.0/mno-hw-mul/libgcc.a(floatunsidf.o)
                                        0x240 (size before relaxing)
 .debug_str     0x000000000000046a       0x66 /home/mohil/altera_lite/16.0/nios2eds/bin/gnu/H-x86_64-pc-linux-gnu/bin/../lib/gcc/nios2-elf/5.2.0/mno-hw-mul/libgcc.a(_clzsi2.o)
                                        0x201 (size before relaxing)
 .debug_str     0x00000000000004d0      0x1e4 /home/mohil/altera_lite/16.0/nios2eds/bin/gnu/H-x86_64-pc-linux-gnu/bin/../lib/gcc/nios2-elf/5.2.0/mno-hw-mul/libgcc.a(_clz.o)
 .debug_str     0x00000000000004d0      0x42a /home/mohil/altera_lite/16.0/nios2eds/bin/gnu/H-x86_64-pc-linux-gnu/bin/../lib/gcc/nios2-elf/5.2.0/../../../../../H-x86_64-pc-linux-gnu/nios2-elf/lib/mno-hw-mul/libsmallc.a(lib_a-printf.o)
                                        0x505 (size before relaxing)
 .debug_str     0x00000000000008fa      0x1f9 /home/mohil/altera_lite/16.0/nios2eds/bin/gnu/H-x86_64-pc-linux-gnu/bin/../lib/gcc/nios2-elf/5.2.0/../../../../../H-x86_64-pc-linux-gnu/nios2-elf/lib/mno-hw-mul/libsmallc.a(lib_a-vfprintf.o)
                                        0x680 (size before relaxing)
 .debug_str     0x0000000000000af3       0x78 /home/mohil/altera_lite/16.0/nios2eds/bin/gnu/H-x86_64-pc-linux-gnu/bin/../lib/gcc/nios2-elf/5.2.0/../../../../../H-x86_64-pc-linux-gnu/nios2-elf/lib/mno-hw-mul/libsmallc.a(lib_a-fvwrite_small_dev.o)
                                        0x4d5 (size before relaxing)
 .debug_str     0x0000000000000b6b       0xf0 /home/mohil/altera_lite/16.0/nios2eds/bin/gnu/H-x86_64-pc-linux-gnu/bin/../lib/gcc/nios2-elf/5.2.0/../../../../../H-x86_64-pc-linux-gnu/nios2-elf/lib/mno-hw-mul/libsmallc.a(lib_a-impure.o)
                                        0x4bf (size before relaxing)
 .debug_str     0x0000000000000c5b       0xd3 /home/mohil/altera_lite/16.0/nios2eds/bin/gnu/H-x86_64-pc-linux-gnu/bin/../lib/gcc/nios2-elf/5.2.0/../../../../../H-x86_64-pc-linux-gnu/nios2-elf/lib/mno-hw-mul/libsmallc.a(lib_a-strlen.o)
                                        0x1e6 (size before relaxing)
 .debug_str     0x0000000000000d2e       0x45 /home/mohil/altera_lite/16.0/nios2eds/bin/gnu/H-x86_64-pc-linux-gnu/bin/../lib/gcc/nios2-elf/5.2.0/../../../../../H-x86_64-pc-linux-gnu/nios2-elf/lib/mno-hw-mul/libsmallc.a(lib_a-writer.o)
                                        0x4b9 (size before relaxing)
 .debug_str     0x0000000000000d73       0x3f /home/mohil/altera_lite/16.0/nios2eds/bin/gnu/H-x86_64-pc-linux-gnu/bin/../lib/gcc/nios2-elf/5.2.0/../../../../../H-x86_64-pc-linux-gnu/nios2-elf/lib/mno-hw-mul/libsmallc.a(lib_a-int_errno.o)
                                        0x1d9 (size before relaxing)
 .debug_str     0x0000000000000db2       0x40 /home/mohil/altera_lite/16.0/nios2eds/bin/gnu/H-x86_64-pc-linux-gnu/bin/../lib/gcc/nios2-elf/5.2.0/mno-hw-mul/libgcc.a(lib2-mul.o)
                                        0x194 (size before relaxing)
 .debug_str     0x0000000000000df2      0x16d ../mysoft1_bsp//libhal_bsp.a(alt_iic.o)
                                        0x253 (size before relaxing)
 .debug_str     0x0000000000000f5f       0x37 ../mysoft1_bsp//libhal_bsp.a(alt_iic_isr_register.o)
                                        0x20d (size before relaxing)
 .debug_str     0x0000000000000f96       0x3a ../mysoft1_bsp//libhal_bsp.a(alt_irq_handler.o)
                                        0x197 (size before relaxing)
 .debug_str     0x0000000000000fd0       0x17 ../mysoft1_bsp//libhal_bsp.a(alt_irq_vars.o)
                                        0x13a (size before relaxing)
 .debug_str     0x0000000000000fe7      0x113 ../mysoft1_bsp//libhal_bsp.a(alt_load.o)
                                        0x23c (size before relaxing)
 .debug_str     0x00000000000010fa       0x8a ../mysoft1_bsp//libhal_bsp.a(alt_main.o)
                                        0x1b5 (size before relaxing)
 .debug_str     0x0000000000001184       0x5f ../mysoft1_bsp//libhal_bsp.a(alt_putstr.o)
                                        0x192 (size before relaxing)
 .debug_str     0x00000000000011e3       0x2f ../mysoft1_bsp//libhal_bsp.a(alt_usleep.o)
                                        0x157 (size before relaxing)
 .debug_str     0x0000000000001212       0x2c ../mysoft1_bsp//libhal_bsp.a(alt_write.o)
                                        0x1e0 (size before relaxing)
 .debug_str     0x000000000000123e       0x86 ../mysoft1_bsp//libhal_bsp.a(alt_sys_init.o)
                                        0x226 (size before relaxing)
 .debug_str     0x00000000000012c4       0x2c ../mysoft1_bsp//libhal_bsp.a(altera_avalon_jtag_uart_write.o)
                                        0x215 (size before relaxing)
 .debug_str     0x00000000000012f0       0x33 ../mysoft1_bsp//libhal_bsp.a(alt_busy_sleep.o)
                                        0x16b (size before relaxing)
 .debug_str     0x0000000000001323       0x1f ../mysoft1_bsp//libhal_bsp.a(alt_dcache_flush_all.o)
                                        0x155 (size before relaxing)
 .debug_str     0x0000000000001342       0x14 ../mysoft1_bsp//libhal_bsp.a(alt_errno.o)
                                        0x145 (size before relaxing)
 .debug_str     0x0000000000001356       0x1f ../mysoft1_bsp//libhal_bsp.a(alt_icache_flush_all.o)
                                        0x155 (size before relaxing)
 .debug_str     0x0000000000001375      0x48b ../mysoft1_bsp//libhal_bsp.a(alt_instruction_exception_entry.o)
                                        0x5a0 (size before relaxing)
 .debug_str     0x0000000000001800       0x20 ../mysoft1_bsp//libhal_bsp.a(altera_nios2_gen2_irq.o)
                                        0x15c (size before relaxing)

.debug_loc      0x0000000000000000     0x1a18
 *(.debug_loc)
 .debug_loc     0x0000000000000000       0xcd obj/default/hello_world_small.o
 .debug_loc     0x00000000000000cd      0x4ae /home/mohil/altera_lite/16.0/nios2eds/bin/gnu/H-x86_64-pc-linux-gnu/bin/../lib/gcc/nios2-elf/5.2.0/mno-hw-mul/libgcc.a(lib2-divmod.o)
 .debug_loc     0x000000000000057b      0x19e /home/mohil/altera_lite/16.0/nios2eds/bin/gnu/H-x86_64-pc-linux-gnu/bin/../lib/gcc/nios2-elf/5.2.0/mno-hw-mul/libgcc.a(floatunsidf.o)
 .debug_loc     0x0000000000000719       0x6b /home/mohil/altera_lite/16.0/nios2eds/bin/gnu/H-x86_64-pc-linux-gnu/bin/../lib/gcc/nios2-elf/5.2.0/mno-hw-mul/libgcc.a(_clzsi2.o)
 .debug_loc     0x0000000000000784       0xc6 /home/mohil/altera_lite/16.0/nios2eds/bin/gnu/H-x86_64-pc-linux-gnu/bin/../lib/gcc/nios2-elf/5.2.0/../../../../../H-x86_64-pc-linux-gnu/nios2-elf/lib/mno-hw-mul/libsmallc.a(lib_a-printf.o)
 .debug_loc     0x000000000000084a      0x954 /home/mohil/altera_lite/16.0/nios2eds/bin/gnu/H-x86_64-pc-linux-gnu/bin/../lib/gcc/nios2-elf/5.2.0/../../../../../H-x86_64-pc-linux-gnu/nios2-elf/lib/mno-hw-mul/libsmallc.a(lib_a-vfprintf.o)
 .debug_loc     0x000000000000119e      0x110 /home/mohil/altera_lite/16.0/nios2eds/bin/gnu/H-x86_64-pc-linux-gnu/bin/../lib/gcc/nios2-elf/5.2.0/../../../../../H-x86_64-pc-linux-gnu/nios2-elf/lib/mno-hw-mul/libsmallc.a(lib_a-fvwrite_small_dev.o)
 .debug_loc     0x00000000000012ae       0x1e /home/mohil/altera_lite/16.0/nios2eds/bin/gnu/H-x86_64-pc-linux-gnu/bin/../lib/gcc/nios2-elf/5.2.0/../../../../../H-x86_64-pc-linux-gnu/nios2-elf/lib/mno-hw-mul/libsmallc.a(lib_a-strlen.o)
 .debug_loc     0x00000000000012cc       0xa5 /home/mohil/altera_lite/16.0/nios2eds/bin/gnu/H-x86_64-pc-linux-gnu/bin/../lib/gcc/nios2-elf/5.2.0/../../../../../H-x86_64-pc-linux-gnu/nios2-elf/lib/mno-hw-mul/libsmallc.a(lib_a-writer.o)
 .debug_loc     0x0000000000001371       0x93 /home/mohil/altera_lite/16.0/nios2eds/bin/gnu/H-x86_64-pc-linux-gnu/bin/../lib/gcc/nios2-elf/5.2.0/mno-hw-mul/libgcc.a(lib2-mul.o)
 .debug_loc     0x0000000000001404      0x14a ../mysoft1_bsp//libhal_bsp.a(alt_iic.o)
 .debug_loc     0x000000000000154e      0x193 ../mysoft1_bsp//libhal_bsp.a(alt_iic_isr_register.o)
 .debug_loc     0x00000000000016e1       0x98 ../mysoft1_bsp//libhal_bsp.a(alt_irq_handler.o)
 .debug_loc     0x0000000000001779       0x37 ../mysoft1_bsp//libhal_bsp.a(alt_putstr.o)
 .debug_loc     0x00000000000017b0       0x21 ../mysoft1_bsp//libhal_bsp.a(alt_usleep.o)
 .debug_loc     0x00000000000017d1       0xcf ../mysoft1_bsp//libhal_bsp.a(alt_write.o)
 .debug_loc     0x00000000000018a0       0x21 ../mysoft1_bsp//libhal_bsp.a(alt_sys_init.o)
 .debug_loc     0x00000000000018c1       0x8b ../mysoft1_bsp//libhal_bsp.a(altera_avalon_jtag_uart_write.o)
 .debug_loc     0x000000000000194c       0x67 ../mysoft1_bsp//libhal_bsp.a(alt_busy_sleep.o)
 .debug_loc     0x00000000000019b3       0x65 ../mysoft1_bsp//libhal_bsp.a(alt_instruction_exception_entry.o)

.debug_macinfo
 *(.debug_macinfo)

.debug_weaknames
 *(.debug_weaknames)

.debug_funcnames
 *(.debug_funcnames)

.debug_typenames
 *(.debug_typenames)

.debug_varnames
 *(.debug_varnames)

.debug_alt_sim_info
                0x0000000000000000       0x40
 *(.debug_alt_sim_info)
 .debug_alt_sim_info
                0x0000000000000000       0x10 ../mysoft1_bsp//obj/HAL/src/crt0.o
 .debug_alt_sim_info
                0x0000000000000010       0x30 ../mysoft1_bsp//libhal_bsp.a(alt_busy_sleep.o)
                0x0000000000010000                __alt_data_end = 0x10000
                0x0000000000010000                PROVIDE (__alt_stack_pointer, __alt_data_end)
                [!provide]                        PROVIDE (__alt_stack_limit, __alt_stack_base)
                [!provide]                        PROVIDE (__alt_heap_start, end)
                [!provide]                        PROVIDE (__alt_heap_limit, 0x10000)
OUTPUT(mysoft1.elf elf32-littlenios2)

.debug_ranges   0x0000000000000000      0x2d8
 .debug_ranges  0x0000000000000000       0x20 ../mysoft1_bsp//obj/HAL/src/crt0.o
 .debug_ranges  0x0000000000000020       0x18 obj/default/hello_world_small.o
 .debug_ranges  0x0000000000000038       0x60 /home/mohil/altera_lite/16.0/nios2eds/bin/gnu/H-x86_64-pc-linux-gnu/bin/../lib/gcc/nios2-elf/5.2.0/mno-hw-mul/libgcc.a(lib2-divmod.o)
 .debug_ranges  0x0000000000000098       0x18 /home/mohil/altera_lite/16.0/nios2eds/bin/gnu/H-x86_64-pc-linux-gnu/bin/../lib/gcc/nios2-elf/5.2.0/mno-hw-mul/libgcc.a(floatunsidf.o)
 .debug_ranges  0x00000000000000b0       0x18 /home/mohil/altera_lite/16.0/nios2eds/bin/gnu/H-x86_64-pc-linux-gnu/bin/../lib/gcc/nios2-elf/5.2.0/mno-hw-mul/libgcc.a(_clzsi2.o)
 .debug_ranges  0x00000000000000c8       0x18 /home/mohil/altera_lite/16.0/nios2eds/bin/gnu/H-x86_64-pc-linux-gnu/bin/../lib/gcc/nios2-elf/5.2.0/../../../../../H-x86_64-pc-linux-gnu/nios2-elf/lib/mno-hw-mul/libsmallc.a(lib_a-printf.o)
 .debug_ranges  0x00000000000000e0       0xc8 /home/mohil/altera_lite/16.0/nios2eds/bin/gnu/H-x86_64-pc-linux-gnu/bin/../lib/gcc/nios2-elf/5.2.0/../../../../../H-x86_64-pc-linux-gnu/nios2-elf/lib/mno-hw-mul/libsmallc.a(lib_a-vfprintf.o)
 .debug_ranges  0x00000000000001a8       0x28 /home/mohil/altera_lite/16.0/nios2eds/bin/gnu/H-x86_64-pc-linux-gnu/bin/../lib/gcc/nios2-elf/5.2.0/../../../../../H-x86_64-pc-linux-gnu/nios2-elf/lib/mno-hw-mul/libsmallc.a(lib_a-fvwrite_small_dev.o)
 .debug_ranges  0x00000000000001d0       0x10 /home/mohil/altera_lite/16.0/nios2eds/bin/gnu/H-x86_64-pc-linux-gnu/bin/../lib/gcc/nios2-elf/5.2.0/../../../../../H-x86_64-pc-linux-gnu/nios2-elf/lib/mno-hw-mul/libsmallc.a(lib_a-strlen.o)
 .debug_ranges  0x00000000000001e0       0x10 /home/mohil/altera_lite/16.0/nios2eds/bin/gnu/H-x86_64-pc-linux-gnu/bin/../lib/gcc/nios2-elf/5.2.0/../../../../../H-x86_64-pc-linux-gnu/nios2-elf/lib/mno-hw-mul/libsmallc.a(lib_a-writer.o)
 .debug_ranges  0x00000000000001f0       0x28 ../mysoft1_bsp//libhal_bsp.a(alt_irq_entry.o)
 .debug_ranges  0x0000000000000218       0x10 ../mysoft1_bsp//libhal_bsp.a(alt_irq_handler.o)
 .debug_ranges  0x0000000000000228       0x48 ../mysoft1_bsp//libhal_bsp.a(alt_load.o)
 .debug_ranges  0x0000000000000270       0x20 ../mysoft1_bsp//libhal_bsp.a(alt_write.o)
 .debug_ranges  0x0000000000000290       0x30 ../mysoft1_bsp//libhal_bsp.a(alt_exception_entry.o)
 .debug_ranges  0x00000000000002c0       0x18 ../mysoft1_bsp//libhal_bsp.a(alt_instruction_exception_entry.o)
