Flow report for LVDS_echo_FPGA1_4bit
Sat Jun 23 02:36:27 2018
Quartus Prime Version 16.0.0 Build 211 04/27/2016 SJ Lite Edition


---------------------
; Table of Contents ;
---------------------
  1. Legal Notice
  2. Flow Summary
  3. Flow Settings
  4. Flow Non-Default Global Settings
  5. Flow Elapsed Time
  6. Flow OS Summary
  7. Flow Log
  8. Flow Messages
  9. Flow Suppressed Messages



----------------
; Legal Notice ;
----------------
Copyright (C) 1991-2016 Altera Corporation. All rights reserved.
Your use of Altera Corporation's design tools, logic functions 
and other software and tools, and its AMPP partner logic 
functions, and any output files from any of the foregoing 
(including device programming or simulation files), and any 
associated documentation or information are expressly subject 
to the terms and conditions of the Altera Program License 
Subscription Agreement, the Altera Quartus Prime License Agreement,
the Altera MegaCore Function License Agreement, or other 
applicable license agreement, including, without limitation, 
that your use is for the sole purpose of programming logic 
devices manufactured by Altera and sold by Altera or its 
authorized distributors.  Please refer to the applicable 
agreement for further details.



+----------------------------------------------------------------------------------+
; Flow Summary                                                                     ;
+------------------------------------+---------------------------------------------+
; Flow Status                        ; Successful - Sat Jun 23 02:36:27 2018       ;
; Quartus Prime Version              ; 16.0.0 Build 211 04/27/2016 SJ Lite Edition ;
; Revision Name                      ; LVDS_echo_FPGA1_4bit                        ;
; Top-level Entity Name              ; LVDS_echo_FPGA12_qsys                       ;
; Family                             ; Cyclone IV E                                ;
; Device                             ; EP4CE22F17C6                                ;
; Timing Models                      ; Final                                       ;
; Total logic elements               ; 14,387 / 22,320 ( 64 % )                    ;
;     Total combinational functions  ; 11,589 / 22,320 ( 52 % )                    ;
;     Dedicated logic registers      ; 9,858 / 22,320 ( 44 % )                     ;
; Total registers                    ; 9870                                        ;
; Total pins                         ; 36 / 154 ( 23 % )                           ;
; Total virtual pins                 ; 0                                           ;
; Total memory bits                  ; 277,440 / 608,256 ( 46 % )                  ;
; Embedded Multiplier 9-bit elements ; 0 / 132 ( 0 % )                             ;
; Total PLLs                         ; 4 / 4 ( 100 % )                             ;
+------------------------------------+---------------------------------------------+


+------------------------------------------+
; Flow Settings                            ;
+-------------------+----------------------+
; Option            ; Setting              ;
+-------------------+----------------------+
; Start date & time ; 06/23/2018 02:32:26  ;
; Main task         ; Compilation          ;
; Revision Name     ; LVDS_echo_FPGA1_4bit ;
+-------------------+----------------------+


+---------------------------------------------------------------------------------------------------------------------------------------------+
; Flow Non-Default Global Settings                                                                                                            ;
+-------------------------------------+---------------------------------------+----------------------+-----------------------+----------------+
; Assignment Name                     ; Value                                 ; Default Value        ; Entity Name           ; Section Id     ;
+-------------------------------------+---------------------------------------+----------------------+-----------------------+----------------+
; COMPILER_SIGNATURE_ID               ; 0.152972114631342                     ; --                   ; --                    ; --             ;
; EDA_OUTPUT_DATA_FORMAT              ; Verilog Hdl                           ; --                   ; --                    ; eda_simulation ;
; EDA_SIMULATION_TOOL                 ; ModelSim-Altera (Verilog)             ; <None>               ; --                    ; --             ;
; EDA_TIME_SCALE                      ; 1 ps                                  ; --                   ; --                    ; eda_simulation ;
; MAX_CORE_JUNCTION_TEMP              ; 85                                    ; --                   ; --                    ; --             ;
; MIN_CORE_JUNCTION_TEMP              ; 0                                     ; --                   ; --                    ; --             ;
; OUTPUT_IO_TIMING_FAR_END_VMEAS      ; Half Signal Swing                     ; --                   ; --                    ; --             ;
; OUTPUT_IO_TIMING_FAR_END_VMEAS      ; Half Signal Swing                     ; --                   ; --                    ; --             ;
; OUTPUT_IO_TIMING_NEAR_END_VMEAS     ; Half Vccio                            ; --                   ; --                    ; --             ;
; OUTPUT_IO_TIMING_NEAR_END_VMEAS     ; Half Vccio                            ; --                   ; --                    ; --             ;
; PARTITION_COLOR                     ; 16764057                              ; --                   ; LVDS_echo_FPGA12_qsys ; Top            ;
; PARTITION_FITTER_PRESERVATION_LEVEL ; PLACEMENT_AND_ROUTING                 ; --                   ; LVDS_echo_FPGA12_qsys ; Top            ;
; PARTITION_NETLIST_TYPE              ; SOURCE                                ; --                   ; LVDS_echo_FPGA12_qsys ; Top            ;
; POWER_BOARD_THERMAL_MODEL           ; None (CONSERVATIVE)                   ; --                   ; --                    ; --             ;
; POWER_PRESET_COOLING_SOLUTION       ; 23 MM HEAT SINK WITH 200 LFPM AIRFLOW ; --                   ; --                    ; --             ;
; PROJECT_OUTPUT_DIRECTORY            ; output_files                          ; --                   ; --                    ; --             ;
; TOP_LEVEL_ENTITY                    ; LVDS_echo_FPGA12_qsys                 ; LVDS_echo_FPGA1_4bit ; --                    ; --             ;
+-------------------------------------+---------------------------------------+----------------------+-----------------------+----------------+


+-------------------------------------------------------------------------------------------------------------------------------+
; Flow Elapsed Time                                                                                                             ;
+---------------------------+--------------+-------------------------+---------------------+------------------------------------+
; Module Name               ; Elapsed Time ; Average Processors Used ; Peak Virtual Memory ; Total CPU Time (on all processors) ;
+---------------------------+--------------+-------------------------+---------------------+------------------------------------+
; Analysis & Synthesis      ; 00:01:44     ; 1.0                     ; 1564 MB             ; 00:02:20                           ;
; Fitter                    ; 00:01:28     ; 1.0                     ; 1575 MB             ; 00:01:29                           ;
; Assembler                 ; 00:00:04     ; 1.0                     ; 1114 MB             ; 00:00:03                           ;
; TimeQuest Timing Analyzer ; 00:00:08     ; 1.0                     ; 1234 MB             ; 00:00:09                           ;
; EDA Netlist Writer        ; 00:00:22     ; 1.0                     ; 1458 MB             ; 00:00:21                           ;
; Total                     ; 00:03:46     ; --                      ; --                  ; 00:04:22                           ;
+---------------------------+--------------+-------------------------+---------------------+------------------------------------+


+-------------------------------------------------------------------------------------------------------+
; Flow OS Summary                                                                                       ;
+---------------------------+----------------------------+----------------+------------+----------------+
; Module Name               ; Machine Hostname           ; OS Name        ; OS Version ; Processor type ;
+---------------------------+----------------------------+----------------+------------+----------------+
; Analysis & Synthesis      ; mohil-HP-Pavilion-Notebook ; Ubuntu 16.04.4 ; 16         ; x86_64         ;
; Fitter                    ; mohil-HP-Pavilion-Notebook ; Ubuntu 16.04.4 ; 16         ; x86_64         ;
; Assembler                 ; mohil-HP-Pavilion-Notebook ; Ubuntu 16.04.4 ; 16         ; x86_64         ;
; TimeQuest Timing Analyzer ; mohil-HP-Pavilion-Notebook ; Ubuntu 16.04.4 ; 16         ; x86_64         ;
; EDA Netlist Writer        ; mohil-HP-Pavilion-Notebook ; Ubuntu 16.04.4 ; 16         ; x86_64         ;
+---------------------------+----------------------------+----------------+------------+----------------+


------------
; Flow Log ;
------------
quartus_map --read_settings_files=on --write_settings_files=off LVDS_echo_FPGA1_4bit -c LVDS_echo_FPGA1_4bit
quartus_fit --read_settings_files=off --write_settings_files=off LVDS_echo_FPGA1_4bit -c LVDS_echo_FPGA1_4bit
quartus_asm --read_settings_files=off --write_settings_files=off LVDS_echo_FPGA1_4bit -c LVDS_echo_FPGA1_4bit
quartus_sta LVDS_echo_FPGA1_4bit -c LVDS_echo_FPGA1_4bit
quartus_eda --read_settings_files=off --write_settings_files=off LVDS_echo_FPGA1_4bit -c LVDS_echo_FPGA1_4bit



